2026/05/12 11:24:49 にビルドを開始しました。
     1>ノード 1 上のプロジェクト "C:\Users\macar\BombCourier\Assembly-CSharp.csproj" (Restore ターゲット)。
     1>_GetAllRestoreProjectPathItems:
         復元対象のプロジェクトを決定しています...
       Restore:
         X.509 証明書チェーンの検証では、コード署名のために .NET によって選択された既定の信頼ストアが使用されます。
         X.509 証明書チェーンの検証では、タイムスタンプに .NET によって選択された既定の信頼ストアが使用されます。
         アセット ファイルは変更されていません。アセット ファイルの書き込みを省略します。パス: C:\Users\macar\BombCourier\Temp\obj\Assembly-CSharp\project.assets.json
         アセット ファイルは変更されていません。アセット ファイルの書き込みを省略します。パス: C:\Users\macar\BombCourier\Temp\obj\Sirenix.OdinInspector.Modules.UnityMathematics\project.assets.json
         C:\Users\macar\BombCourier\Sirenix.OdinInspector.Modules.UnityMathematics.csproj を復元しました (61 ミリ秒)。
         C:\Users\macar\BombCourier\Assembly-CSharp.csproj を復元しました (61 ミリ秒)。
         
         使用されている NuGet Config ファイル:
             C:\Users\macar\AppData\Roaming\NuGet\NuGet.Config
             C:\Program Files (x86)\NuGet\Config\Microsoft.VisualStudio.FallbackLocation.config
             C:\Program Files (x86)\NuGet\Config\Microsoft.VisualStudio.Offline.config
         
         使用されているフィード:
             https://api.nuget.org/v3/index.json
             C:\Program Files (x86)\Microsoft SDKs\NuGetPackages\
         復元対象のすべてのプロジェクトは最新です。
     1>プロジェクト "C:\Users\macar\BombCourier\Assembly-CSharp.csproj" (Restore ターゲット) のビルドが完了しました。
   1:7>ノード 1 上のプロジェクト "C:\Users\macar\BombCourier\Assembly-CSharp.csproj" (Rebuild ターゲット)。
     1>CoreClean:
         ファイル "C:\Users\macar\BombCourier\Temp\bin\Debug\Assembly-CSharp.deps.json" を削除しています。
         ファイル "C:\Users\macar\BombCourier\Temp\bin\Debug\Assembly-CSharp.dll" を削除しています。
         ファイル "C:\Users\macar\BombCourier\Temp\bin\Debug\Assembly-CSharp.pdb" を削除しています。
         ファイル "C:\Users\macar\BombCourier\Temp\obj\Assembly-CSharp\Assembly-CSharp.csproj.AssemblyReference.cache" を削除しています。
         ファイル "C:\Users\macar\BombCourier\Temp\obj\Assembly-CSharp\Assembly-CSharp.GeneratedMSBuildEditorConfig.editorconfig" を削除しています。
         ファイル "C:\Users\macar\BombCourier\Temp\obj\Assembly-CSharp\Assembly-CSharp.csproj.CoreCompileInputs.cache" を削除しています。
         ファイル "C:\Users\macar\BombCourier\Temp\obj\Assembly-CSharp\Assembly-CSharp.sourcelink.json" を削除しています。
         ファイル "C:\Users\macar\BombCourier\Temp\obj\Assembly-CSharp\Assembly-CSharp.dll" を削除しています。
         ファイル "C:\Users\macar\BombCourier\Temp\obj\Assembly-CSharp\Assembly-CSharp.pdb" を削除しています。
   1:7>プロジェクト "C:\Users\macar\BombCourier\Assembly-CSharp.csproj" (1:7) は、ノード 1 上に "C:\Users\macar\BombCourier\Sirenix.OdinInspector.Modules.UnityMathematics.csproj" (2:6) をビルドしています (Clean ターゲット)。
     2>CoreClean:
         ファイル "C:\Users\macar\BombCourier\Temp\bin\Debug\Sirenix.OdinInspector.Modules.UnityMathematics.deps.json" を削除しています。
         ファイル "C:\Users\macar\BombCourier\Temp\bin\Debug\Sirenix.OdinInspector.Modules.UnityMathematics.dll" を削除しています。
         ファイル "C:\Users\macar\BombCourier\Temp\bin\Debug\Sirenix.OdinInspector.Modules.UnityMathematics.pdb" を削除しています。
         ファイル "C:\Users\macar\BombCourier\Temp\obj\Sirenix.OdinInspector.Modules.UnityMathematics\Sirenix.OdinInspector.Modules.UnityMathematics.csproj.AssemblyReference.cache" を削除しています。
         ファイル "C:\Users\macar\BombCourier\Temp\obj\Sirenix.OdinInspector.Modules.UnityMathematics\Sirenix.OdinInspector.Modules.UnityMathematics.GeneratedMSBuildEditorConfig.editorconfig" を削除しています。
         ファイル "C:\Users\macar\BombCourier\Temp\obj\Sirenix.OdinInspector.Modules.UnityMathematics\Sirenix.OdinInspector.Modules.UnityMathematics.csproj.CoreCompileInputs.cache" を削除しています。
         ファイル "C:\Users\macar\BombCourier\Temp\obj\Sirenix.OdinInspector.Modules.UnityMathematics\Sirenix.OdinInspector.Modules.UnityMathematics.sourcelink.json" を削除しています。
         ファイル "C:\Users\macar\BombCourier\Temp\obj\Sirenix.OdinInspector.Modules.UnityMathematics\Sirenix.OdinInspector.Modules.UnityMathematics.dll" を削除しています。
         ファイル "C:\Users\macar\BombCourier\Temp\obj\Sirenix.OdinInspector.Modules.UnityMathematics\Sirenix.OdinInspector.Modules.UnityMathematics.pdb" を削除しています。
     2>プロジェクト "C:\Users\macar\BombCourier\Sirenix.OdinInspector.Modules.UnityMathematics.csproj" (Clean ターゲット) のビルドが完了しました。
   1:7>プロジェクト "C:\Users\macar\BombCourier\Assembly-CSharp.csproj" (1:7) は、ノード 1 上に "C:\Users\macar\BombCourier\Sirenix.OdinInspector.Modules.UnityMathematics.csproj" (2:7) をビルドしています (既定のターゲット)。
     2>GenerateTargetFrameworkMonikerAttribute:
       すべての出力ファイルが入力ファイルに対して最新なので、ターゲット "GenerateTargetFrameworkMonikerAttribute" を省略します。
       _GenerateSourceLinkFile:
         Source Link ファイル 'Temp\obj\Sirenix.OdinInspector.Modules.UnityMathematics\Sirenix.OdinInspector.Modules.UnityMathematics.sourcelink.json' を更新しています。
       CoreCompile:
         Setting DOTNET_ROOT to 'C:\Program Files\dotnet'
         C:\Program Files\dotnet\sdk\10.0.201\Roslyn\bincore\csc.exe /noconfig /unsafe+ /checked- /nowarn:0169,USG0001,1701,1702 /fullpaths /nostdlib+ /errorreport:prompt /define:UNITY_6000_4_6;UNITY_6000_4;UNITY_6000;UNITY_5_3_OR_NEWER;UNITY_5_4_OR_NEWER;UNITY_5_5_OR_NEWER;UNITY_5_6_OR_NEWER;UNITY_2017_1_OR_NEWER;UNITY_2017_2_OR_NEWER;UNITY_2017_3_OR_NEWER;UNITY_2017_4_OR_NEWER;UNITY_2018_1_OR_NEWER;UNITY_2018_2_OR_NEWER;UNITY_2018_3_OR_NEWER;UNITY_2018_4_OR_NEWER;UNITY_2019_1_OR_NEWER;UNITY_2019_2_OR_NEWER;UNITY_2019_3_OR_NEWER;UNITY_2019_4_OR_NEWER;UNITY_2020_1_OR_NEWER;UNITY_2020_2_OR_NEWER;UNITY_2020_3_OR_NEWER;UNITY_2021_1_OR_NEWER;UNITY_2021_2_OR_NEWER;UNITY_2021_3_OR_NEWER;UNITY_2022_1_OR_NEWER;UNITY_2022_2_OR_NEWER;UNITY_2022_3_OR_NEWER;UNITY_2023_1_OR_NEWER;UNITY_2023_2_OR_NEWER;UNITY_2023_3_OR_NEWER;UNITY_6000_0_OR_NEWER;UNITY_6000_1_OR_NEWER;UNITY_6000_2_OR_NEWER;UNITY_6000_3_OR_NEWER;UNITY_6000_4_OR_NEWER;PLATFORM_ARCH_64;UNITY_64;UNITY_INCLUDE_TESTS;ENABLE_AR;ENABLE_AUDIO;ENABLE_AUDIO_SCRIPTABLE_PIPELINE;ENABLE_CACHING;ENABLE_CLOTH;ENABLE_EVENT_QUEUE;ENABLE_MICROPHONE;ENABLE_MULTIPLE_DISPLAYS;ENABLE_PHYSICS;ENABLE_TEXTURE_STREAMING;ENABLE_VIRTUALTEXTURING;ENABLE_LZMA;ENABLE_UNITYEVENTS;ENABLE_VR;ENABLE_WEBCAM;ENABLE_UNITYWEBREQUEST;ENABLE_WWW;ENABLE_CLOUD_SERVICES;ENABLE_CLOUD_SERVICES_ADS;ENABLE_CLOUD_SERVICES_USE_WEBREQUEST;ENABLE_UNITY_CONSENT;ENABLE_UNITY_CLOUD_IDENTIFIERS;ENABLE_CLOUD_SERVICES_CRASH_REPORTING;ENABLE_CLOUD_SERVICES_NATIVE_CRASH_REPORTING;ENABLE_CLOUD_SERVICES_PURCHASING;ENABLE_CLOUD_SERVICES_ANALYTICS;ENABLE_CLOUD_SERVICES_BUILD;ENABLE_EDITOR_GAME_SERVICES;ENABLE_UNITY_GAME_SERVICES_ANALYTICS_SUPPORT;ENABLE_CLOUD_LICENSE;ENABLE_EDITOR_HUB_LICENSE;ENABLE_WEBSOCKET_CLIENT;ENABLE_GENERATE_NATIVE_PLUGINS_FOR_ASSEMBLIES_API;ENABLE_DIRECTOR_AUDIO;ENABLE_DIRECTOR_TEXTURE;ENABLE_MANAGED_JOBS;ENABLE_MANAGED_TRANSFORM_JOBS;ENABLE_MANAGED_ANIMATION_JOBS;ENABLE_MANAGED_AUDIO_JOBS;ENABLE_MANAGED_UNITYTLS;INCLUDE_DYNAMIC_GI;ENABLE_SCRIPTING_GC_WBARRIERS;PLATFORM_SUPPORTS_MONO;RENDER_SOFTWARE_CURSOR;ENABLE_MARSHALLING_TESTS;ENABLE_VIDEO;ENABLE_NAVIGATION_OFFMESHLINK_TO_NAVMESHLINK;ENABLE_ACCELERATOR_CLIENT_DEBUGGING;ENABLE_ACCESSIBILITY_SCREEN_READER;TEXTCORE_1_0_OR_NEWER;EDITOR_ONLY_NAVMESH_BUILDER_DEPRECATED;PLATFORM_STANDALONE_WIN;PLATFORM_STANDALONE;UNITY_STANDALONE_WIN;UNITY_STANDALONE;ENABLE_RUNTIME_GI;ENABLE_MOVIES;ENABLE_NETWORK;ENABLE_NVIDIA;ENABLE_AMD;ENABLE_CRUNCH_TEXTURE_COMPRESSION;ENABLE_CLOUD_SERVICES_ENGINE_DIAGNOSTICS;ENABLE_OUT_OF_PROCESS_CRASH_HANDLER;ENABLE_CLUSTER_SYNC;ENABLE_CLUSTERINPUT;PLATFORM_UPDATES_TIME_OUTSIDE_OF_PLAYER_LOOP;GFXDEVICE_WAITFOREVENT_MESSAGEPUMP;PLATFORM_USES_EXPLICIT_MEMORY_MANAGER_INITIALIZER;PLATFORM_SUPPORTS_WAIT_FOR_PRESENTATION;PLATFORM_SUPPORTS_SPLIT_GRAPHICS_JOBS;ENABLE_MONO;NET_4_6;NET_UNITY_4_8;ENABLE_PROFILER;ENABLE_PROFILER_ASSISTANT_INTEGRATION;DEBUG;TRACE;UNITY_ASSERTIONS;UNITY_EDITOR;UNITY_EDITOR_64;UNITY_EDITOR_WIN;ENABLE_UNITY_COLLECTIONS_CHECKS;ENABLE_BURST_AOT;UNITY_TEAM_LICENSE;ENABLE_CUSTOM_RENDER_TEXTURE;ENABLE_DIRECTOR;ENABLE_LOCALIZATION;ENABLE_SPRITES;ENABLE_TERRAIN;ENABLE_TILEMAP;ENABLE_TIMELINE;ENABLE_INPUT_SYSTEM;TEXTCORE_FONT_ENGINE_1_5_OR_NEWER;TEXTCORE_TEXT_ENGINE_1_5_OR_NEWER;TEXTCORE_FONT_ENGINE_1_6_OR_NEWER;ODIN_INSPECTOR;ODIN_INSPECTOR_3;ODIN_INSPECTOR_3_1;ODIN_INSPECTOR_3_2;ODIN_INSPECTOR_3_3;CSHARP_7_OR_LATER;CSHARP_7_3_OR_NEWER;UNITY_EDITOR_ONLY_COMPILATION;DEBUG;NETSTANDARD;NETSTANDARD2_1;NETSTANDARD1_0_OR_GREATER;NETSTANDARD1_1_OR_GREATER;NETSTANDARD1_2_OR_GREATER;NETSTANDARD1_3_OR_GREATER;NETSTANDARD1_4_OR_GREATER;NETSTANDARD1_5_OR_GREATER;NETSTANDARD1_6_OR_GREATER;NETSTANDARD2_0_OR_GREATER;NETSTANDARD2_1_OR_GREATER /highentropyva+ /reference:"C:\Users\macar\BombCourier\Library\PackageCache\com.unity.collab-proxy@0b1559bcd34e\Lib\Editor\log4netPlastic.dll" /reference:"C:\Program Files\Unity\Hub\Editor\6000.4.6f1\Editor\Data\UnityReferenceAssemblies\unity-4.8-api\Microsoft.CSharp.dll" /reference:"C:\Program Files\Unity\Hub\Editor\6000.4.6f1\Editor\Data\UnityReferenceAssemblies\unity-4.8-api\Facades\Microsoft.Win32.Primitives.dll" /reference:"C:\Users\macar\BombCourier\Library\PackageCache\com.unity.nuget.mono-cecil@ecb9724e46ff\Mono.Cecil.dll" /reference:"C:\Program Files\Unity\Hub\Editor\6000.4.6f1\Editor\Data\UnityReferenceAssemblies\unity-4.8-api\mscorlib.dll" /reference:"C:\Program Files\Unity\Hub\Editor\6000.4.6f1\Editor\Data\UnityReferenceAssemblies\unity-4.8-api\Facades\netstandard.dll" /reference:"C:\Users\macar\BombCourier\Library\PackageCache\com.unity.ext.nunit@d8c07649098d\net40\unity-custom\nunit.framework.dll" /reference:"C:\Users\macar\BombCourier\Library\PackageCache\com.unity.collab-proxy@0b1559bcd34e\Lib\Editor\TextMateSharp\Onigwrap\OnigwrapPlastic.dll" /reference:C:\Users\macar\BombCourier\Assets\Plugins\Sirenix\Assemblies\Sirenix.OdinInspector.Attributes.dll /reference:C:\Users\macar\BombCourier\Assets\Plugins\Sirenix\Assemblies\Sirenix.OdinInspector.Editor.dll /reference:C:\Users\macar\BombCourier\Assets\Plugins\Sirenix\Assemblies\Sirenix.Reflection.Editor.dll /reference:C:\Users\macar\BombCourier\Assets\Plugins\Sirenix\Assemblies\Sirenix.Serialization.Config.dll /reference:C:\Users\macar\BombCourier\Assets\Plugins\Sirenix\Assemblies\Sirenix.Serialization.dll /reference:C:\Users\macar\BombCourier\Assets\Plugins\Sirenix\Assemblies\Sirenix.Utilities.dll /reference:C:\Users\macar\BombCourier\Assets\Plugins\Sirenix\Assemblies\Sirenix.Utilities.Editor.dll /reference:"C:\Program Files\Unity\Hub\Editor\6000.4.6f1\Editor\Data\UnityReferenceAssemblies\unity-4.8-api\Facades\System.AppContext.dll" /reference:"C:\Program Files\Unity\Hub\Editor\6000.4.6f1\Editor\Data\UnityReferenceAssemblies\unity-4.8-api\Facades\System.Buffers.dll" /reference:"C:\Program Files\Unity\Hub\Editor\6000.4.6f1\Editor\Data\UnityReferenceAssemblies\unity-4.8-api\Facades\System.Collections.Concurrent.dll" /reference:"C:\Program Files\Unity\Hub\Editor\6000.4.6f1\Editor\Data\UnityReferenceAssemblies\unity-4.8-api\Facades\System.Collections.dll" /reference:"C:\Program Files\Unity\Hub\Editor\6000.4.6f1\Editor\Data\UnityReferenceAssemblies\unity-4.8-api\Facades\System.Collections.NonGeneric.dll" /reference:"C:\Program Files\Unity\Hub\Editor\6000.4.6f1\Editor\Data\UnityReferenceAssemblies\unity-4.8-api\Facades\System.Collections.Specialized.dll" /reference:"C:\Program Files\Unity\Hub\Editor\6000.4.6f1\Editor\Data\UnityReferenceAssemblies\unity-4.8-api\Facades\System.ComponentModel.Annotations.dll" /reference:"C:\Program Files\Unity\Hub\Editor\6000.4.6f1\Editor\Data\UnityReferenceAssemblies\unity-4.8-api\System.ComponentModel.Composition.dll" /reference:"C:\Program Files\Unity\Hub\Editor\6000.4.6f1\Editor\Data\UnityReferenceAssemblies\unity-4.8-api\Facades\System.ComponentModel.dll" /reference:"C:\Program Files\Unity\Hub\Editor\6000.4.6f1\Editor\Data\UnityReferenceAssemblies\unity-4.8-api\Facades\System.ComponentModel.EventBasedAsync.dll" /reference:"C:\Program Files\Unity\Hub\Editor\6000.4.6f1\Editor\Data\UnityReferenceAssemblies\unity-4.8-api\Facades\System.ComponentModel.Primitives.dll" /reference:"C:\Program Files\Unity\Hub\Editor\6000.4.6f1\Editor\Data\UnityReferenceAssemblies\unity-4.8-api\Facades\System.ComponentModel.TypeConverter.dll" /reference:"C:\Program Files\Unity\Hub\Editor\6000.4.6f1\Editor\Data\UnityReferenceAssemblies\unity-4.8-api\Facades\System.Console.dll" /reference:"C:\Program Files\Unity\Hub\Editor\6000.4.6f1\Editor\Data\UnityReferenceAssemblies\unity-4.8-api\System.Core.dll" /reference:"C:\Program Files\Unity\Hub\Editor\6000.4.6f1\Editor\Data\UnityReferenceAssemblies\unity-4.8-api\Facades\System.Data.Common.dll" /reference:"C:\Program Files\Unity\Hub\Editor\6000.4.6f1\Editor\Data\UnityReferenceAssemblies\unity-4.8-api\System.Data.DataSetExtensions.dll" /reference:"C:\Program Files\Unity\Hub\Editor\6000.4.6f1\Editor\Data\UnityReferenceAssemblies\unity-4.8-api\System.Data.dll" /reference:"C:\Program Files\Unity\Hub\Editor\6000.4.6f1\Editor\Data\UnityReferenceAssemblies\unity-4.8-api\Facades\System.Diagnostics.Contracts.dll" /reference:"C:\Program Files\Unity\Hub\Editor\6000.4.6f1\Editor\Data\UnityReferenceAssemblies\unity-4.8-api\Facades\System.Diagnostics.Debug.dll" /reference:"C:\Program Files\Unity\Hub\Editor\6000.4.6f1\Editor\Data\UnityReferenceAssemblies\unity-4.8-api\Facades\System.Diagnostics.FileVersionInfo.dll" /reference:"C:\Program Files\Unity\Hub\Editor\6000.4.6f1\Editor\Data\UnityReferenceAssemblies\unity-4.8-api\Facades\System.Diagnostics.Process.dll" /reference:"C:\Program Files\Unity\Hub\Editor\6000.4.6f1\Editor\Data\UnityReferenceAssemblies\unity-4.8-api\Facades\System.Diagnostics.StackTrace.dll" /reference:"C:\Program Files\Unity\Hub\Editor\6000.4.6f1\Editor\Data\UnityReferenceAssemblies\unity-4.8-api\Facades\System.Diagnostics.TextWriterTraceListener.dll" /reference:"C:\Program Files\Unity\Hub\Editor\6000.4.6f1\Editor\Data\UnityReferenceAssemblies\unity-4.8-api\Facades\System.Diagnostics.Tools.dll" /reference:"C:\Program Files\Unity\Hub\Editor\6000.4.6f1\Editor\Data\UnityReferenceAssemblies\unity-4.8-api\Facades\System.Diagnostics.TraceSource.dll" /reference:"C:\Program Files\Unity\Hub\Editor\6000.4.6f1\Editor\Data\UnityReferenceAssemblies\unity-4.8-api\System.dll" /reference:"C:\Program Files\Unity\Hub\Editor\6000.4.6f1\Editor\Data\UnityReferenceAssemblies\unity-4.8-api\System.Drawing.dll" /reference:"C:\Program Files\Unity\Hub\Editor\6000.4.6f1\Editor\Data\UnityReferenceAssemblies\unity-4.8-api\Facades\System.Drawing.Primitives.dll" /reference:"C:\Program Files\Unity\Hub\Editor\6000.4.6f1\Editor\Data\UnityReferenceAssemblies\unity-4.8-api\Facades\System.Dynamic.Runtime.dll" /reference:"C:\Program Files\Unity\Hub\Editor\6000.4.6f1\Editor\Data\UnityReferenceAssemblies\unity-4.8-api\Facades\System.Globalization.Calendars.dll" /reference:"C:\Program Files\Unity\Hub\Editor\6000.4.6f1\Editor\Data\UnityReferenceAssemblies\unity-4.8-api\Facades\System.Globalization.dll" /reference:"C:\Program Files\Unity\Hub\Editor\6000.4.6f1\Editor\Data\UnityReferenceAssemblies\unity-4.8-api\Facades\System.Globalization.Extensions.dll" /reference:"C:\Program Files\Unity\Hub\Editor\6000.4.6f1\Editor\Data\UnityReferenceAssemblies\unity-4.8-api\System.IO.Compression.dll" /reference:"C:\Program Files\Unity\Hub\Editor\6000.4.6f1\Editor\Data\UnityReferenceAssemblies\unity-4.8-api\System.IO.Compression.FileSystem.dll" /reference:"C:\Program Files\Unity\Hub\Editor\6000.4.6f1\Editor\Data\UnityReferenceAssemblies\unity-4.8-api\Facades\System.IO.Compression.ZipFile.dll" /reference:"C:\Program Files\Unity\Hub\Editor\6000.4.6f1\Editor\Data\UnityReferenceAssemblies\unity-4.8-api\Facades\System.IO.dll" /reference:"C:\Program Files\Unity\Hub\Editor\6000.4.6f1\Editor\Data\UnityReferenceAssemblies\unity-4.8-api\Facades\System.IO.FileSystem.dll" /reference:"C:\Program Files\Unity\Hub\Editor\6000.4.6f1\Editor\Data\UnityReferenceAssemblies\unity-4.8-api\Facades\System.IO.FileSystem.DriveInfo.dll" /reference:"C:\Program Files\Unity\Hub\Editor\6000.4.6f1\Editor\Data\UnityReferenceAssemblies\unity-4.8-api\Facades\System.IO.FileSystem.Primitives.dll" /reference:"C:\Program Files\Unity\Hub\Editor\6000.4.6f1\Editor\Data\UnityReferenceAssemblies\unity-4.8-api\Facades\System.IO.FileSystem.Watcher.dll" /reference:"C:\Users\macar\BombCourier\Library\PackageCache\com.unity.collections@65f499a3cc26\Unity.Collections.Tests\System.IO.Hashing\System.IO.Hashing.dll" /reference:"C:\Program Files\Unity\Hub\Editor\6000.4.6f1\Editor\Data\UnityReferenceAssemblies\unity-4.8-api\Facades\System.IO.IsolatedStorage.dll" /reference:"C:\Program Files\Unity\Hub\Editor\6000.4.6f1\Editor\Data\UnityReferenceAssemblies\unity-4.8-api\Facades\System.IO.MemoryMappedFiles.dll" /reference:"C:\Program Files\Unity\Hub\Editor\6000.4.6f1\Editor\Data\UnityReferenceAssemblies\unity-4.8-api\Facades\System.IO.Pipes.dll" /reference:"C:\Program Files\Unity\Hub\Editor\6000.4.6f1\Editor\Data\UnityReferenceAssemblies\unity-4.8-api\Facades\System.IO.UnmanagedMemoryStream.dll" /reference:"C:\Program Files\Unity\Hub\Editor\6000.4.6f1\Editor\Data\UnityReferenceAssemblies\unity-4.8-api\Facades\System.Linq.dll" /reference:"C:\Program Files\Unity\Hub\Editor\6000.4.6f1\Editor\Data\UnityReferenceAssemblies\unity-4.8-api\Facades\System.Linq.Expressions.dll" /reference:"C:\Program Files\Unity\Hub\Editor\6000.4.6f1\Editor\Data\UnityReferenceAssemblies\unity-4.8-api\Facades\System.Linq.Parallel.dll" /reference:"C:\Program Files\Unity\Hub\Editor\6000.4.6f1\Editor\Data\UnityReferenceAssemblies\unity-4.8-api\Facades\System.Linq.Queryable.dll" /reference:"C:\Program Files\Unity\Hub\Editor\6000.4.6f1\Editor\Data\UnityReferenceAssemblies\unity-4.8-api\Facades\System.Memory.dll" /reference:"C:\Program Files\Unity\Hub\Editor\6000.4.6f1\Editor\Data\UnityReferenceAssemblies\unity-4.8-api\System.Net.Http.dll" /reference:"C:\Program Files\Unity\Hub\Editor\6000.4.6f1\Editor\Data\UnityReferenceAssemblies\unity-4.8-api\Facades\System.Net.Http.Rtc.dll" /reference:"C:\Program Files\Unity\Hub\Editor\6000.4.6f1\Editor\Data\UnityReferenceAssemblies\unity-4.8-api\Facades\System.Net.NameResolution.dll" /reference:"C:\Program Files\Unity\Hub\Editor\6000.4.6f1\Editor\Data\UnityReferenceAssemblies\unity-4.8-api\Facades\System.Net.NetworkInformation.dll" /reference:"C:\Program Files\Unity\Hub\Editor\6000.4.6f1\Editor\Data\UnityReferenceAssemblies\unity-4.8-api\Facades\System.Net.Ping.dll" /reference:"C:\Program Files\Unity\Hub\Editor\6000.4.6f1\Editor\Data\UnityReferenceAssemblies\unity-4.8-api\Facades\System.Net.Primitives.dll" /reference:"C:\Program Files\Unity\Hub\Editor\6000.4.6f1\Editor\Data\UnityReferenceAssemblies\unity-4.8-api\Facades\System.Net.Requests.dll" /reference:"C:\Program Files\Unity\Hub\Editor\6000.4.6f1\Editor\Data\UnityReferenceAssemblies\unity-4.8-api\Facades\System.Net.Security.dll" /reference:"C:\Program Files\Unity\Hub\Editor\6000.4.6f1\Editor\Data\UnityReferenceAssemblies\unity-4.8-api\Facades\System.Net.Sockets.dll" /reference:"C:\Program Files\Unity\Hub\Editor\6000.4.6f1\Editor\Data\UnityReferenceAssemblies\unity-4.8-api\Facades\System.Net.WebHeaderCollection.dll" /reference:"C:\Program Files\Unity\Hub\Editor\6000.4.6f1\Editor\Data\UnityReferenceAssemblies\unity-4.8-api\Facades\System.Net.WebSockets.Client.dll" /reference:"C:\Program Files\Unity\Hub\Editor\6000.4.6f1\Editor\Data\UnityReferenceAssemblies\unity-4.8-api\Facades\System.Net.WebSockets.dll" /reference:"C:\Program Files\Unity\Hub\Editor\6000.4.6f1\Editor\Data\UnityReferenceAssemblies\unity-4.8-api\System.Numerics.dll" /reference:"C:\Program Files\Unity\Hub\Editor\6000.4.6f1\Editor\Data\UnityReferenceAssemblies\unity-4.8-api\System.Numerics.Vectors.dll" /reference:"C:\Program Files\Unity\Hub\Editor\6000.4.6f1\Editor\Data\UnityReferenceAssemblies\unity-4.8-api\Facades\System.ObjectModel.dll" /reference:"C:\Program Files\Unity\Hub\Editor\6000.4.6f1\Editor\Data\UnityReferenceAssemblies\unity-4.8-api\Facades\System.Reflection.DispatchProxy.dll" /reference:"C:\Program Files\Unity\Hub\Editor\6000.4.6f1\Editor\Data\UnityReferenceAssemblies\unity-4.8-api\Facades\System.Reflection.dll" /reference:"C:\Program Files\Unity\Hub\Editor\6000.4.6f1\Editor\Data\UnityReferenceAssemblies\unity-4.8-api\Facades\System.Reflection.Emit.dll" /reference:"C:\Program Files\Unity\Hub\Editor\6000.4.6f1\Editor\Data\UnityReferenceAssemblies\unity-4.8-api\Facades\System.Reflection.Emit.ILGeneration.dll" /reference:"C:\Program Files\Unity\Hub\Editor\6000.4.6f1\Editor\Data\UnityReferenceAssemblies\unity-4.8-api\Facades\System.Reflection.Emit.Lightweight.dll" /reference:"C:\Program Files\Unity\Hub\Editor\6000.4.6f1\Editor\Data\UnityReferenceAssemblies\unity-4.8-api\Facades\System.Reflection.Extensions.dll" /reference:"C:\Program Files\Unity\Hub\Editor\6000.4.6f1\Editor\Data\UnityReferenceAssemblies\unity-4.8-api\Facades\System.Reflection.Primitives.dll" /reference:"C:\Program Files\Unity\Hub\Editor\6000.4.6f1\Editor\Data\UnityReferenceAssemblies\unity-4.8-api\Facades\System.Resources.Reader.dll" /reference:"C:\Program Files\Unity\Hub\Editor\6000.4.6f1\Editor\Data\UnityReferenceAssemblies\unity-4.8-api\Facades\System.Resources.ResourceManager.dll" /reference:"C:\Program Files\Unity\Hub\Editor\6000.4.6f1\Editor\Data\UnityReferenceAssemblies\unity-4.8-api\Facades\System.Resources.Writer.dll" /reference:"C:\Users\macar\BombCourier\Library\PackageCache\com.unity.collections@65f499a3cc26\Unity.Collections.Tests\System.Runtime.CompilerServices.Unsafe\System.Runtime.CompilerServices.Unsafe.dll" /reference:"C:\Program Files\Unity\Hub\Editor\6000.4.6f1\Editor\Data\UnityReferenceAssemblies\unity-4.8-api\Facades\System.Runtime.CompilerServices.VisualC.dll" /reference:"C:\Program Files\Unity\Hub\Editor\6000.4.6f1\Editor\Data\UnityReferenceAssemblies\unity-4.8-api\Facades\System.Runtime.dll" /reference:"C:\Program Files\Unity\Hub\Editor\6000.4.6f1\Editor\Data\UnityReferenceAssemblies\unity-4.8-api\Facades\System.Runtime.Extensions.dll" /reference:"C:\Program Files\Unity\Hub\Editor\6000.4.6f1\Editor\Data\UnityReferenceAssemblies\unity-4.8-api\Facades\System.Runtime.Handles.dll" /reference:"C:\Program Files\Unity\Hub\Editor\6000.4.6f1\Editor\Data\UnityReferenceAssemblies\unity-4.8-api\Facades\System.Runtime.InteropServices.dll" /reference:"C:\Program Files\Unity\Hub\Editor\6000.4.6f1\Editor\Data\UnityReferenceAssemblies\unity-4.8-api\Facades\System.Runtime.InteropServices.RuntimeInformation.dll" /reference:"C:\Program Files\Unity\Hub\Editor\6000.4.6f1\Editor\Data\UnityReferenceAssemblies\unity-4.8-api\Facades\System.Runtime.InteropServices.WindowsRuntime.dll" /reference:"C:\Program Files\Unity\Hub\Editor\6000.4.6f1\Editor\Data\UnityReferenceAssemblies\unity-4.8-api\Facades\System.Runtime.Numerics.dll" /reference:"C:\Program Files\Unity\Hub\Editor\6000.4.6f1\Editor\Data\UnityReferenceAssemblies\unity-4.8-api\System.Runtime.Serialization.dll" /reference:"C:\Program Files\Unity\Hub\Editor\6000.4.6f1\Editor\Data\UnityReferenceAssemblies\unity-4.8-api\Facades\System.Runtime.Serialization.Formatters.dll" /reference:"C:\Program Files\Unity\Hub\Editor\6000.4.6f1\Editor\Data\UnityReferenceAssemblies\unity-4.8-api\Facades\System.Runtime.Serialization.Json.dll" /reference:"C:\Program Files\Unity\Hub\Editor\6000.4.6f1\Editor\Data\UnityReferenceAssemblies\unity-4.8-api\Facades\System.Runtime.Serialization.Primitives.dll" /reference:"C:\Program Files\Unity\Hub\Editor\6000.4.6f1\Editor\Data\UnityReferenceAssemblies\unity-4.8-api\Facades\System.Runtime.Serialization.Xml.dll" /reference:"C:\Program Files\Unity\Hub\Editor\6000.4.6f1\Editor\Data\UnityReferenceAssemblies\unity-4.8-api\Facades\System.Security.Claims.dll" /reference:"C:\Program Files\Unity\Hub\Editor\6000.4.6f1\Editor\Data\UnityReferenceAssemblies\unity-4.8-api\Facades\System.Security.Cryptography.Algorithms.dll" /reference:"C:\Program Files\Unity\Hub\Editor\6000.4.6f1\Editor\Data\UnityReferenceAssemblies\unity-4.8-api\Facades\System.Security.Cryptography.Csp.dll" /reference:"C:\Program Files\Unity\Hub\Editor\6000.4.6f1\Editor\Data\UnityReferenceAssemblies\unity-4.8-api\Facades\System.Security.Cryptography.Encoding.dll" /reference:"C:\Program Files\Unity\Hub\Editor\6000.4.6f1\Editor\Data\UnityReferenceAssemblies\unity-4.8-api\Facades\System.Security.Cryptography.Primitives.dll" /reference:"C:\Program Files\Unity\Hub\Editor\6000.4.6f1\Editor\Data\UnityReferenceAssemblies\unity-4.8-api\Facades\System.Security.Cryptography.X509Certificates.dll" /reference:"C:\Program Files\Unity\Hub\Editor\6000.4.6f1\Editor\Data\UnityReferenceAssemblies\unity-4.8-api\Facades\System.Security.Principal.dll" /reference:"C:\Program Files\Unity\Hub\Editor\6000.4.6f1\Editor\Data\UnityReferenceAssemblies\unity-4.8-api\Facades\System.Security.SecureString.dll" /reference:"C:\Program Files\Unity\Hub\Editor\6000.4.6f1\Editor\Data\UnityReferenceAssemblies\unity-4.8-api\Facades\System.ServiceModel.Duplex.dll" /reference:"C:\Program Files\Unity\Hub\Editor\6000.4.6f1\Editor\Data\UnityReferenceAssemblies\unity-4.8-api\Facades\System.ServiceModel.Http.dll" /reference:"C:\Program Files\Unity\Hub\Editor\6000.4.6f1\Editor\Data\UnityReferenceAssemblies\unity-4.8-api\Facades\System.ServiceModel.NetTcp.dll" /reference:"C:\Program Files\Unity\Hub\Editor\6000.4.6f1\Editor\Data\UnityReferenceAssemblies\unity-4.8-api\Facades\System.ServiceModel.Primitives.dll" /reference:"C:\Program Files\Unity\Hub\Editor\6000.4.6f1\Editor\Data\UnityReferenceAssemblies\unity-4.8-api\Facades\System.ServiceModel.Security.dll" /reference:"C:\Program Files\Unity\Hub\Editor\6000.4.6f1\Editor\Data\UnityReferenceAssemblies\unity-4.8-api\Facades\System.Text.Encoding.dll" /reference:"C:\Program Files\Unity\Hub\Editor\6000.4.6f1\Editor\Data\UnityReferenceAssemblies\unity-4.8-api\Facades\System.Text.Encoding.Extensions.dll" /reference:"C:\Program Files\Unity\Hub\Editor\6000.4.6f1\Editor\Data\UnityReferenceAssemblies\unity-4.8-api\Facades\System.Text.RegularExpressions.dll" /reference:"C:\Program Files\Unity\Hub\Editor\6000.4.6f1\Editor\Data\UnityReferenceAssemblies\unity-4.8-api\Facades\System.Threading.dll" /reference:"C:\Program Files\Unity\Hub\Editor\6000.4.6f1\Editor\Data\UnityReferenceAssemblies\unity-4.8-api\Facades\System.Threading.Overlapped.dll" /reference:"C:\Program Files\Unity\Hub\Editor\6000.4.6f1\Editor\Data\UnityReferenceAssemblies\unity-4.8-api\Facades\System.Threading.Tasks.dll" /reference:"C:\Program Files\Unity\Hub\Editor\6000.4.6f1\Editor\Data\UnityReferenceAssemblies\unity-4.8-api\Facades\System.Threading.Tasks.Extensions.dll" /reference:"C:\Program Files\Unity\Hub\Editor\6000.4.6f1\Editor\Data\UnityReferenceAssemblies\unity-4.8-api\Facades\System.Threading.Tasks.Parallel.dll" /reference:"C:\Program Files\Unity\Hub\Editor\6000.4.6f1\Editor\Data\UnityReferenceAssemblies\unity-4.8-api\Facades\System.Threading.Thread.dll" /reference:"C:\Program Files\Unity\Hub\Editor\6000.4.6f1\Editor\Data\UnityReferenceAssemblies\unity-4.8-api\Facades\System.Threading.ThreadPool.dll" /reference:"C:\Program Files\Unity\Hub\Editor\6000.4.6f1\Editor\Data\UnityReferenceAssemblies\unity-4.8-api\Facades\System.Threading.Timer.dll" /reference:"C:\Program Files\Unity\Hub\Editor\6000.4.6f1\Editor\Data\UnityReferenceAssemblies\unity-4.8-api\System.Transactions.dll" /reference:"C:\Program Files\Unity\Hub\Editor\6000.4.6f1\Editor\Data\UnityReferenceAssemblies\unity-4.8-api\Facades\System.ValueTuple.dll" /reference:"C:\Program Files\Unity\Hub\Editor\6000.4.6f1\Editor\Data\UnityReferenceAssemblies\unity-4.8-api\System.Xml.dll" /reference:"C:\Program Files\Unity\Hub\Editor\6000.4.6f1\Editor\Data\UnityReferenceAssemblies\unity-4.8-api\System.Xml.Linq.dll" /reference:"C:\Program Files\Unity\Hub\Editor\6000.4.6f1\Editor\Data\UnityReferenceAssemblies\unity-4.8-api\Facades\System.Xml.ReaderWriter.dll" /reference:"C:\Program Files\Unity\Hub\Editor\6000.4.6f1\Editor\Data\UnityReferenceAssemblies\unity-4.8-api\Facades\System.Xml.XDocument.dll" /reference:"C:\Program Files\Unity\Hub\Editor\6000.4.6f1\Editor\Data\UnityReferenceAssemblies\unity-4.8-api\Facades\System.Xml.XmlDocument.dll" /reference:"C:\Program Files\Unity\Hub\Editor\6000.4.6f1\Editor\Data\UnityReferenceAssemblies\unity-4.8-api\Facades\System.Xml.XmlSerializer.dll" /reference:"C:\Program Files\Unity\Hub\Editor\6000.4.6f1\Editor\Data\UnityReferenceAssemblies\unity-4.8-api\Facades\System.Xml.XPath.dll" /reference:"C:\Program Files\Unity\Hub\Editor\6000.4.6f1\Editor\Data\UnityReferenceAssemblies\unity-4.8-api\Facades\System.Xml.XPath.XDocument.dll" /reference:"C:\Users\macar\BombCourier\Library\PackageCache\com.unity.collab-proxy@0b1559bcd34e\Lib\Editor\TextMateSharp\TextMateSharpPlastic.dll" /reference:"C:\Users\macar\BombCourier\Library\PackageCache\com.unity.collab-proxy@0b1559bcd34e\Lib\Editor\TextMateSharp\TextMateSharpPlastic.Grammars.dll" /reference:"C:\Program Files\Unity\Hub\Editor\6000.4.6f1\Editor\Data\PlaybackEngines\AndroidPlayer\Unity.Android.Gradle.dll" /reference:"C:\Program Files\Unity\Hub\Editor\6000.4.6f1\Editor\Data\PlaybackEngines\AndroidPlayer\Unity.Android.Types.dll" /reference:"C:\Users\macar\BombCourier\Library\PackageCache\com.unity.collections@65f499a3cc26\Unity.Collections.LowLevel.ILSupport\Unity.Collections.LowLevel.ILSupport.dll" /reference:C:\Users\macar\BombCourier\Library\ScriptAssemblies\Unity.Mathematics.dll /reference:"C:\Users\macar\BombCourier\Library\PackageCache\com.unity.collab-proxy@0b1559bcd34e\Lib\Editor\Unity.Plastic.Antlr3.Runtime.dll" /reference:"C:\Users\macar\BombCourier\Library\PackageCache\com.unity.collab-proxy@0b1559bcd34e\Lib\Editor\Unity.Plastic.Newtonsoft.Json.dll" /reference:"C:\Program Files\Unity\Hub\Editor\6000.4.6f1\Editor\Data\Managed\UnityEngine\Unity.Scripting.dll" /reference:"C:\Users\macar\BombCourier\Library\PackageCache\com.unity.visualscripting@8bed5ad90189\Runtime\VisualScripting.Flow\Dependencies\NCalc\Unity.VisualScripting.Antlr3.Runtime.dll" /reference:"C:\Users\macar\BombCourier\Library\PackageCache\com.unity.visualscripting@8bed5ad90189\Editor\VisualScripting.Core\Dependencies\DotNetZip\Unity.VisualScripting.IonicZip.dll" /reference:"C:\Users\macar\BombCourier\Library\PackageCache\com.unity.visualscripting@8bed5ad90189\Editor\VisualScripting.Core\EditorAssetResources\Unity.VisualScripting.TextureAssets.dll" /reference:"C:\Users\macar\BombCourier\Library\PackageCache\com.unity.visualscripting@8bed5ad90189\Editor\VisualScripting.Core\Dependencies\YamlDotNet\Unity.VisualScripting.YamlDotNet.dll" /reference:"C:\Program Files\Unity\Hub\Editor\6000.4.6f1\Editor\Data\Managed\UnityEngine\UnityEditor.AccessibilityModule.dll" /reference:"C:\Program Files\Unity\Hub\Editor\6000.4.6f1\Editor\Data\Managed\UnityEngine\UnityEditor.AdaptivePerformanceModule.dll" /reference:"C:\Program Files\Unity\Hub\Editor\6000.4.6f1\Editor\Data\PlaybackEngines\AndroidPlayer\UnityEditor.Android.Extensions.dll" /reference:"C:\Program Files\Unity\Hub\Editor\6000.4.6f1\Editor\Data\Managed\UnityEngine\UnityEditor.AssetComplianceModule.dll" /reference:"C:\Program Files\Unity\Hub\Editor\6000.4.6f1\Editor\Data\Managed\UnityEngine\UnityEditor.BuildProfileModule.dll" /reference:"C:\Program Files\Unity\Hub\Editor\6000.4.6f1\Editor\Data\Managed\UnityEngine\UnityEditor.ClothModule.dll" /reference:"C:\Program Files\Unity\Hub\Editor\6000.4.6f1\Editor\Data\Managed\UnityEngine\UnityEditor.CoreBusinessMetricsModule.dll" /reference:"C:\Program Files\Unity\Hub\Editor\6000.4.6f1\Editor\Data\Managed\UnityEngine\UnityEditor.CoreModule.dll" /reference:"C:\Program Files\Unity\Hub\Editor\6000.4.6f1\Editor\Data\Managed\UnityEngine\UnityEditor.DeviceSimulatorModule.dll" /reference:"C:\Program Files\Unity\Hub\Editor\6000.4.6f1\Editor\Data\Managed\UnityEngine\UnityEditor.DiagnosticsModule.dll" /reference:"C:\Program Files\Unity\Hub\Editor\6000.4.6f1\Editor\Data\Managed\UnityEngine\UnityEditor.dll" /reference:"C:\Program Files\Unity\Hub\Editor\6000.4.6f1\Editor\Data\Managed\UnityEngine\UnityEditor.EditorToolbarModule.dll" /reference:"C:\Program Files\Unity\Hub\Editor\6000.4.6f1\Editor\Data\Managed\UnityEngine\UnityEditor.EmbreeModule.dll" /reference:"C:\Program Files\Unity\Hub\Editor\6000.4.6f1\Editor\Data\Managed\UnityEngine\UnityEditor.GIModule.dll" /reference:"C:\Program Files\Unity\Hub\Editor\6000.4.6f1\Editor\Data\Managed\UnityEngine\UnityEditor.GraphicsStateCollectionSerializerModule.dll" /reference:"C:\Program Files\Unity\Hub\Editor\6000.4.6f1\Editor\Data\Managed\UnityEditor.Graphs.dll" /reference:"C:\Program Files\Unity\Hub\Editor\6000.4.6f1\Editor\Data\Managed\UnityEngine\UnityEditor.GraphToolkitModule.dll" /reference:"C:\Program Files\Unity\Hub\Editor\6000.4.6f1\Editor\Data\Managed\UnityEngine\UnityEditor.GraphViewModule.dll" /reference:"C:\Program Files\Unity\Hub\Editor\6000.4.6f1\Editor\Data\Managed\UnityEngine\UnityEditor.GridAndSnapModule.dll" /reference:"C:\Program Files\Unity\Hub\Editor\6000.4.6f1\Editor\Data\Managed\UnityEngine\UnityEditor.GridModule.dll" /reference:"C:\Program Files\Unity\Hub\Editor\6000.4.6f1\Editor\Data\Managed\UnityEngine\UnityEditor.HierarchyModule.dll" /reference:"C:\Program Files\Unity\Hub\Editor\6000.4.6f1\Editor\Data\Managed\UnityEngine\UnityEditor.MediaModule.dll" /reference:"C:\Program Files\Unity\Hub\Editor\6000.4.6f1\Editor\Data\Managed\UnityEngine\UnityEditor.MultiplayerModule.dll" /reference:"C:\Program Files\Unity\Hub\Editor\6000.4.6f1\Editor\Data\Managed\UnityEngine\UnityEditor.Physics2DModule.dll" /reference:"C:\Program Files\Unity\Hub\Editor\6000.4.6f1\Editor\Data\Managed\UnityEngine\UnityEditor.PhysicsModule.dll" /reference:"C:\Program Files\Unity\Hub\Editor\6000.4.6f1\Editor\Data\Managed\UnityEngine\UnityEditor.PlayModeModule.dll" /reference:"C:\Program Files\Unity\Hub\Editor\6000.4.6f1\Editor\Data\Managed\UnityEngine\UnityEditor.PresetsUIModule.dll" /reference:"C:\Program Files\Unity\Hub\Editor\6000.4.6f1\Editor\Data\Managed\UnityEngine\UnityEditor.ProjectAuditorModule.dll" /reference:"C:\Program Files\Unity\Hub\Editor\6000.4.6f1\Editor\Data\Managed\UnityEngine\UnityEditor.PropertiesModule.dll" /reference:"C:\Program Files\Unity\Hub\Editor\6000.4.6f1\Editor\Data\Managed\UnityEngine\UnityEditor.QuickInstallModule.dll" /reference:"C:\Program Files\Unity\Hub\Editor\6000.4.6f1\Editor\Data\Managed\UnityEngine\UnityEditor.QuickSearchModule.dll" /reference:"C:\Program Files\Unity\Hub\Editor\6000.4.6f1\Editor\Data\Managed\UnityEngine\UnityEditor.SafeModeModule.dll" /reference:"C:\Program Files\Unity\Hub\Editor\6000.4.6f1\Editor\Data\Managed\UnityEngine\UnityEditor.SceneTemplateModule.dll" /reference:"C:\Program Files\Unity\Hub\Editor\6000.4.6f1\Editor\Data\Managed\UnityEngine\UnityEditor.SceneViewModule.dll" /reference:"C:\Program Files\Unity\Hub\Editor\6000.4.6f1\Editor\Data\Managed\UnityEngine\UnityEditor.ShaderBuildSettingsModule.dll" /reference:"C:\Program Files\Unity\Hub\Editor\6000.4.6f1\Editor\Data\Managed\UnityEngine\UnityEditor.ShaderCompilationModule.dll" /reference:"C:\Program Files\Unity\Hub\Editor\6000.4.6f1\Editor\Data\Managed\UnityEngine\UnityEditor.ShaderFoundryModule.dll" /reference:"C:\Program Files\Unity\Hub\Editor\6000.4.6f1\Editor\Data\Managed\UnityEngine\UnityEditor.SketchUpModule.dll" /reference:"C:\Program Files\Unity\Hub\Editor\6000.4.6f1\Editor\Data\Managed\UnityEngine\UnityEditor.SpriteMaskModule.dll" /reference:"C:\Program Files\Unity\Hub\Editor\6000.4.6f1\Editor\Data\Managed\UnityEngine\UnityEditor.SpriteShapeModule.dll" /reference:"C:\Program Files\Unity\Hub\Editor\6000.4.6f1\Editor\Data\Managed\UnityEngine\UnityEditor.SubstanceModule.dll" /reference:"C:\Program Files\Unity\Hub\Editor\6000.4.6f1\Editor\Data\Managed\UnityEngine\UnityEditor.TerrainModule.dll" /reference:C:\Users\macar\BombCourier\Library\ScriptAssemblies\UnityEditor.TestRunner.dll /reference:"C:\Program Files\Unity\Hub\Editor\6000.4.6f1\Editor\Data\Managed\UnityEngine\UnityEditor.TextCoreFontEngineModule.dll" /reference:"C:\Program Files\Unity\Hub\Editor\6000.4.6f1\Editor\Data\Managed\UnityEngine\UnityEditor.TextCoreTextEngineModule.dll" /reference:"C:\Program Files\Unity\Hub\Editor\6000.4.6f1\Editor\Data\Managed\UnityEngine\UnityEditor.TextRenderingModule.dll" /reference:"C:\Program Files\Unity\Hub\Editor\6000.4.6f1\Editor\Data\Managed\UnityEngine\UnityEditor.TilemapModule.dll" /reference:"C:\Program Files\Unity\Hub\Editor\6000.4.6f1\Editor\Data\Managed\UnityEngine\UnityEditor.TreeModule.dll" /reference:C:\Users\macar\BombCourier\Library\ScriptAssemblies\UnityEditor.UI.dll /reference:"C:\Program Files\Unity\Hub\Editor\6000.4.6f1\Editor\Data\Managed\UnityEngine\UnityEditor.UIAutomationModule.dll" /reference:"C:\Program Files\Unity\Hub\Editor\6000.4.6f1\Editor\Data\Managed\UnityEngine\UnityEditor.UIBuilderModule.dll" /reference:"C:\Program Files\Unity\Hub\Editor\6000.4.6f1\Editor\Data\Managed\UnityEngine\UnityEditor.UIElementsModule.dll" /reference:"C:\Program Files\Unity\Hub\Editor\6000.4.6f1\Editor\Data\Managed\UnityEngine\UnityEditor.UIElementsSamplesModule.dll" /reference:"C:\Program Files\Unity\Hub\Editor\6000.4.6f1\Editor\Data\Managed\UnityEngine\UnityEditor.UIToolkitAuthoringModule.dll" /reference:"C:\Program Files\Unity\Hub\Editor\6000.4.6f1\Editor\Data\Managed\UnityEngine\UnityEditor.UmbraModule.dll" /reference:"C:\Program Files\Unity\Hub\Editor\6000.4.6f1\Editor\Data\Managed\UnityEngine\UnityEditor.UnityConnectModule.dll" /reference:"C:\Program Files\Unity\Hub\Editor\6000.4.6f1\Editor\Data\PlaybackEngines\MetroSupport\UnityEditor.UWP.Extensions.dll" /reference:"C:\Program Files\Unity\Hub\Editor\6000.4.6f1\Editor\Data\Managed\UnityEngine\UnityEditor.VectorGraphicsModule.dll" /reference:"C:\Program Files\Unity\Hub\Editor\6000.4.6f1\Editor\Data\Managed\UnityEngine\UnityEditor.VFXModule.dll" /reference:"C:\Program Files\Unity\Hub\Editor\6000.4.6f1\Editor\Data\Managed\UnityEngine\UnityEditor.VideoModule.dll" /reference:"C:\Program Files\Unity\Hub\Editor\6000.4.6f1\Editor\Data\PlaybackEngines\WebGLSupport\UnityEditor.WebGL.Extensions.dll" /reference:"C:\Program Files\Unity\Hub\Editor\6000.4.6f1\Editor\Data\PlaybackEngines\WindowsStandaloneSupport\UnityEditor.WindowsStandalone.Extensions.dll" /reference:"C:\Program Files\Unity\Hub\Editor\6000.4.6f1\Editor\Data\Managed\UnityEngine\UnityEditor.XRModule.dll" /reference:"C:\Program Files\Unity\Hub\Editor\6000.4.6f1\Editor\Data\Managed\UnityEngine\UnityEngine.AccessibilityModule.dll" /reference:"C:\Program Files\Unity\Hub\Editor\6000.4.6f1\Editor\Data\Managed\UnityEngine\UnityEngine.AdaptivePerformanceModule.dll" /reference:"C:\Program Files\Unity\Hub\Editor\6000.4.6f1\Editor\Data\Managed\UnityEngine\UnityEngine.AIModule.dll" /reference:"C:\Program Files\Unity\Hub\Editor\6000.4.6f1\Editor\Data\Managed\UnityEngine\UnityEngine.AMDModule.dll" /reference:"C:\Program Files\Unity\Hub\Editor\6000.4.6f1\Editor\Data\Managed\UnityEngine\UnityEngine.AndroidJNIModule.dll" /reference:"C:\Program Files\Unity\Hub\Editor\6000.4.6f1\Editor\Data\Managed\UnityEngine\UnityEngine.AnimationModule.dll" /reference:"C:\Program Files\Unity\Hub\Editor\6000.4.6f1\Editor\Data\Managed\UnityEngine\UnityEngine.ARModule.dll" /reference:"C:\Program Files\Unity\Hub\Editor\6000.4.6f1\Editor\Data\Managed\UnityEngine\UnityEngine.AssetBundleModule.dll" /reference:"C:\Program Files\Unity\Hub\Editor\6000.4.6f1\Editor\Data\Managed\UnityEngine\UnityEngine.AudioModule.dll" /reference:"C:\Program Files\Unity\Hub\Editor\6000.4.6f1\Editor\Data\Managed\UnityEngine\UnityEngine.ClothModule.dll" /reference:"C:\Program Files\Unity\Hub\Editor\6000.4.6f1\Editor\Data\Managed\UnityEngine\UnityEngine.ClusterInputModule.dll" /reference:"C:\Program Files\Unity\Hub\Editor\6000.4.6f1\Editor\Data\Managed\UnityEngine\UnityEngine.ClusterRendererModule.dll" /reference:"C:\Program Files\Unity\Hub\Editor\6000.4.6f1\Editor\Data\Managed\UnityEngine\UnityEngine.ContentLoadModule.dll" /reference:"C:\Program Files\Unity\Hub\Editor\6000.4.6f1\Editor\Data\Managed\UnityEngine\UnityEngine.CoreModule.dll" /reference:"C:\Program Files\Unity\Hub\Editor\6000.4.6f1\Editor\Data\Managed\UnityEngine\UnityEngine.CrashReportingModule.dll" /reference:"C:\Program Files\Unity\Hub\Editor\6000.4.6f1\Editor\Data\Managed\UnityEngine\UnityEngine.DirectorModule.dll" /reference:"C:\Program Files\Unity\Hub\Editor\6000.4.6f1\Editor\Data\Managed\UnityEngine\UnityEngine.dll" /reference:"C:\Program Files\Unity\Hub\Editor\6000.4.6f1\Editor\Data\Managed\UnityEngine\UnityEngine.DSPGraphModule.dll" /reference:"C:\Program Files\Unity\Hub\Editor\6000.4.6f1\Editor\Data\Managed\UnityEngine\UnityEngine.GameCenterModule.dll" /reference:"C:\Program Files\Unity\Hub\Editor\6000.4.6f1\Editor\Data\Managed\UnityEngine\UnityEngine.GIModule.dll" /reference:"C:\Program Files\Unity\Hub\Editor\6000.4.6f1\Editor\Data\Managed\UnityEngine\UnityEngine.GraphicsStateCollectionSerializerModule.dll" /reference:"C:\Program Files\Unity\Hub\Editor\6000.4.6f1\Editor\Data\Managed\UnityEngine\UnityEngine.GridModule.dll" /reference:"C:\Program Files\Unity\Hub\Editor\6000.4.6f1\Editor\Data\Managed\UnityEngine\UnityEngine.HierarchyCoreModule.dll" /reference:"C:\Program Files\Unity\Hub\Editor\6000.4.6f1\Editor\Data\Managed\UnityEngine\UnityEngine.HierarchyModule.dll" /reference:"C:\Program Files\Unity\Hub\Editor\6000.4.6f1\Editor\Data\Managed\UnityEngine\UnityEngine.HotReloadModule.dll" /reference:"C:\Program Files\Unity\Hub\Editor\6000.4.6f1\Editor\Data\Managed\UnityEngine\UnityEngine.IdentifiersModule.dll" /reference:"C:\Program Files\Unity\Hub\Editor\6000.4.6f1\Editor\Data\Managed\UnityEngine\UnityEngine.ImageConversionModule.dll" /reference:"C:\Program Files\Unity\Hub\Editor\6000.4.6f1\Editor\Data\Managed\UnityEngine\UnityEngine.IMGUIModule.dll" /reference:"C:\Program Files\Unity\Hub\Editor\6000.4.6f1\Editor\Data\Managed\UnityEngine\UnityEngine.InputForUIModule.dll" /reference:"C:\Program Files\Unity\Hub\Editor\6000.4.6f1\Editor\Data\Managed\UnityEngine\UnityEngine.InputLegacyModule.dll" /reference:"C:\Program Files\Unity\Hub\Editor\6000.4.6f1\Editor\Data\Managed\UnityEngine\UnityEngine.InputModule.dll" /reference:"C:\Program Files\Unity\Hub\Editor\6000.4.6f1\Editor\Data\Managed\UnityEngine\UnityEngine.InsightsModule.dll" /reference:"C:\Program Files\Unity\Hub\Editor\6000.4.6f1\Editor\Data\Managed\UnityEngine\UnityEngine.JSONSerializeModule.dll" /reference:"C:\Program Files\Unity\Hub\Editor\6000.4.6f1\Editor\Data\Managed\UnityEngine\UnityEngine.LocalizationModule.dll" /reference:"C:\Program Files\Unity\Hub\Editor\6000.4.6f1\Editor\Data\Managed\UnityEngine\UnityEngine.MarshallingModule.dll" /reference:"C:\Program Files\Unity\Hub\Editor\6000.4.6f1\Editor\Data\Managed\UnityEngine\UnityEngine.MultiplayerModule.dll" /reference:"C:\Program Files\Unity\Hub\Editor\6000.4.6f1\Editor\Data\Managed\UnityEngine\UnityEngine.NVIDIAModule.dll" /reference:"C:\Program Files\Unity\Hub\Editor\6000.4.6f1\Editor\Data\Managed\UnityEngine\UnityEngine.ParticleSystemModule.dll" /reference:"C:\Program Files\Unity\Hub\Editor\6000.4.6f1\Editor\Data\Managed\UnityEngine\UnityEngine.PerformanceReportingModule.dll" /reference:"C:\Program Files\Unity\Hub\Editor\6000.4.6f1\Editor\Data\Managed\UnityEngine\UnityEngine.Physics2DModule.dll" /reference:"C:\Program Files\Unity\Hub\Editor\6000.4.6f1\Editor\Data\Managed\UnityEngine\UnityEngine.PhysicsBackendPhysXModule.dll" /reference:"C:\Program Files\Unity\Hub\Editor\6000.4.6f1\Editor\Data\Managed\UnityEngine\UnityEngine.PhysicsModule.dll" /reference:"C:\Program Files\Unity\Hub\Editor\6000.4.6f1\Editor\Data\Managed\UnityEngine\UnityEngine.PropertiesModule.dll" /reference:"C:\Program Files\Unity\Hub\Editor\6000.4.6f1\Editor\Data\Managed\UnityEngine\UnityEngine.RenderAs2DModule.dll" /reference:"C:\Program Files\Unity\Hub\Editor\6000.4.6f1\Editor\Data\Managed\UnityEngine\UnityEngine.RuntimeInitializeOnLoadManagerInitializerModule.dll" /reference:"C:\Program Files\Unity\Hub\Editor\6000.4.6f1\Editor\Data\Managed\UnityEngine\UnityEngine.ScreenCaptureModule.dll" /reference:"C:\Program Files\Unity\Hub\Editor\6000.4.6f1\Editor\Data\Managed\UnityEngine\UnityEngine.ScriptingModule.dll" /reference:"C:\Program Files\Unity\Hub\Editor\6000.4.6f1\Editor\Data\Managed\UnityEngine\UnityEngine.ShaderVariantAnalyticsModule.dll" /reference:"C:\Program Files\Unity\Hub\Editor\6000.4.6f1\Editor\Data\Managed\UnityEngine\UnityEngine.SharedInternalsModule.dll" /reference:"C:\Program Files\Unity\Hub\Editor\6000.4.6f1\Editor\Data\Managed\UnityEngine\UnityEngine.SpriteMaskModule.dll" /reference:"C:\Program Files\Unity\Hub\Editor\6000.4.6f1\Editor\Data\Managed\UnityEngine\UnityEngine.SpriteShapeModule.dll" /reference:"C:\Program Files\Unity\Hub\Editor\6000.4.6f1\Editor\Data\Managed\UnityEngine\UnityEngine.StreamingModule.dll" /reference:"C:\Program Files\Unity\Hub\Editor\6000.4.6f1\Editor\Data\Managed\UnityEngine\UnityEngine.SubstanceModule.dll" /reference:"C:\Program Files\Unity\Hub\Editor\6000.4.6f1\Editor\Data\Managed\UnityEngine\UnityEngine.SubsystemsModule.dll" /reference:"C:\Program Files\Unity\Hub\Editor\6000.4.6f1\Editor\Data\Managed\UnityEngine\UnityEngine.TerrainModule.dll" /reference:"C:\Program Files\Unity\Hub\Editor\6000.4.6f1\Editor\Data\Managed\UnityEngine\UnityEngine.TerrainPhysicsModule.dll" /reference:C:\Users\macar\BombCourier\Library\ScriptAssemblies\UnityEngine.TestRunner.dll /reference:"C:\Program Files\Unity\Hub\Editor\6000.4.6f1\Editor\Data\Managed\UnityEngine\UnityEngine.TextCoreFontEngineModule.dll" /reference:"C:\Program Files\Unity\Hub\Editor\6000.4.6f1\Editor\Data\Managed\UnityEngine\UnityEngine.TextCoreTextEngineModule.dll" /reference:"C:\Program Files\Unity\Hub\Editor\6000.4.6f1\Editor\Data\Managed\UnityEngine\UnityEngine.TextRenderingModule.dll" /reference:"C:\Program Files\Unity\Hub\Editor\6000.4.6f1\Editor\Data\Managed\UnityEngine\UnityEngine.TilemapModule.dll" /reference:"C:\Program Files\Unity\Hub\Editor\6000.4.6f1\Editor\Data\Managed\UnityEngine\UnityEngine.TLSModule.dll" /reference:C:\Users\macar\BombCourier\Library\ScriptAssemblies\UnityEngine.UI.dll /reference:"C:\Program Files\Unity\Hub\Editor\6000.4.6f1\Editor\Data\Managed\UnityEngine\UnityEngine.UIElementsModule.dll" /reference:"C:\Program Files\Unity\Hub\Editor\6000.4.6f1\Editor\Data\Managed\UnityEngine\UnityEngine.UIModule.dll" /reference:"C:\Program Files\Unity\Hub\Editor\6000.4.6f1\Editor\Data\Managed\UnityEngine\UnityEngine.UmbraModule.dll" /reference:"C:\Program Files\Unity\Hub\Editor\6000.4.6f1\Editor\Data\Managed\UnityEngine\UnityEngine.UnityAnalyticsCommonModule.dll" /reference:"C:\Program Files\Unity\Hub\Editor\6000.4.6f1\Editor\Data\Managed\UnityEngine\UnityEngine.UnityAnalyticsModule.dll" /reference:"C:\Program Files\Unity\Hub\Editor\6000.4.6f1\Editor\Data\Managed\UnityEngine\UnityEngine.UnityConnectModule.dll" /reference:"C:\Program Files\Unity\Hub\Editor\6000.4.6f1\Editor\Data\Managed\UnityEngine\UnityEngine.UnityConsentModule.dll" /reference:"C:\Program Files\Unity\Hub\Editor\6000.4.6f1\Editor\Data\Managed\UnityEngine\UnityEngine.UnityCurlModule.dll" /reference:"C:\Program Files\Unity\Hub\Editor\6000.4.6f1\Editor\Data\Managed\UnityEngine\UnityEngine.UnityWebRequestAssetBundleModule.dll" /reference:"C:\Program Files\Unity\Hub\Editor\6000.4.6f1\Editor\Data\Managed\UnityEngine\UnityEngine.UnityWebRequestAudioModule.dll" /reference:"C:\Program Files\Unity\Hub\Editor\6000.4.6f1\Editor\Data\Managed\UnityEngine\UnityEngine.UnityWebRequestModule.dll" /reference:"C:\Program Files\Unity\Hub\Editor\6000.4.6f1\Editor\Data\Managed\UnityEngine\UnityEngine.UnityWebRequestTextureModule.dll" /reference:"C:\Program Files\Unity\Hub\Editor\6000.4.6f1\Editor\Data\Managed\UnityEngine\UnityEngine.UnityWebRequestWWWModule.dll" /reference:"C:\Program Files\Unity\Hub\Editor\6000.4.6f1\Editor\Data\Managed\UnityEngine\UnityEngine.VectorGraphicsModule.dll" /reference:"C:\Program Files\Unity\Hub\Editor\6000.4.6f1\Editor\Data\Managed\UnityEngine\UnityEngine.VehiclesModule.dll" /reference:"C:\Program Files\Unity\Hub\Editor\6000.4.6f1\Editor\Data\Managed\UnityEngine\UnityEngine.VFXModule.dll" /reference:"C:\Program Files\Unity\Hub\Editor\6000.4.6f1\Editor\Data\Managed\UnityEngine\UnityEngine.VideoModule.dll" /reference:"C:\Program Files\Unity\Hub\Editor\6000.4.6f1\Editor\Data\Managed\UnityEngine\UnityEngine.VirtualTexturingModule.dll" /reference:"C:\Program Files\Unity\Hub\Editor\6000.4.6f1\Editor\Data\Managed\UnityEngine\UnityEngine.VRModule.dll" /reference:"C:\Program Files\Unity\Hub\Editor\6000.4.6f1\Editor\Data\Managed\UnityEngine\UnityEngine.WindModule.dll" /reference:"C:\Program Files\Unity\Hub\Editor\6000.4.6f1\Editor\Data\Managed\UnityEngine\UnityEngine.XRModule.dll" /reference:"C:\Users\macar\BombCourier\Library\PackageCache\com.unity.collab-proxy@0b1559bcd34e\Lib\Editor\unityplastic.dll" /debug+ /debug:portable /filealign:512 /optimize- /out:Temp\obj\Sirenix.OdinInspector.Modules.UnityMathematics\Sirenix.OdinInspector.Modules.UnityMathematics.dll /target:library /warnaserror- /utf8output /deterministic+ /sourcelink:Temp\obj\Sirenix.OdinInspector.Modules.UnityMathematics\Sirenix.OdinInspector.Modules.UnityMathematics.sourcelink.json /langversion:9.0 /embed:"Temp\obj\Sirenix.OdinInspector.Modules.UnityMathematics\.NETStandard,Version=v2.1.AssemblyAttributes.cs" /analyzerconfig:Temp\obj\Sirenix.OdinInspector.Modules.UnityMathematics\Sirenix.OdinInspector.Modules.UnityMathematics.GeneratedMSBuildEditorConfig.editorconfig /analyzer:C:\Users\macar\.vscode\extensions\visualstudiotoolsforunity.vstuc-1.2.2\Analyzers\Microsoft.Unity.Analyzers.dll /analyzer:"C:\Program Files\Unity\Hub\Editor\6000.4.6f1\Editor\Data\Tools\BuildPipeline\Unity.SourceGenerators\Unity.SourceGenerators.dll" /analyzer:"C:\Program Files\Unity\Hub\Editor\6000.4.6f1\Editor\Data\Tools\BuildPipeline\Unity.SourceGenerators\Unity.Properties.SourceGenerator.dll" /analyzer:"C:\Program Files\Unity\Hub\Editor\6000.4.6f1\Editor\Data\Tools\BuildPipeline\Unity.SourceGenerators\Unity.UIToolkit.SourceGenerator.dll" "Assets\Plugins\Sirenix\Odin Inspector\Modules\Unity.Mathematics\MathematicsDrawers.cs" "Temp\obj\Sirenix.OdinInspector.Modules.UnityMathematics\.NETStandard,Version=v2.1.AssemblyAttributes.cs" /warnaserror+:NU1605
         Compilation request Sirenix.OdinInspector.Modules.UnityMathematics (netstandard2.1), PathToTool=C:\Program Files\dotnet\sdk\10.0.201\Roslyn\bincore\csc.exe
         CommandLine = ' /noconfig'
         BuildResponseFile = '/unsafe+ /checked- /nowarn:0169,USG0001,1701,1702 /fullpaths /nostdlib+ /errorreport:prompt /define:UNITY_6000_4_6;UNITY_6000_4;UNITY_6000;UNITY_5_3_OR_NEWER;UNITY_5_4_OR_NEWER;UNITY_5_5_OR_NEWER;UNITY_5_6_OR_NEWER;UNITY_2017_1_OR_NEWER;UNITY_2017_2_OR_NEWER;UNITY_2017_3_OR_NEWER;UNITY_2017_4_OR_NEWER;UNITY_2018_1_OR_NEWER;UNITY_2018_2_OR_NEWER;UNITY_2018_3_OR_NEWER;UNITY_2018_4_OR_NEWER;UNITY_2019_1_OR_NEWER;UNITY_2019_2_OR_NEWER;UNITY_2019_3_OR_NEWER;UNITY_2019_4_OR_NEWER;UNITY_2020_1_OR_NEWER;UNITY_2020_2_OR_NEWER;UNITY_2020_3_OR_NEWER;UNITY_2021_1_OR_NEWER;UNITY_2021_2_OR_NEWER;UNITY_2021_3_OR_NEWER;UNITY_2022_1_OR_NEWER;UNITY_2022_2_OR_NEWER;UNITY_2022_3_OR_NEWER;UNITY_2023_1_OR_NEWER;UNITY_2023_2_OR_NEWER;UNITY_2023_3_OR_NEWER;UNITY_6000_0_OR_NEWER;UNITY_6000_1_OR_NEWER;UNITY_6000_2_OR_NEWER;UNITY_6000_3_OR_NEWER;UNITY_6000_4_OR_NEWER;PLATFORM_ARCH_64;UNITY_64;UNITY_INCLUDE_TESTS;ENABLE_AR;ENABLE_AUDIO;ENABLE_AUDIO_SCRIPTABLE_PIPELINE;ENABLE_CACHING;ENABLE_CLOTH;ENABLE_EVENT_QUEUE;ENABLE_MICROPHONE;ENABLE_MULTIPLE_DISPLAYS;ENABLE_PHYSICS;ENABLE_TEXTURE_STREAMING;ENABLE_VIRTUALTEXTURING;ENABLE_LZMA;ENABLE_UNITYEVENTS;ENABLE_VR;ENABLE_WEBCAM;ENABLE_UNITYWEBREQUEST;ENABLE_WWW;ENABLE_CLOUD_SERVICES;ENABLE_CLOUD_SERVICES_ADS;ENABLE_CLOUD_SERVICES_USE_WEBREQUEST;ENABLE_UNITY_CONSENT;ENABLE_UNITY_CLOUD_IDENTIFIERS;ENABLE_CLOUD_SERVICES_CRASH_REPORTING;ENABLE_CLOUD_SERVICES_NATIVE_CRASH_REPORTING;ENABLE_CLOUD_SERVICES_PURCHASING;ENABLE_CLOUD_SERVICES_ANALYTICS;ENABLE_CLOUD_SERVICES_BUILD;ENABLE_EDITOR_GAME_SERVICES;ENABLE_UNITY_GAME_SERVICES_ANALYTICS_SUPPORT;ENABLE_CLOUD_LICENSE;ENABLE_EDITOR_HUB_LICENSE;ENABLE_WEBSOCKET_CLIENT;ENABLE_GENERATE_NATIVE_PLUGINS_FOR_ASSEMBLIES_API;ENABLE_DIRECTOR_AUDIO;ENABLE_DIRECTOR_TEXTURE;ENABLE_MANAGED_JOBS;ENABLE_MANAGED_TRANSFORM_JOBS;ENABLE_MANAGED_ANIMATION_JOBS;ENABLE_MANAGED_AUDIO_JOBS;ENABLE_MANAGED_UNITYTLS;INCLUDE_DYNAMIC_GI;ENABLE_SCRIPTING_GC_WBARRIERS;PLATFORM_SUPPORTS_MONO;RENDER_SOFTWARE_CURSOR;ENABLE_MARSHALLING_TESTS;ENABLE_VIDEO;ENABLE_NAVIGATION_OFFMESHLINK_TO_NAVMESHLINK;ENABLE_ACCELERATOR_CLIENT_DEBUGGING;ENABLE_ACCESSIBILITY_SCREEN_READER;TEXTCORE_1_0_OR_NEWER;EDITOR_ONLY_NAVMESH_BUILDER_DEPRECATED;PLATFORM_STANDALONE_WIN;PLATFORM_STANDALONE;UNITY_STANDALONE_WIN;UNITY_STANDALONE;ENABLE_RUNTIME_GI;ENABLE_MOVIES;ENABLE_NETWORK;ENABLE_NVIDIA;ENABLE_AMD;ENABLE_CRUNCH_TEXTURE_COMPRESSION;ENABLE_CLOUD_SERVICES_ENGINE_DIAGNOSTICS;ENABLE_OUT_OF_PROCESS_CRASH_HANDLER;ENABLE_CLUSTER_SYNC;ENABLE_CLUSTERINPUT;PLATFORM_UPDATES_TIME_OUTSIDE_OF_PLAYER_LOOP;GFXDEVICE_WAITFOREVENT_MESSAGEPUMP;PLATFORM_USES_EXPLICIT_MEMORY_MANAGER_INITIALIZER;PLATFORM_SUPPORTS_WAIT_FOR_PRESENTATION;PLATFORM_SUPPORTS_SPLIT_GRAPHICS_JOBS;ENABLE_MONO;NET_4_6;NET_UNITY_4_8;ENABLE_PROFILER;ENABLE_PROFILER_ASSISTANT_INTEGRATION;DEBUG;TRACE;UNITY_ASSERTIONS;UNITY_EDITOR;UNITY_EDITOR_64;UNITY_EDITOR_WIN;ENABLE_UNITY_COLLECTIONS_CHECKS;ENABLE_BURST_AOT;UNITY_TEAM_LICENSE;ENABLE_CUSTOM_RENDER_TEXTURE;ENABLE_DIRECTOR;ENABLE_LOCALIZATION;ENABLE_SPRITES;ENABLE_TERRAIN;ENABLE_TILEMAP;ENABLE_TIMELINE;ENABLE_INPUT_SYSTEM;TEXTCORE_FONT_ENGINE_1_5_OR_NEWER;TEXTCORE_TEXT_ENGINE_1_5_OR_NEWER;TEXTCORE_FONT_ENGINE_1_6_OR_NEWER;ODIN_INSPECTOR;ODIN_INSPECTOR_3;ODIN_INSPECTOR_3_1;ODIN_INSPECTOR_3_2;ODIN_INSPECTOR_3_3;CSHARP_7_OR_LATER;CSHARP_7_3_OR_NEWER;UNITY_EDITOR_ONLY_COMPILATION;DEBUG;NETSTANDARD;NETSTANDARD2_1;NETSTANDARD1_0_OR_GREATER;NETSTANDARD1_1_OR_GREATER;NETSTANDARD1_2_OR_GREATER;NETSTANDARD1_3_OR_GREATER;NETSTANDARD1_4_OR_GREATER;NETSTANDARD1_5_OR_GREATER;NETSTANDARD1_6_OR_GREATER;NETSTANDARD2_0_OR_GREATER;NETSTANDARD2_1_OR_GREATER /highentropyva+ /reference:"C:\Users\macar\BombCourier\Library\PackageCache\com.unity.collab-proxy@0b1559bcd34e\Lib\Editor\log4netPlastic.dll" /reference:"C:\Program Files\Unity\Hub\Editor\6000.4.6f1\Editor\Data\UnityReferenceAssemblies\unity-4.8-api\Microsoft.CSharp.dll" /reference:"C:\Program Files\Unity\Hub\Editor\6000.4.6f1\Editor\Data\UnityReferenceAssemblies\unity-4.8-api\Facades\Microsoft.Win32.Primitives.dll" /reference:"C:\Users\macar\BombCourier\Library\PackageCache\com.unity.nuget.mono-cecil@ecb9724e46ff\Mono.Cecil.dll" /reference:"C:\Program Files\Unity\Hub\Editor\6000.4.6f1\Editor\Data\UnityReferenceAssemblies\unity-4.8-api\mscorlib.dll" /reference:"C:\Program Files\Unity\Hub\Editor\6000.4.6f1\Editor\Data\UnityReferenceAssemblies\unity-4.8-api\Facades\netstandard.dll" /reference:"C:\Users\macar\BombCourier\Library\PackageCache\com.unity.ext.nunit@d8c07649098d\net40\unity-custom\nunit.framework.dll" /reference:"C:\Users\macar\BombCourier\Library\PackageCache\com.unity.collab-proxy@0b1559bcd34e\Lib\Editor\TextMateSharp\Onigwrap\OnigwrapPlastic.dll" /reference:C:\Users\macar\BombCourier\Assets\Plugins\Sirenix\Assemblies\Sirenix.OdinInspector.Attributes.dll /reference:C:\Users\macar\BombCourier\Assets\Plugins\Sirenix\Assemblies\Sirenix.OdinInspector.Editor.dll /reference:C:\Users\macar\BombCourier\Assets\Plugins\Sirenix\Assemblies\Sirenix.Reflection.Editor.dll /reference:C:\Users\macar\BombCourier\Assets\Plugins\Sirenix\Assemblies\Sirenix.Serialization.Config.dll /reference:C:\Users\macar\BombCourier\Assets\Plugins\Sirenix\Assemblies\Sirenix.Serialization.dll /reference:C:\Users\macar\BombCourier\Assets\Plugins\Sirenix\Assemblies\Sirenix.Utilities.dll /reference:C:\Users\macar\BombCourier\Assets\Plugins\Sirenix\Assemblies\Sirenix.Utilities.Editor.dll /reference:"C:\Program Files\Unity\Hub\Editor\6000.4.6f1\Editor\Data\UnityReferenceAssemblies\unity-4.8-api\Facades\System.AppContext.dll" /reference:"C:\Program Files\Unity\Hub\Editor\6000.4.6f1\Editor\Data\UnityReferenceAssemblies\unity-4.8-api\Facades\System.Buffers.dll" /reference:"C:\Program Files\Unity\Hub\Editor\6000.4.6f1\Editor\Data\UnityReferenceAssemblies\unity-4.8-api\Facades\System.Collections.Concurrent.dll" /reference:"C:\Program Files\Unity\Hub\Editor\6000.4.6f1\Editor\Data\UnityReferenceAssemblies\unity-4.8-api\Facades\System.Collections.dll" /reference:"C:\Program Files\Unity\Hub\Editor\6000.4.6f1\Editor\Data\UnityReferenceAssemblies\unity-4.8-api\Facades\System.Collections.NonGeneric.dll" /reference:"C:\Program Files\Unity\Hub\Editor\6000.4.6f1\Editor\Data\UnityReferenceAssemblies\unity-4.8-api\Facades\System.Collections.Specialized.dll" /reference:"C:\Program Files\Unity\Hub\Editor\6000.4.6f1\Editor\Data\UnityReferenceAssemblies\unity-4.8-api\Facades\System.ComponentModel.Annotations.dll" /reference:"C:\Program Files\Unity\Hub\Editor\6000.4.6f1\Editor\Data\UnityReferenceAssemblies\unity-4.8-api\System.ComponentModel.Composition.dll" /reference:"C:\Program Files\Unity\Hub\Editor\6000.4.6f1\Editor\Data\UnityReferenceAssemblies\unity-4.8-api\Facades\System.ComponentModel.dll" /reference:"C:\Program Files\Unity\Hub\Editor\6000.4.6f1\Editor\Data\UnityReferenceAssemblies\unity-4.8-api\Facades\System.ComponentModel.EventBasedAsync.dll" /reference:"C:\Program Files\Unity\Hub\Editor\6000.4.6f1\Editor\Data\UnityReferenceAssemblies\unity-4.8-api\Facades\System.ComponentModel.Primitives.dll" /reference:"C:\Program Files\Unity\Hub\Editor\6000.4.6f1\Editor\Data\UnityReferenceAssemblies\unity-4.8-api\Facades\System.ComponentModel.TypeConverter.dll" /reference:"C:\Program Files\Unity\Hub\Editor\6000.4.6f1\Editor\Data\UnityReferenceAssemblies\unity-4.8-api\Facades\System.Console.dll" /reference:"C:\Program Files\Unity\Hub\Editor\6000.4.6f1\Editor\Data\UnityReferenceAssemblies\unity-4.8-api\System.Core.dll" /reference:"C:\Program Files\Unity\Hub\Editor\6000.4.6f1\Editor\Data\UnityReferenceAssemblies\unity-4.8-api\Facades\System.Data.Common.dll" /reference:"C:\Program Files\Unity\Hub\Editor\6000.4.6f1\Editor\Data\UnityReferenceAssemblies\unity-4.8-api\System.Data.DataSetExtensions.dll" /reference:"C:\Program Files\Unity\Hub\Editor\6000.4.6f1\Editor\Data\UnityReferenceAssemblies\unity-4.8-api\System.Data.dll" /reference:"C:\Program Files\Unity\Hub\Editor\6000.4.6f1\Editor\Data\UnityReferenceAssemblies\unity-4.8-api\Facades\System.Diagnostics.Contracts.dll" /reference:"C:\Program Files\Unity\Hub\Editor\6000.4.6f1\Editor\Data\UnityReferenceAssemblies\unity-4.8-api\Facades\System.Diagnostics.Debug.dll" /reference:"C:\Program Files\Unity\Hub\Editor\6000.4.6f1\Editor\Data\UnityReferenceAssemblies\unity-4.8-api\Facades\System.Diagnostics.FileVersionInfo.dll" /reference:"C:\Program Files\Unity\Hub\Editor\6000.4.6f1\Editor\Data\UnityReferenceAssemblies\unity-4.8-api\Facades\System.Diagnostics.Process.dll" /reference:"C:\Program Files\Unity\Hub\Editor\6000.4.6f1\Editor\Data\UnityReferenceAssemblies\unity-4.8-api\Facades\System.Diagnostics.StackTrace.dll" /reference:"C:\Program Files\Unity\Hub\Editor\6000.4.6f1\Editor\Data\UnityReferenceAssemblies\unity-4.8-api\Facades\System.Diagnostics.TextWriterTraceListener.dll" /reference:"C:\Program Files\Unity\Hub\Editor\6000.4.6f1\Editor\Data\UnityReferenceAssemblies\unity-4.8-api\Facades\System.Diagnostics.Tools.dll" /reference:"C:\Program Files\Unity\Hub\Editor\6000.4.6f1\Editor\Data\UnityReferenceAssemblies\unity-4.8-api\Facades\System.Diagnostics.TraceSource.dll" /reference:"C:\Program Files\Unity\Hub\Editor\6000.4.6f1\Editor\Data\UnityReferenceAssemblies\unity-4.8-api\System.dll" /reference:"C:\Program Files\Unity\Hub\Editor\6000.4.6f1\Editor\Data\UnityReferenceAssemblies\unity-4.8-api\System.Drawing.dll" /reference:"C:\Program Files\Unity\Hub\Editor\6000.4.6f1\Editor\Data\UnityReferenceAssemblies\unity-4.8-api\Facades\System.Drawing.Primitives.dll" /reference:"C:\Program Files\Unity\Hub\Editor\6000.4.6f1\Editor\Data\UnityReferenceAssemblies\unity-4.8-api\Facades\System.Dynamic.Runtime.dll" /reference:"C:\Program Files\Unity\Hub\Editor\6000.4.6f1\Editor\Data\UnityReferenceAssemblies\unity-4.8-api\Facades\System.Globalization.Calendars.dll" /reference:"C:\Program Files\Unity\Hub\Editor\6000.4.6f1\Editor\Data\UnityReferenceAssemblies\unity-4.8-api\Facades\System.Globalization.dll" /reference:"C:\Program Files\Unity\Hub\Editor\6000.4.6f1\Editor\Data\UnityReferenceAssemblies\unity-4.8-api\Facades\System.Globalization.Extensions.dll" /reference:"C:\Program Files\Unity\Hub\Editor\6000.4.6f1\Editor\Data\UnityReferenceAssemblies\unity-4.8-api\System.IO.Compression.dll" /reference:"C:\Program Files\Unity\Hub\Editor\6000.4.6f1\Editor\Data\UnityReferenceAssemblies\unity-4.8-api\System.IO.Compression.FileSystem.dll" /reference:"C:\Program Files\Unity\Hub\Editor\6000.4.6f1\Editor\Data\UnityReferenceAssemblies\unity-4.8-api\Facades\System.IO.Compression.ZipFile.dll" /reference:"C:\Program Files\Unity\Hub\Editor\6000.4.6f1\Editor\Data\UnityReferenceAssemblies\unity-4.8-api\Facades\System.IO.dll" /reference:"C:\Program Files\Unity\Hub\Editor\6000.4.6f1\Editor\Data\UnityReferenceAssemblies\unity-4.8-api\Facades\System.IO.FileSystem.dll" /reference:"C:\Program Files\Unity\Hub\Editor\6000.4.6f1\Editor\Data\UnityReferenceAssemblies\unity-4.8-api\Facades\System.IO.FileSystem.DriveInfo.dll" /reference:"C:\Program Files\Unity\Hub\Editor\6000.4.6f1\Editor\Data\UnityReferenceAssemblies\unity-4.8-api\Facades\System.IO.FileSystem.Primitives.dll" /reference:"C:\Program Files\Unity\Hub\Editor\6000.4.6f1\Editor\Data\UnityReferenceAssemblies\unity-4.8-api\Facades\System.IO.FileSystem.Watcher.dll" /reference:"C:\Users\macar\BombCourier\Library\PackageCache\com.unity.collections@65f499a3cc26\Unity.Collections.Tests\System.IO.Hashing\System.IO.Hashing.dll" /reference:"C:\Program Files\Unity\Hub\Editor\6000.4.6f1\Editor\Data\UnityReferenceAssemblies\unity-4.8-api\Facades\System.IO.IsolatedStorage.dll" /reference:"C:\Program Files\Unity\Hub\Editor\6000.4.6f1\Editor\Data\UnityReferenceAssemblies\unity-4.8-api\Facades\System.IO.MemoryMappedFiles.dll" /reference:"C:\Program Files\Unity\Hub\Editor\6000.4.6f1\Editor\Data\UnityReferenceAssemblies\unity-4.8-api\Facades\System.IO.Pipes.dll" /reference:"C:\Program Files\Unity\Hub\Editor\6000.4.6f1\Editor\Data\UnityReferenceAssemblies\unity-4.8-api\Facades\System.IO.UnmanagedMemoryStream.dll" /reference:"C:\Program Files\Unity\Hub\Editor\6000.4.6f1\Editor\Data\UnityReferenceAssemblies\unity-4.8-api\Facades\System.Linq.dll" /reference:"C:\Program Files\Unity\Hub\Editor\6000.4.6f1\Editor\Data\UnityReferenceAssemblies\unity-4.8-api\Facades\System.Linq.Expressions.dll" /reference:"C:\Program Files\Unity\Hub\Editor\6000.4.6f1\Editor\Data\UnityReferenceAssemblies\unity-4.8-api\Facades\System.Linq.Parallel.dll" /reference:"C:\Program Files\Unity\Hub\Editor\6000.4.6f1\Editor\Data\UnityReferenceAssemblies\unity-4.8-api\Facades\System.Linq.Queryable.dll" /reference:"C:\Program Files\Unity\Hub\Editor\6000.4.6f1\Editor\Data\UnityReferenceAssemblies\unity-4.8-api\Facades\System.Memory.dll" /reference:"C:\Program Files\Unity\Hub\Editor\6000.4.6f1\Editor\Data\UnityReferenceAssemblies\unity-4.8-api\System.Net.Http.dll" /reference:"C:\Program Files\Unity\Hub\Editor\6000.4.6f1\Editor\Data\UnityReferenceAssemblies\unity-4.8-api\Facades\System.Net.Http.Rtc.dll" /reference:"C:\Program Files\Unity\Hub\Editor\6000.4.6f1\Editor\Data\UnityReferenceAssemblies\unity-4.8-api\Facades\System.Net.NameResolution.dll" /reference:"C:\Program Files\Unity\Hub\Editor\6000.4.6f1\Editor\Data\UnityReferenceAssemblies\unity-4.8-api\Facades\System.Net.NetworkInformation.dll" /reference:"C:\Program Files\Unity\Hub\Editor\6000.4.6f1\Editor\Data\UnityReferenceAssemblies\unity-4.8-api\Facades\System.Net.Ping.dll" /reference:"C:\Program Files\Unity\Hub\Editor\6000.4.6f1\Editor\Data\UnityReferenceAssemblies\unity-4.8-api\Facades\System.Net.Primitives.dll" /reference:"C:\Program Files\Unity\Hub\Editor\6000.4.6f1\Editor\Data\UnityReferenceAssemblies\unity-4.8-api\Facades\System.Net.Requests.dll" /reference:"C:\Program Files\Unity\Hub\Editor\6000.4.6f1\Editor\Data\UnityReferenceAssemblies\unity-4.8-api\Facades\System.Net.Security.dll" /reference:"C:\Program Files\Unity\Hub\Editor\6000.4.6f1\Editor\Data\UnityReferenceAssemblies\unity-4.8-api\Facades\System.Net.Sockets.dll" /reference:"C:\Program Files\Unity\Hub\Editor\6000.4.6f1\Editor\Data\UnityReferenceAssemblies\unity-4.8-api\Facades\System.Net.WebHeaderCollection.dll" /reference:"C:\Program Files\Unity\Hub\Editor\6000.4.6f1\Editor\Data\UnityReferenceAssemblies\unity-4.8-api\Facades\System.Net.WebSockets.Client.dll" /reference:"C:\Program Files\Unity\Hub\Editor\6000.4.6f1\Editor\Data\UnityReferenceAssemblies\unity-4.8-api\Facades\System.Net.WebSockets.dll" /reference:"C:\Program Files\Unity\Hub\Editor\6000.4.6f1\Editor\Data\UnityReferenceAssemblies\unity-4.8-api\System.Numerics.dll" /reference:"C:\Program Files\Unity\Hub\Editor\6000.4.6f1\Editor\Data\UnityReferenceAssemblies\unity-4.8-api\System.Numerics.Vectors.dll" /reference:"C:\Program Files\Unity\Hub\Editor\6000.4.6f1\Editor\Data\UnityReferenceAssemblies\unity-4.8-api\Facades\System.ObjectModel.dll" /reference:"C:\Program Files\Unity\Hub\Editor\6000.4.6f1\Editor\Data\UnityReferenceAssemblies\unity-4.8-api\Facades\System.Reflection.DispatchProxy.dll" /reference:"C:\Program Files\Unity\Hub\Editor\6000.4.6f1\Editor\Data\UnityReferenceAssemblies\unity-4.8-api\Facades\System.Reflection.dll" /reference:"C:\Program Files\Unity\Hub\Editor\6000.4.6f1\Editor\Data\UnityReferenceAssemblies\unity-4.8-api\Facades\System.Reflection.Emit.dll" /reference:"C:\Program Files\Unity\Hub\Editor\6000.4.6f1\Editor\Data\UnityReferenceAssemblies\unity-4.8-api\Facades\System.Reflection.Emit.ILGeneration.dll" /reference:"C:\Program Files\Unity\Hub\Editor\6000.4.6f1\Editor\Data\UnityReferenceAssemblies\unity-4.8-api\Facades\System.Reflection.Emit.Lightweight.dll" /reference:"C:\Program Files\Unity\Hub\Editor\6000.4.6f1\Editor\Data\UnityReferenceAssemblies\unity-4.8-api\Facades\System.Reflection.Extensions.dll" /reference:"C:\Program Files\Unity\Hub\Editor\6000.4.6f1\Editor\Data\UnityReferenceAssemblies\unity-4.8-api\Facades\System.Reflection.Primitives.dll" /reference:"C:\Program Files\Unity\Hub\Editor\6000.4.6f1\Editor\Data\UnityReferenceAssemblies\unity-4.8-api\Facades\System.Resources.Reader.dll" /reference:"C:\Program Files\Unity\Hub\Editor\6000.4.6f1\Editor\Data\UnityReferenceAssemblies\unity-4.8-api\Facades\System.Resources.ResourceManager.dll" /reference:"C:\Program Files\Unity\Hub\Editor\6000.4.6f1\Editor\Data\UnityReferenceAssemblies\unity-4.8-api\Facades\System.Resources.Writer.dll" /reference:"C:\Users\macar\BombCourier\Library\PackageCache\com.unity.collections@65f499a3cc26\Unity.Collections.Tests\System.Runtime.CompilerServices.Unsafe\System.Runtime.CompilerServices.Unsafe.dll" /reference:"C:\Program Files\Unity\Hub\Editor\6000.4.6f1\Editor\Data\UnityReferenceAssemblies\unity-4.8-api\Facades\System.Runtime.CompilerServices.VisualC.dll" /reference:"C:\Program Files\Unity\Hub\Editor\6000.4.6f1\Editor\Data\UnityReferenceAssemblies\unity-4.8-api\Facades\System.Runtime.dll" /reference:"C:\Program Files\Unity\Hub\Editor\6000.4.6f1\Editor\Data\UnityReferenceAssemblies\unity-4.8-api\Facades\System.Runtime.Extensions.dll" /reference:"C:\Program Files\Unity\Hub\Editor\6000.4.6f1\Editor\Data\UnityReferenceAssemblies\unity-4.8-api\Facades\System.Runtime.Handles.dll" /reference:"C:\Program Files\Unity\Hub\Editor\6000.4.6f1\Editor\Data\UnityReferenceAssemblies\unity-4.8-api\Facades\System.Runtime.InteropServices.dll" /reference:"C:\Program Files\Unity\Hub\Editor\6000.4.6f1\Editor\Data\UnityReferenceAssemblies\unity-4.8-api\Facades\System.Runtime.InteropServices.RuntimeInformation.dll" /reference:"C:\Program Files\Unity\Hub\Editor\6000.4.6f1\Editor\Data\UnityReferenceAssemblies\unity-4.8-api\Facades\System.Runtime.InteropServices.WindowsRuntime.dll" /reference:"C:\Program Files\Unity\Hub\Editor\6000.4.6f1\Editor\Data\UnityReferenceAssemblies\unity-4.8-api\Facades\System.Runtime.Numerics.dll" /reference:"C:\Program Files\Unity\Hub\Editor\6000.4.6f1\Editor\Data\UnityReferenceAssemblies\unity-4.8-api\System.Runtime.Serialization.dll" /reference:"C:\Program Files\Unity\Hub\Editor\6000.4.6f1\Editor\Data\UnityReferenceAssemblies\unity-4.8-api\Facades\System.Runtime.Serialization.Formatters.dll" /reference:"C:\Program Files\Unity\Hub\Editor\6000.4.6f1\Editor\Data\UnityReferenceAssemblies\unity-4.8-api\Facades\System.Runtime.Serialization.Json.dll" /reference:"C:\Program Files\Unity\Hub\Editor\6000.4.6f1\Editor\Data\UnityReferenceAssemblies\unity-4.8-api\Facades\System.Runtime.Serialization.Primitives.dll" /reference:"C:\Program Files\Unity\Hub\Editor\6000.4.6f1\Editor\Data\UnityReferenceAssemblies\unity-4.8-api\Facades\System.Runtime.Serialization.Xml.dll" /reference:"C:\Program Files\Unity\Hub\Editor\6000.4.6f1\Editor\Data\UnityReferenceAssemblies\unity-4.8-api\Facades\System.Security.Claims.dll" /reference:"C:\Program Files\Unity\Hub\Editor\6000.4.6f1\Editor\Data\UnityReferenceAssemblies\unity-4.8-api\Facades\System.Security.Cryptography.Algorithms.dll" /reference:"C:\Program Files\Unity\Hub\Editor\6000.4.6f1\Editor\Data\UnityReferenceAssemblies\unity-4.8-api\Facades\System.Security.Cryptography.Csp.dll" /reference:"C:\Program Files\Unity\Hub\Editor\6000.4.6f1\Editor\Data\UnityReferenceAssemblies\unity-4.8-api\Facades\System.Security.Cryptography.Encoding.dll" /reference:"C:\Program Files\Unity\Hub\Editor\6000.4.6f1\Editor\Data\UnityReferenceAssemblies\unity-4.8-api\Facades\System.Security.Cryptography.Primitives.dll" /reference:"C:\Program Files\Unity\Hub\Editor\6000.4.6f1\Editor\Data\UnityReferenceAssemblies\unity-4.8-api\Facades\System.Security.Cryptography.X509Certificates.dll" /reference:"C:\Program Files\Unity\Hub\Editor\6000.4.6f1\Editor\Data\UnityReferenceAssemblies\unity-4.8-api\Facades\System.Security.Principal.dll" /reference:"C:\Program Files\Unity\Hub\Editor\6000.4.6f1\Editor\Data\UnityReferenceAssemblies\unity-4.8-api\Facades\System.Security.SecureString.dll" /reference:"C:\Program Files\Unity\Hub\Editor\6000.4.6f1\Editor\Data\UnityReferenceAssemblies\unity-4.8-api\Facades\System.ServiceModel.Duplex.dll" /reference:"C:\Program Files\Unity\Hub\Editor\6000.4.6f1\Editor\Data\UnityReferenceAssemblies\unity-4.8-api\Facades\System.ServiceModel.Http.dll" /reference:"C:\Program Files\Unity\Hub\Editor\6000.4.6f1\Editor\Data\UnityReferenceAssemblies\unity-4.8-api\Facades\System.ServiceModel.NetTcp.dll" /reference:"C:\Program Files\Unity\Hub\Editor\6000.4.6f1\Editor\Data\UnityReferenceAssemblies\unity-4.8-api\Facades\System.ServiceModel.Primitives.dll" /reference:"C:\Program Files\Unity\Hub\Editor\6000.4.6f1\Editor\Data\UnityReferenceAssemblies\unity-4.8-api\Facades\System.ServiceModel.Security.dll" /reference:"C:\Program Files\Unity\Hub\Editor\6000.4.6f1\Editor\Data\UnityReferenceAssemblies\unity-4.8-api\Facades\System.Text.Encoding.dll" /reference:"C:\Program Files\Unity\Hub\Editor\6000.4.6f1\Editor\Data\UnityReferenceAssemblies\unity-4.8-api\Facades\System.Text.Encoding.Extensions.dll" /reference:"C:\Program Files\Unity\Hub\Editor\6000.4.6f1\Editor\Data\UnityReferenceAssemblies\unity-4.8-api\Facades\System.Text.RegularExpressions.dll" /reference:"C:\Program Files\Unity\Hub\Editor\6000.4.6f1\Editor\Data\UnityReferenceAssemblies\unity-4.8-api\Facades\System.Threading.dll" /reference:"C:\Program Files\Unity\Hub\Editor\6000.4.6f1\Editor\Data\UnityReferenceAssemblies\unity-4.8-api\Facades\System.Threading.Overlapped.dll" /reference:"C:\Program Files\Unity\Hub\Editor\6000.4.6f1\Editor\Data\UnityReferenceAssemblies\unity-4.8-api\Facades\System.Threading.Tasks.dll" /reference:"C:\Program Files\Unity\Hub\Editor\6000.4.6f1\Editor\Data\UnityReferenceAssemblies\unity-4.8-api\Facades\System.Threading.Tasks.Extensions.dll" /reference:"C:\Program Files\Unity\Hub\Editor\6000.4.6f1\Editor\Data\UnityReferenceAssemblies\unity-4.8-api\Facades\System.Threading.Tasks.Parallel.dll" /reference:"C:\Program Files\Unity\Hub\Editor\6000.4.6f1\Editor\Data\UnityReferenceAssemblies\unity-4.8-api\Facades\System.Threading.Thread.dll" /reference:"C:\Program Files\Unity\Hub\Editor\6000.4.6f1\Editor\Data\UnityReferenceAssemblies\unity-4.8-api\Facades\System.Threading.ThreadPool.dll" /reference:"C:\Program Files\Unity\Hub\Editor\6000.4.6f1\Editor\Data\UnityReferenceAssemblies\unity-4.8-api\Facades\System.Threading.Timer.dll" /reference:"C:\Program Files\Unity\Hub\Editor\6000.4.6f1\Editor\Data\UnityReferenceAssemblies\unity-4.8-api\System.Transactions.dll" /reference:"C:\Program Files\Unity\Hub\Editor\6000.4.6f1\Editor\Data\UnityReferenceAssemblies\unity-4.8-api\Facades\System.ValueTuple.dll" /reference:"C:\Program Files\Unity\Hub\Editor\6000.4.6f1\Editor\Data\UnityReferenceAssemblies\unity-4.8-api\System.Xml.dll" /reference:"C:\Program Files\Unity\Hub\Editor\6000.4.6f1\Editor\Data\UnityReferenceAssemblies\unity-4.8-api\System.Xml.Linq.dll" /reference:"C:\Program Files\Unity\Hub\Editor\6000.4.6f1\Editor\Data\UnityReferenceAssemblies\unity-4.8-api\Facades\System.Xml.ReaderWriter.dll" /reference:"C:\Program Files\Unity\Hub\Editor\6000.4.6f1\Editor\Data\UnityReferenceAssemblies\unity-4.8-api\Facades\System.Xml.XDocument.dll" /reference:"C:\Program Files\Unity\Hub\Editor\6000.4.6f1\Editor\Data\UnityReferenceAssemblies\unity-4.8-api\Facades\System.Xml.XmlDocument.dll" /reference:"C:\Program Files\Unity\Hub\Editor\6000.4.6f1\Editor\Data\UnityReferenceAssemblies\unity-4.8-api\Facades\System.Xml.XmlSerializer.dll" /reference:"C:\Program Files\Unity\Hub\Editor\6000.4.6f1\Editor\Data\UnityReferenceAssemblies\unity-4.8-api\Facades\System.Xml.XPath.dll" /reference:"C:\Program Files\Unity\Hub\Editor\6000.4.6f1\Editor\Data\UnityReferenceAssemblies\unity-4.8-api\Facades\System.Xml.XPath.XDocument.dll" /reference:"C:\Users\macar\BombCourier\Library\PackageCache\com.unity.collab-proxy@0b1559bcd34e\Lib\Editor\TextMateSharp\TextMateSharpPlastic.dll" /reference:"C:\Users\macar\BombCourier\Library\PackageCache\com.unity.collab-proxy@0b1559bcd34e\Lib\Editor\TextMateSharp\TextMateSharpPlastic.Grammars.dll" /reference:"C:\Program Files\Unity\Hub\Editor\6000.4.6f1\Editor\Data\PlaybackEngines\AndroidPlayer\Unity.Android.Gradle.dll" /reference:"C:\Program Files\Unity\Hub\Editor\6000.4.6f1\Editor\Data\PlaybackEngines\AndroidPlayer\Unity.Android.Types.dll" /reference:"C:\Users\macar\BombCourier\Library\PackageCache\com.unity.collections@65f499a3cc26\Unity.Collections.LowLevel.ILSupport\Unity.Collections.LowLevel.ILSupport.dll" /reference:C:\Users\macar\BombCourier\Library\ScriptAssemblies\Unity.Mathematics.dll /reference:"C:\Users\macar\BombCourier\Library\PackageCache\com.unity.collab-proxy@0b1559bcd34e\Lib\Editor\Unity.Plastic.Antlr3.Runtime.dll" /reference:"C:\Users\macar\BombCourier\Library\PackageCache\com.unity.collab-proxy@0b1559bcd34e\Lib\Editor\Unity.Plastic.Newtonsoft.Json.dll" /reference:"C:\Program Files\Unity\Hub\Editor\6000.4.6f1\Editor\Data\Managed\UnityEngine\Unity.Scripting.dll" /reference:"C:\Users\macar\BombCourier\Library\PackageCache\com.unity.visualscripting@8bed5ad90189\Runtime\VisualScripting.Flow\Dependencies\NCalc\Unity.VisualScripting.Antlr3.Runtime.dll" /reference:"C:\Users\macar\BombCourier\Library\PackageCache\com.unity.visualscripting@8bed5ad90189\Editor\VisualScripting.Core\Dependencies\DotNetZip\Unity.VisualScripting.IonicZip.dll" /reference:"C:\Users\macar\BombCourier\Library\PackageCache\com.unity.visualscripting@8bed5ad90189\Editor\VisualScripting.Core\EditorAssetResources\Unity.VisualScripting.TextureAssets.dll" /reference:"C:\Users\macar\BombCourier\Library\PackageCache\com.unity.visualscripting@8bed5ad90189\Editor\VisualScripting.Core\Dependencies\YamlDotNet\Unity.VisualScripting.YamlDotNet.dll" /reference:"C:\Program Files\Unity\Hub\Editor\6000.4.6f1\Editor\Data\Managed\UnityEngine\UnityEditor.AccessibilityModule.dll" /reference:"C:\Program Files\Unity\Hub\Editor\6000.4.6f1\Editor\Data\Managed\UnityEngine\UnityEditor.AdaptivePerformanceModule.dll" /reference:"C:\Program Files\Unity\Hub\Editor\6000.4.6f1\Editor\Data\PlaybackEngines\AndroidPlayer\UnityEditor.Android.Extensions.dll" /reference:"C:\Program Files\Unity\Hub\Editor\6000.4.6f1\Editor\Data\Managed\UnityEngine\UnityEditor.AssetComplianceModule.dll" /reference:"C:\Program Files\Unity\Hub\Editor\6000.4.6f1\Editor\Data\Managed\UnityEngine\UnityEditor.BuildProfileModule.dll" /reference:"C:\Program Files\Unity\Hub\Editor\6000.4.6f1\Editor\Data\Managed\UnityEngine\UnityEditor.ClothModule.dll" /reference:"C:\Program Files\Unity\Hub\Editor\6000.4.6f1\Editor\Data\Managed\UnityEngine\UnityEditor.CoreBusinessMetricsModule.dll" /reference:"C:\Program Files\Unity\Hub\Editor\6000.4.6f1\Editor\Data\Managed\UnityEngine\UnityEditor.CoreModule.dll" /reference:"C:\Program Files\Unity\Hub\Editor\6000.4.6f1\Editor\Data\Managed\UnityEngine\UnityEditor.DeviceSimulatorModule.dll" /reference:"C:\Program Files\Unity\Hub\Editor\6000.4.6f1\Editor\Data\Managed\UnityEngine\UnityEditor.DiagnosticsModule.dll" /reference:"C:\Program Files\Unity\Hub\Editor\6000.4.6f1\Editor\Data\Managed\UnityEngine\UnityEditor.dll" /reference:"C:\Program Files\Unity\Hub\Editor\6000.4.6f1\Editor\Data\Managed\UnityEngine\UnityEditor.EditorToolbarModule.dll" /reference:"C:\Program Files\Unity\Hub\Editor\6000.4.6f1\Editor\Data\Managed\UnityEngine\UnityEditor.EmbreeModule.dll" /reference:"C:\Program Files\Unity\Hub\Editor\6000.4.6f1\Editor\Data\Managed\UnityEngine\UnityEditor.GIModule.dll" /reference:"C:\Program Files\Unity\Hub\Editor\6000.4.6f1\Editor\Data\Managed\UnityEngine\UnityEditor.GraphicsStateCollectionSerializerModule.dll" /reference:"C:\Program Files\Unity\Hub\Editor\6000.4.6f1\Editor\Data\Managed\UnityEditor.Graphs.dll" /reference:"C:\Program Files\Unity\Hub\Editor\6000.4.6f1\Editor\Data\Managed\UnityEngine\UnityEditor.GraphToolkitModule.dll" /reference:"C:\Program Files\Unity\Hub\Editor\6000.4.6f1\Editor\Data\Managed\UnityEngine\UnityEditor.GraphViewModule.dll" /reference:"C:\Program Files\Unity\Hub\Editor\6000.4.6f1\Editor\Data\Managed\UnityEngine\UnityEditor.GridAndSnapModule.dll" /reference:"C:\Program Files\Unity\Hub\Editor\6000.4.6f1\Editor\Data\Managed\UnityEngine\UnityEditor.GridModule.dll" /reference:"C:\Program Files\Unity\Hub\Editor\6000.4.6f1\Editor\Data\Managed\UnityEngine\UnityEditor.HierarchyModule.dll" /reference:"C:\Program Files\Unity\Hub\Editor\6000.4.6f1\Editor\Data\Managed\UnityEngine\UnityEditor.MediaModule.dll" /reference:"C:\Program Files\Unity\Hub\Editor\6000.4.6f1\Editor\Data\Managed\UnityEngine\UnityEditor.MultiplayerModule.dll" /reference:"C:\Program Files\Unity\Hub\Editor\6000.4.6f1\Editor\Data\Managed\UnityEngine\UnityEditor.Physics2DModule.dll" /reference:"C:\Program Files\Unity\Hub\Editor\6000.4.6f1\Editor\Data\Managed\UnityEngine\UnityEditor.PhysicsModule.dll" /reference:"C:\Program Files\Unity\Hub\Editor\6000.4.6f1\Editor\Data\Managed\UnityEngine\UnityEditor.PlayModeModule.dll" /reference:"C:\Program Files\Unity\Hub\Editor\6000.4.6f1\Editor\Data\Managed\UnityEngine\UnityEditor.PresetsUIModule.dll" /reference:"C:\Program Files\Unity\Hub\Editor\6000.4.6f1\Editor\Data\Managed\UnityEngine\UnityEditor.ProjectAuditorModule.dll" /reference:"C:\Program Files\Unity\Hub\Editor\6000.4.6f1\Editor\Data\Managed\UnityEngine\UnityEditor.PropertiesModule.dll" /reference:"C:\Program Files\Unity\Hub\Editor\6000.4.6f1\Editor\Data\Managed\UnityEngine\UnityEditor.QuickInstallModule.dll" /reference:"C:\Program Files\Unity\Hub\Editor\6000.4.6f1\Editor\Data\Managed\UnityEngine\UnityEditor.QuickSearchModule.dll" /reference:"C:\Program Files\Unity\Hub\Editor\6000.4.6f1\Editor\Data\Managed\UnityEngine\UnityEditor.SafeModeModule.dll" /reference:"C:\Program Files\Unity\Hub\Editor\6000.4.6f1\Editor\Data\Managed\UnityEngine\UnityEditor.SceneTemplateModule.dll" /reference:"C:\Program Files\Unity\Hub\Editor\6000.4.6f1\Editor\Data\Managed\UnityEngine\UnityEditor.SceneViewModule.dll" /reference:"C:\Program Files\Unity\Hub\Editor\6000.4.6f1\Editor\Data\Managed\UnityEngine\UnityEditor.ShaderBuildSettingsModule.dll" /reference:"C:\Program Files\Unity\Hub\Editor\6000.4.6f1\Editor\Data\Managed\UnityEngine\UnityEditor.ShaderCompilationModule.dll" /reference:"C:\Program Files\Unity\Hub\Editor\6000.4.6f1\Editor\Data\Managed\UnityEngine\UnityEditor.ShaderFoundryModule.dll" /reference:"C:\Program Files\Unity\Hub\Editor\6000.4.6f1\Editor\Data\Managed\UnityEngine\UnityEditor.SketchUpModule.dll" /reference:"C:\Program Files\Unity\Hub\Editor\6000.4.6f1\Editor\Data\Managed\UnityEngine\UnityEditor.SpriteMaskModule.dll" /reference:"C:\Program Files\Unity\Hub\Editor\6000.4.6f1\Editor\Data\Managed\UnityEngine\UnityEditor.SpriteShapeModule.dll" /reference:"C:\Program Files\Unity\Hub\Editor\6000.4.6f1\Editor\Data\Managed\UnityEngine\UnityEditor.SubstanceModule.dll" /reference:"C:\Program Files\Unity\Hub\Editor\6000.4.6f1\Editor\Data\Managed\UnityEngine\UnityEditor.TerrainModule.dll" /reference:C:\Users\macar\BombCourier\Library\ScriptAssemblies\UnityEditor.TestRunner.dll /reference:"C:\Program Files\Unity\Hub\Editor\6000.4.6f1\Editor\Data\Managed\UnityEngine\UnityEditor.TextCoreFontEngineModule.dll" /reference:"C:\Program Files\Unity\Hub\Editor\6000.4.6f1\Editor\Data\Managed\UnityEngine\UnityEditor.TextCoreTextEngineModule.dll" /reference:"C:\Program Files\Unity\Hub\Editor\6000.4.6f1\Editor\Data\Managed\UnityEngine\UnityEditor.TextRenderingModule.dll" /reference:"C:\Program Files\Unity\Hub\Editor\6000.4.6f1\Editor\Data\Managed\UnityEngine\UnityEditor.TilemapModule.dll" /reference:"C:\Program Files\Unity\Hub\Editor\6000.4.6f1\Editor\Data\Managed\UnityEngine\UnityEditor.TreeModule.dll" /reference:C:\Users\macar\BombCourier\Library\ScriptAssemblies\UnityEditor.UI.dll /reference:"C:\Program Files\Unity\Hub\Editor\6000.4.6f1\Editor\Data\Managed\UnityEngine\UnityEditor.UIAutomationModule.dll" /reference:"C:\Program Files\Unity\Hub\Editor\6000.4.6f1\Editor\Data\Managed\UnityEngine\UnityEditor.UIBuilderModule.dll" /reference:"C:\Program Files\Unity\Hub\Editor\6000.4.6f1\Editor\Data\Managed\UnityEngine\UnityEditor.UIElementsModule.dll" /reference:"C:\Program Files\Unity\Hub\Editor\6000.4.6f1\Editor\Data\Managed\UnityEngine\UnityEditor.UIElementsSamplesModule.dll" /reference:"C:\Program Files\Unity\Hub\Editor\6000.4.6f1\Editor\Data\Managed\UnityEngine\UnityEditor.UIToolkitAuthoringModule.dll" /reference:"C:\Program Files\Unity\Hub\Editor\6000.4.6f1\Editor\Data\Managed\UnityEngine\UnityEditor.UmbraModule.dll" /reference:"C:\Program Files\Unity\Hub\Editor\6000.4.6f1\Editor\Data\Managed\UnityEngine\UnityEditor.UnityConnectModule.dll" /reference:"C:\Program Files\Unity\Hub\Editor\6000.4.6f1\Editor\Data\PlaybackEngines\MetroSupport\UnityEditor.UWP.Extensions.dll" /reference:"C:\Program Files\Unity\Hub\Editor\6000.4.6f1\Editor\Data\Managed\UnityEngine\UnityEditor.VectorGraphicsModule.dll" /reference:"C:\Program Files\Unity\Hub\Editor\6000.4.6f1\Editor\Data\Managed\UnityEngine\UnityEditor.VFXModule.dll" /reference:"C:\Program Files\Unity\Hub\Editor\6000.4.6f1\Editor\Data\Managed\UnityEngine\UnityEditor.VideoModule.dll" /reference:"C:\Program Files\Unity\Hub\Editor\6000.4.6f1\Editor\Data\PlaybackEngines\WebGLSupport\UnityEditor.WebGL.Extensions.dll" /reference:"C:\Program Files\Unity\Hub\Editor\6000.4.6f1\Editor\Data\PlaybackEngines\WindowsStandaloneSupport\UnityEditor.WindowsStandalone.Extensions.dll" /reference:"C:\Program Files\Unity\Hub\Editor\6000.4.6f1\Editor\Data\Managed\UnityEngine\UnityEditor.XRModule.dll" /reference:"C:\Program Files\Unity\Hub\Editor\6000.4.6f1\Editor\Data\Managed\UnityEngine\UnityEngine.AccessibilityModule.dll" /reference:"C:\Program Files\Unity\Hub\Editor\6000.4.6f1\Editor\Data\Managed\UnityEngine\UnityEngine.AdaptivePerformanceModule.dll" /reference:"C:\Program Files\Unity\Hub\Editor\6000.4.6f1\Editor\Data\Managed\UnityEngine\UnityEngine.AIModule.dll" /reference:"C:\Program Files\Unity\Hub\Editor\6000.4.6f1\Editor\Data\Managed\UnityEngine\UnityEngine.AMDModule.dll" /reference:"C:\Program Files\Unity\Hub\Editor\6000.4.6f1\Editor\Data\Managed\UnityEngine\UnityEngine.AndroidJNIModule.dll" /reference:"C:\Program Files\Unity\Hub\Editor\6000.4.6f1\Editor\Data\Managed\UnityEngine\UnityEngine.AnimationModule.dll" /reference:"C:\Program Files\Unity\Hub\Editor\6000.4.6f1\Editor\Data\Managed\UnityEngine\UnityEngine.ARModule.dll" /reference:"C:\Program Files\Unity\Hub\Editor\6000.4.6f1\Editor\Data\Managed\UnityEngine\UnityEngine.AssetBundleModule.dll" /reference:"C:\Program Files\Unity\Hub\Editor\6000.4.6f1\Editor\Data\Managed\UnityEngine\UnityEngine.AudioModule.dll" /reference:"C:\Program Files\Unity\Hub\Editor\6000.4.6f1\Editor\Data\Managed\UnityEngine\UnityEngine.ClothModule.dll" /reference:"C:\Program Files\Unity\Hub\Editor\6000.4.6f1\Editor\Data\Managed\UnityEngine\UnityEngine.ClusterInputModule.dll" /reference:"C:\Program Files\Unity\Hub\Editor\6000.4.6f1\Editor\Data\Managed\UnityEngine\UnityEngine.ClusterRendererModule.dll" /reference:"C:\Program Files\Unity\Hub\Editor\6000.4.6f1\Editor\Data\Managed\UnityEngine\UnityEngine.ContentLoadModule.dll" /reference:"C:\Program Files\Unity\Hub\Editor\6000.4.6f1\Editor\Data\Managed\UnityEngine\UnityEngine.CoreModule.dll" /reference:"C:\Program Files\Unity\Hub\Editor\6000.4.6f1\Editor\Data\Managed\UnityEngine\UnityEngine.CrashReportingModule.dll" /reference:"C:\Program Files\Unity\Hub\Editor\6000.4.6f1\Editor\Data\Managed\UnityEngine\UnityEngine.DirectorModule.dll" /reference:"C:\Program Files\Unity\Hub\Editor\6000.4.6f1\Editor\Data\Managed\UnityEngine\UnityEngine.dll" /reference:"C:\Program Files\Unity\Hub\Editor\6000.4.6f1\Editor\Data\Managed\UnityEngine\UnityEngine.DSPGraphModule.dll" /reference:"C:\Program Files\Unity\Hub\Editor\6000.4.6f1\Editor\Data\Managed\UnityEngine\UnityEngine.GameCenterModule.dll" /reference:"C:\Program Files\Unity\Hub\Editor\6000.4.6f1\Editor\Data\Managed\UnityEngine\UnityEngine.GIModule.dll" /reference:"C:\Program Files\Unity\Hub\Editor\6000.4.6f1\Editor\Data\Managed\UnityEngine\UnityEngine.GraphicsStateCollectionSerializerModule.dll" /reference:"C:\Program Files\Unity\Hub\Editor\6000.4.6f1\Editor\Data\Managed\UnityEngine\UnityEngine.GridModule.dll" /reference:"C:\Program Files\Unity\Hub\Editor\6000.4.6f1\Editor\Data\Managed\UnityEngine\UnityEngine.HierarchyCoreModule.dll" /reference:"C:\Program Files\Unity\Hub\Editor\6000.4.6f1\Editor\Data\Managed\UnityEngine\UnityEngine.HierarchyModule.dll" /reference:"C:\Program Files\Unity\Hub\Editor\6000.4.6f1\Editor\Data\Managed\UnityEngine\UnityEngine.HotReloadModule.dll" /reference:"C:\Program Files\Unity\Hub\Editor\6000.4.6f1\Editor\Data\Managed\UnityEngine\UnityEngine.IdentifiersModule.dll" /reference:"C:\Program Files\Unity\Hub\Editor\6000.4.6f1\Editor\Data\Managed\UnityEngine\UnityEngine.ImageConversionModule.dll" /reference:"C:\Program Files\Unity\Hub\Editor\6000.4.6f1\Editor\Data\Managed\UnityEngine\UnityEngine.IMGUIModule.dll" /reference:"C:\Program Files\Unity\Hub\Editor\6000.4.6f1\Editor\Data\Managed\UnityEngine\UnityEngine.InputForUIModule.dll" /reference:"C:\Program Files\Unity\Hub\Editor\6000.4.6f1\Editor\Data\Managed\UnityEngine\UnityEngine.InputLegacyModule.dll" /reference:"C:\Program Files\Unity\Hub\Editor\6000.4.6f1\Editor\Data\Managed\UnityEngine\UnityEngine.InputModule.dll" /reference:"C:\Program Files\Unity\Hub\Editor\6000.4.6f1\Editor\Data\Managed\UnityEngine\UnityEngine.InsightsModule.dll" /reference:"C:\Program Files\Unity\Hub\Editor\6000.4.6f1\Editor\Data\Managed\UnityEngine\UnityEngine.JSONSerializeModule.dll" /reference:"C:\Program Files\Unity\Hub\Editor\6000.4.6f1\Editor\Data\Managed\UnityEngine\UnityEngine.LocalizationModule.dll" /reference:"C:\Program Files\Unity\Hub\Editor\6000.4.6f1\Editor\Data\Managed\UnityEngine\UnityEngine.MarshallingModule.dll" /reference:"C:\Program Files\Unity\Hub\Editor\6000.4.6f1\Editor\Data\Managed\UnityEngine\UnityEngine.MultiplayerModule.dll" /reference:"C:\Program Files\Unity\Hub\Editor\6000.4.6f1\Editor\Data\Managed\UnityEngine\UnityEngine.NVIDIAModule.dll" /reference:"C:\Program Files\Unity\Hub\Editor\6000.4.6f1\Editor\Data\Managed\UnityEngine\UnityEngine.ParticleSystemModule.dll" /reference:"C:\Program Files\Unity\Hub\Editor\6000.4.6f1\Editor\Data\Managed\UnityEngine\UnityEngine.PerformanceReportingModule.dll" /reference:"C:\Program Files\Unity\Hub\Editor\6000.4.6f1\Editor\Data\Managed\UnityEngine\UnityEngine.Physics2DModule.dll" /reference:"C:\Program Files\Unity\Hub\Editor\6000.4.6f1\Editor\Data\Managed\UnityEngine\UnityEngine.PhysicsBackendPhysXModule.dll" /reference:"C:\Program Files\Unity\Hub\Editor\6000.4.6f1\Editor\Data\Managed\UnityEngine\UnityEngine.PhysicsModule.dll" /reference:"C:\Program Files\Unity\Hub\Editor\6000.4.6f1\Editor\Data\Managed\UnityEngine\UnityEngine.PropertiesModule.dll" /reference:"C:\Program Files\Unity\Hub\Editor\6000.4.6f1\Editor\Data\Managed\UnityEngine\UnityEngine.RenderAs2DModule.dll" /reference:"C:\Program Files\Unity\Hub\Editor\6000.4.6f1\Editor\Data\Managed\UnityEngine\UnityEngine.RuntimeInitializeOnLoadManagerInitializerModule.dll" /reference:"C:\Program Files\Unity\Hub\Editor\6000.4.6f1\Editor\Data\Managed\UnityEngine\UnityEngine.ScreenCaptureModule.dll" /reference:"C:\Program Files\Unity\Hub\Editor\6000.4.6f1\Editor\Data\Managed\UnityEngine\UnityEngine.ScriptingModule.dll" /reference:"C:\Program Files\Unity\Hub\Editor\6000.4.6f1\Editor\Data\Managed\UnityEngine\UnityEngine.ShaderVariantAnalyticsModule.dll" /reference:"C:\Program Files\Unity\Hub\Editor\6000.4.6f1\Editor\Data\Managed\UnityEngine\UnityEngine.SharedInternalsModule.dll" /reference:"C:\Program Files\Unity\Hub\Editor\6000.4.6f1\Editor\Data\Managed\UnityEngine\UnityEngine.SpriteMaskModule.dll" /reference:"C:\Program Files\Unity\Hub\Editor\6000.4.6f1\Editor\Data\Managed\UnityEngine\UnityEngine.SpriteShapeModule.dll" /reference:"C:\Program Files\Unity\Hub\Editor\6000.4.6f1\Editor\Data\Managed\UnityEngine\UnityEngine.StreamingModule.dll" /reference:"C:\Program Files\Unity\Hub\Editor\6000.4.6f1\Editor\Data\Managed\UnityEngine\UnityEngine.SubstanceModule.dll" /reference:"C:\Program Files\Unity\Hub\Editor\6000.4.6f1\Editor\Data\Managed\UnityEngine\UnityEngine.SubsystemsModule.dll" /reference:"C:\Program Files\Unity\Hub\Editor\6000.4.6f1\Editor\Data\Managed\UnityEngine\UnityEngine.TerrainModule.dll" /reference:"C:\Program Files\Unity\Hub\Editor\6000.4.6f1\Editor\Data\Managed\UnityEngine\UnityEngine.TerrainPhysicsModule.dll" /reference:C:\Users\macar\BombCourier\Library\ScriptAssemblies\UnityEngine.TestRunner.dll /reference:"C:\Program Files\Unity\Hub\Editor\6000.4.6f1\Editor\Data\Managed\UnityEngine\UnityEngine.TextCoreFontEngineModule.dll" /reference:"C:\Program Files\Unity\Hub\Editor\6000.4.6f1\Editor\Data\Managed\UnityEngine\UnityEngine.TextCoreTextEngineModule.dll" /reference:"C:\Program Files\Unity\Hub\Editor\6000.4.6f1\Editor\Data\Managed\UnityEngine\UnityEngine.TextRenderingModule.dll" /reference:"C:\Program Files\Unity\Hub\Editor\6000.4.6f1\Editor\Data\Managed\UnityEngine\UnityEngine.TilemapModule.dll" /reference:"C:\Program Files\Unity\Hub\Editor\6000.4.6f1\Editor\Data\Managed\UnityEngine\UnityEngine.TLSModule.dll" /reference:C:\Users\macar\BombCourier\Library\ScriptAssemblies\UnityEngine.UI.dll /reference:"C:\Program Files\Unity\Hub\Editor\6000.4.6f1\Editor\Data\Managed\UnityEngine\UnityEngine.UIElementsModule.dll" /reference:"C:\Program Files\Unity\Hub\Editor\6000.4.6f1\Editor\Data\Managed\UnityEngine\UnityEngine.UIModule.dll" /reference:"C:\Program Files\Unity\Hub\Editor\6000.4.6f1\Editor\Data\Managed\UnityEngine\UnityEngine.UmbraModule.dll" /reference:"C:\Program Files\Unity\Hub\Editor\6000.4.6f1\Editor\Data\Managed\UnityEngine\UnityEngine.UnityAnalyticsCommonModule.dll" /reference:"C:\Program Files\Unity\Hub\Editor\6000.4.6f1\Editor\Data\Managed\UnityEngine\UnityEngine.UnityAnalyticsModule.dll" /reference:"C:\Program Files\Unity\Hub\Editor\6000.4.6f1\Editor\Data\Managed\UnityEngine\UnityEngine.UnityConnectModule.dll" /reference:"C:\Program Files\Unity\Hub\Editor\6000.4.6f1\Editor\Data\Managed\UnityEngine\UnityEngine.UnityConsentModule.dll" /reference:"C:\Program Files\Unity\Hub\Editor\6000.4.6f1\Editor\Data\Managed\UnityEngine\UnityEngine.UnityCurlModule.dll" /reference:"C:\Program Files\Unity\Hub\Editor\6000.4.6f1\Editor\Data\Managed\UnityEngine\UnityEngine.UnityWebRequestAssetBundleModule.dll" /reference:"C:\Program Files\Unity\Hub\Editor\6000.4.6f1\Editor\Data\Managed\UnityEngine\UnityEngine.UnityWebRequestAudioModule.dll" /reference:"C:\Program Files\Unity\Hub\Editor\6000.4.6f1\Editor\Data\Managed\UnityEngine\UnityEngine.UnityWebRequestModule.dll" /reference:"C:\Program Files\Unity\Hub\Editor\6000.4.6f1\Editor\Data\Managed\UnityEngine\UnityEngine.UnityWebRequestTextureModule.dll" /reference:"C:\Program Files\Unity\Hub\Editor\6000.4.6f1\Editor\Data\Managed\UnityEngine\UnityEngine.UnityWebRequestWWWModule.dll" /reference:"C:\Program Files\Unity\Hub\Editor\6000.4.6f1\Editor\Data\Managed\UnityEngine\UnityEngine.VectorGraphicsModule.dll" /reference:"C:\Program Files\Unity\Hub\Editor\6000.4.6f1\Editor\Data\Managed\UnityEngine\UnityEngine.VehiclesModule.dll" /reference:"C:\Program Files\Unity\Hub\Editor\6000.4.6f1\Editor\Data\Managed\UnityEngine\UnityEngine.VFXModule.dll" /reference:"C:\Program Files\Unity\Hub\Editor\6000.4.6f1\Editor\Data\Managed\UnityEngine\UnityEngine.VideoModule.dll" /reference:"C:\Program Files\Unity\Hub\Editor\6000.4.6f1\Editor\Data\Managed\UnityEngine\UnityEngine.VirtualTexturingModule.dll" /reference:"C:\Program Files\Unity\Hub\Editor\6000.4.6f1\Editor\Data\Managed\UnityEngine\UnityEngine.VRModule.dll" /reference:"C:\Program Files\Unity\Hub\Editor\6000.4.6f1\Editor\Data\Managed\UnityEngine\UnityEngine.WindModule.dll" /reference:"C:\Program Files\Unity\Hub\Editor\6000.4.6f1\Editor\Data\Managed\UnityEngine\UnityEngine.XRModule.dll" /reference:"C:\Users\macar\BombCourier\Library\PackageCache\com.unity.collab-proxy@0b1559bcd34e\Lib\Editor\unityplastic.dll" /debug+ /debug:portable /filealign:512 /optimize- /out:Temp\obj\Sirenix.OdinInspector.Modules.UnityMathematics\Sirenix.OdinInspector.Modules.UnityMathematics.dll /target:library /warnaserror- /utf8output /deterministic+ /sourcelink:Temp\obj\Sirenix.OdinInspector.Modules.UnityMathematics\Sirenix.OdinInspector.Modules.UnityMathematics.sourcelink.json /langversion:9.0 /embed:"Temp\obj\Sirenix.OdinInspector.Modules.UnityMathematics\.NETStandard,Version=v2.1.AssemblyAttributes.cs" /analyzerconfig:Temp\obj\Sirenix.OdinInspector.Modules.UnityMathematics\Sirenix.OdinInspector.Modules.UnityMathematics.GeneratedMSBuildEditorConfig.editorconfig /analyzer:C:\Users\macar\.vscode\extensions\visualstudiotoolsforunity.vstuc-1.2.2\Analyzers\Microsoft.Unity.Analyzers.dll /analyzer:"C:\Program Files\Unity\Hub\Editor\6000.4.6f1\Editor\Data\Tools\BuildPipeline\Unity.SourceGenerators\Unity.SourceGenerators.dll" /analyzer:"C:\Program Files\Unity\Hub\Editor\6000.4.6f1\Editor\Data\Tools\BuildPipeline\Unity.SourceGenerators\Unity.Properties.SourceGenerator.dll" /analyzer:"C:\Program Files\Unity\Hub\Editor\6000.4.6f1\Editor\Data\Tools\BuildPipeline\Unity.SourceGenerators\Unity.UIToolkit.SourceGenerator.dll" "Assets\Plugins\Sirenix\Odin Inspector\Modules\Unity.Mathematics\MathematicsDrawers.cs" "Temp\obj\Sirenix.OdinInspector.Modules.UnityMathematics\.NETStandard,Version=v2.1.AssemblyAttributes.cs" /warnaserror+:NU1605'
         Attempt to open named pipe 'LwQk4S+OmkH5exq9nL_NJiVDwhz5cSn0ngWHIiGr3hY'
         Attempt to connect named pipe 'LwQk4S+OmkH5exq9nL_NJiVDwhz5cSn0ngWHIiGr3hY'
         Named pipe 'LwQk4S+OmkH5exq9nL_NJiVDwhz5cSn0ngWHIiGr3hY' connected
         Begin writing request for Sirenix.OdinInspector.Modules.UnityMathematics (netstandard2.1)
         End writing request for Sirenix.OdinInspector.Modules.UnityMathematics (netstandard2.1)
         Begin reading response for Sirenix.OdinInspector.Modules.UnityMathematics (netstandard2.1)
         End reading response for Sirenix.OdinInspector.Modules.UnityMathematics (netstandard2.1)
         CompilerServer: server - server processed compilation - Sirenix.OdinInspector.Modules.UnityMathematics (netstandard2.1)
       CopyFilesToOutputDirectory:
         "C:\Users\macar\BombCourier\Temp\obj\Sirenix.OdinInspector.Modules.UnityMathematics\Sirenix.OdinInspector.Modules.UnityMathematics.dll" から "C:\Users\macar\BombCourier\Temp\bin\Debug\Sirenix.OdinInspector.Modules.UnityMathematics.dll" へファイルをコピーしています。
         Sirenix.OdinInspector.Modules.UnityMathematics -> C:\Users\macar\BombCourier\Temp\bin\Debug\Sirenix.OdinInspector.Modules.UnityMathematics.dll
         "C:\Users\macar\BombCourier\Temp\obj\Sirenix.OdinInspector.Modules.UnityMathematics\Sirenix.OdinInspector.Modules.UnityMathematics.pdb" から "C:\Users\macar\BombCourier\Temp\bin\Debug\Sirenix.OdinInspector.Modules.UnityMathematics.pdb" へファイルをコピーしています。
     2>プロジェクト "C:\Users\macar\BombCourier\Sirenix.OdinInspector.Modules.UnityMathematics.csproj" (既定のターゲット) のビルドが完了しました。
     1>GenerateTargetFrameworkMonikerAttribute:
       すべての出力ファイルが入力ファイルに対して最新なので、ターゲット "GenerateTargetFrameworkMonikerAttribute" を省略します。
       _GenerateSourceLinkFile:
         Source Link ファイル 'Temp\obj\Assembly-CSharp\Assembly-CSharp.sourcelink.json' を更新しています。
       CoreCompile:
         Setting DOTNET_ROOT to 'C:\Program Files\dotnet'
         C:\Program Files\dotnet\sdk\10.0.201\Roslyn\bincore\csc.exe /noconfig /unsafe- /checked- /nowarn:0169,USG0001,1701,1702 /fullpaths /nostdlib+ /errorreport:prompt /define:UNITY_6000_4_6;UNITY_6000_4;UNITY_6000;UNITY_5_3_OR_NEWER;UNITY_5_4_OR_NEWER;UNITY_5_5_OR_NEWER;UNITY_5_6_OR_NEWER;UNITY_2017_1_OR_NEWER;UNITY_2017_2_OR_NEWER;UNITY_2017_3_OR_NEWER;UNITY_2017_4_OR_NEWER;UNITY_2018_1_OR_NEWER;UNITY_2018_2_OR_NEWER;UNITY_2018_3_OR_NEWER;UNITY_2018_4_OR_NEWER;UNITY_2019_1_OR_NEWER;UNITY_2019_2_OR_NEWER;UNITY_2019_3_OR_NEWER;UNITY_2019_4_OR_NEWER;UNITY_2020_1_OR_NEWER;UNITY_2020_2_OR_NEWER;UNITY_2020_3_OR_NEWER;UNITY_2021_1_OR_NEWER;UNITY_2021_2_OR_NEWER;UNITY_2021_3_OR_NEWER;UNITY_2022_1_OR_NEWER;UNITY_2022_2_OR_NEWER;UNITY_2022_3_OR_NEWER;UNITY_2023_1_OR_NEWER;UNITY_2023_2_OR_NEWER;UNITY_2023_3_OR_NEWER;UNITY_6000_0_OR_NEWER;UNITY_6000_1_OR_NEWER;UNITY_6000_2_OR_NEWER;UNITY_6000_3_OR_NEWER;UNITY_6000_4_OR_NEWER;PLATFORM_ARCH_64;UNITY_64;UNITY_INCLUDE_TESTS;ENABLE_AR;ENABLE_AUDIO;ENABLE_AUDIO_SCRIPTABLE_PIPELINE;ENABLE_CACHING;ENABLE_CLOTH;ENABLE_EVENT_QUEUE;ENABLE_MICROPHONE;ENABLE_MULTIPLE_DISPLAYS;ENABLE_PHYSICS;ENABLE_TEXTURE_STREAMING;ENABLE_VIRTUALTEXTURING;ENABLE_LZMA;ENABLE_UNITYEVENTS;ENABLE_VR;ENABLE_WEBCAM;ENABLE_UNITYWEBREQUEST;ENABLE_WWW;ENABLE_CLOUD_SERVICES;ENABLE_CLOUD_SERVICES_ADS;ENABLE_CLOUD_SERVICES_USE_WEBREQUEST;ENABLE_UNITY_CONSENT;ENABLE_UNITY_CLOUD_IDENTIFIERS;ENABLE_CLOUD_SERVICES_CRASH_REPORTING;ENABLE_CLOUD_SERVICES_NATIVE_CRASH_REPORTING;ENABLE_CLOUD_SERVICES_PURCHASING;ENABLE_CLOUD_SERVICES_ANALYTICS;ENABLE_CLOUD_SERVICES_BUILD;ENABLE_EDITOR_GAME_SERVICES;ENABLE_UNITY_GAME_SERVICES_ANALYTICS_SUPPORT;ENABLE_CLOUD_LICENSE;ENABLE_EDITOR_HUB_LICENSE;ENABLE_WEBSOCKET_CLIENT;ENABLE_GENERATE_NATIVE_PLUGINS_FOR_ASSEMBLIES_API;ENABLE_DIRECTOR_AUDIO;ENABLE_DIRECTOR_TEXTURE;ENABLE_MANAGED_JOBS;ENABLE_MANAGED_TRANSFORM_JOBS;ENABLE_MANAGED_ANIMATION_JOBS;ENABLE_MANAGED_AUDIO_JOBS;ENABLE_MANAGED_UNITYTLS;INCLUDE_DYNAMIC_GI;ENABLE_SCRIPTING_GC_WBARRIERS;PLATFORM_SUPPORTS_MONO;RENDER_SOFTWARE_CURSOR;ENABLE_MARSHALLING_TESTS;ENABLE_VIDEO;ENABLE_NAVIGATION_OFFMESHLINK_TO_NAVMESHLINK;ENABLE_ACCELERATOR_CLIENT_DEBUGGING;ENABLE_ACCESSIBILITY_SCREEN_READER;TEXTCORE_1_0_OR_NEWER;EDITOR_ONLY_NAVMESH_BUILDER_DEPRECATED;PLATFORM_STANDALONE_WIN;PLATFORM_STANDALONE;UNITY_STANDALONE_WIN;UNITY_STANDALONE;ENABLE_RUNTIME_GI;ENABLE_MOVIES;ENABLE_NETWORK;ENABLE_NVIDIA;ENABLE_AMD;ENABLE_CRUNCH_TEXTURE_COMPRESSION;ENABLE_CLOUD_SERVICES_ENGINE_DIAGNOSTICS;ENABLE_OUT_OF_PROCESS_CRASH_HANDLER;ENABLE_CLUSTER_SYNC;ENABLE_CLUSTERINPUT;PLATFORM_UPDATES_TIME_OUTSIDE_OF_PLAYER_LOOP;GFXDEVICE_WAITFOREVENT_MESSAGEPUMP;PLATFORM_USES_EXPLICIT_MEMORY_MANAGER_INITIALIZER;PLATFORM_SUPPORTS_WAIT_FOR_PRESENTATION;PLATFORM_SUPPORTS_SPLIT_GRAPHICS_JOBS;ENABLE_MONO;NET_STANDARD_2_0;NET_STANDARD;NET_STANDARD_2_1;NETSTANDARD;NETSTANDARD2_1;ENABLE_PROFILER;ENABLE_PROFILER_ASSISTANT_INTEGRATION;DEBUG;TRACE;UNITY_ASSERTIONS;UNITY_EDITOR;UNITY_EDITOR_64;UNITY_EDITOR_WIN;ENABLE_UNITY_COLLECTIONS_CHECKS;ENABLE_BURST_AOT;UNITY_TEAM_LICENSE;ENABLE_CUSTOM_RENDER_TEXTURE;ENABLE_DIRECTOR;ENABLE_LOCALIZATION;ENABLE_SPRITES;ENABLE_TERRAIN;ENABLE_TILEMAP;ENABLE_TIMELINE;ENABLE_INPUT_SYSTEM;TEXTCORE_FONT_ENGINE_1_5_OR_NEWER;TEXTCORE_TEXT_ENGINE_1_5_OR_NEWER;TEXTCORE_FONT_ENGINE_1_6_OR_NEWER;ODIN_INSPECTOR;ODIN_INSPECTOR_3;ODIN_INSPECTOR_3_1;ODIN_INSPECTOR_3_2;ODIN_INSPECTOR_3_3;CSHARP_7_OR_LATER;CSHARP_7_3_OR_NEWER;DEBUG;NETSTANDARD;NETSTANDARD2_1;NETSTANDARD1_0_OR_GREATER;NETSTANDARD1_1_OR_GREATER;NETSTANDARD1_2_OR_GREATER;NETSTANDARD1_3_OR_GREATER;NETSTANDARD1_4_OR_GREATER;NETSTANDARD1_5_OR_GREATER;NETSTANDARD1_6_OR_GREATER;NETSTANDARD2_0_OR_GREATER;NETSTANDARD2_1_OR_GREATER /highentropyva+ /reference:"C:\Program Files\Unity\Hub\Editor\6000.4.6f1\Editor\Data\NetStandard\compat\2.1.0\shims\netstandard\Microsoft.Win32.Primitives.dll" /reference:"C:\Users\macar\BombCourier\Library\PackageCache\com.unity.nuget.mono-cecil@ecb9724e46ff\Mono.Cecil.dll" /reference:"C:\Program Files\Unity\Hub\Editor\6000.4.6f1\Editor\Data\NetStandard\compat\2.1.0\shims\netfx\mscorlib.dll" /reference:"C:\Program Files\Unity\Hub\Editor\6000.4.6f1\Editor\Data\NetStandard\ref\2.1.0\netstandard.dll" /reference:"C:\Users\macar\BombCourier\Library\PackageCache\com.unity.ext.nunit@d8c07649098d\net40\unity-custom\nunit.framework.dll" /reference:C:\Users\macar\BombCourier\Assets\Plugins\Sirenix\Assemblies\Sirenix.OdinInspector.Attributes.dll /reference:C:\Users\macar\BombCourier\Assets\Plugins\Sirenix\Assemblies\Sirenix.OdinInspector.Editor.dll /reference:C:\Users\macar\BombCourier\Temp\bin\Debug\Sirenix.OdinInspector.Modules.UnityMathematics.dll /reference:C:\Users\macar\BombCourier\Assets\Plugins\Sirenix\Assemblies\Sirenix.Reflection.Editor.dll /reference:C:\Users\macar\BombCourier\Assets\Plugins\Sirenix\Assemblies\Sirenix.Serialization.Config.dll /reference:C:\Users\macar\BombCourier\Assets\Plugins\Sirenix\Assemblies\Sirenix.Serialization.dll /reference:C:\Users\macar\BombCourier\Assets\Plugins\Sirenix\Assemblies\Sirenix.Utilities.dll /reference:C:\Users\macar\BombCourier\Assets\Plugins\Sirenix\Assemblies\Sirenix.Utilities.Editor.dll /reference:"C:\Program Files\Unity\Hub\Editor\6000.4.6f1\Editor\Data\NetStandard\compat\2.1.0\shims\netstandard\System.AppContext.dll" /reference:"C:\Program Files\Unity\Hub\Editor\6000.4.6f1\Editor\Data\NetStandard\compat\2.1.0\shims\netstandard\System.Buffers.dll" /reference:"C:\Program Files\Unity\Hub\Editor\6000.4.6f1\Editor\Data\NetStandard\compat\2.1.0\shims\netstandard\System.Collections.Concurrent.dll" /reference:"C:\Program Files\Unity\Hub\Editor\6000.4.6f1\Editor\Data\NetStandard\compat\2.1.0\shims\netstandard\System.Collections.dll" /reference:"C:\Program Files\Unity\Hub\Editor\6000.4.6f1\Editor\Data\NetStandard\compat\2.1.0\shims\netstandard\System.Collections.NonGeneric.dll" /reference:"C:\Program Files\Unity\Hub\Editor\6000.4.6f1\Editor\Data\NetStandard\compat\2.1.0\shims\netstandard\System.Collections.Specialized.dll" /reference:"C:\Program Files\Unity\Hub\Editor\6000.4.6f1\Editor\Data\NetStandard\compat\2.1.0\shims\netfx\System.ComponentModel.Composition.dll" /reference:"C:\Program Files\Unity\Hub\Editor\6000.4.6f1\Editor\Data\NetStandard\compat\2.1.0\shims\netstandard\System.ComponentModel.dll" /reference:"C:\Program Files\Unity\Hub\Editor\6000.4.6f1\Editor\Data\NetStandard\compat\2.1.0\shims\netstandard\System.ComponentModel.EventBasedAsync.dll" /reference:"C:\Program Files\Unity\Hub\Editor\6000.4.6f1\Editor\Data\NetStandard\compat\2.1.0\shims\netstandard\System.ComponentModel.Primitives.dll" /reference:"C:\Program Files\Unity\Hub\Editor\6000.4.6f1\Editor\Data\NetStandard\compat\2.1.0\shims\netstandard\System.ComponentModel.TypeConverter.dll" /reference:"C:\Program Files\Unity\Hub\Editor\6000.4.6f1\Editor\Data\NetStandard\compat\2.1.0\shims\netstandard\System.Console.dll" /reference:"C:\Program Files\Unity\Hub\Editor\6000.4.6f1\Editor\Data\NetStandard\compat\2.1.0\shims\netfx\System.Core.dll" /reference:"C:\Program Files\Unity\Hub\Editor\6000.4.6f1\Editor\Data\NetStandard\compat\2.1.0\shims\netstandard\System.Data.Common.dll" /reference:"C:\Program Files\Unity\Hub\Editor\6000.4.6f1\Editor\Data\NetStandard\compat\2.1.0\shims\netfx\System.Data.dll" /reference:"C:\Program Files\Unity\Hub\Editor\6000.4.6f1\Editor\Data\NetStandard\compat\2.1.0\shims\netstandard\System.Diagnostics.Contracts.dll" /reference:"C:\Program Files\Unity\Hub\Editor\6000.4.6f1\Editor\Data\NetStandard\compat\2.1.0\shims\netstandard\System.Diagnostics.Debug.dll" /reference:"C:\Program Files\Unity\Hub\Editor\6000.4.6f1\Editor\Data\NetStandard\compat\2.1.0\shims\netstandard\System.Diagnostics.FileVersionInfo.dll" /reference:"C:\Program Files\Unity\Hub\Editor\6000.4.6f1\Editor\Data\NetStandard\compat\2.1.0\shims\netstandard\System.Diagnostics.Process.dll" /reference:"C:\Program Files\Unity\Hub\Editor\6000.4.6f1\Editor\Data\NetStandard\compat\2.1.0\shims\netstandard\System.Diagnostics.StackTrace.dll" /reference:"C:\Program Files\Unity\Hub\Editor\6000.4.6f1\Editor\Data\NetStandard\compat\2.1.0\shims\netstandard\System.Diagnostics.TextWriterTraceListener.dll" /reference:"C:\Program Files\Unity\Hub\Editor\6000.4.6f1\Editor\Data\NetStandard\compat\2.1.0\shims\netstandard\System.Diagnostics.Tools.dll" /reference:"C:\Program Files\Unity\Hub\Editor\6000.4.6f1\Editor\Data\NetStandard\compat\2.1.0\shims\netstandard\System.Diagnostics.TraceSource.dll" /reference:"C:\Program Files\Unity\Hub\Editor\6000.4.6f1\Editor\Data\NetStandard\compat\2.1.0\shims\netstandard\System.Diagnostics.Tracing.dll" /reference:"C:\Program Files\Unity\Hub\Editor\6000.4.6f1\Editor\Data\NetStandard\compat\2.1.0\shims\netfx\System.dll" /reference:"C:\Program Files\Unity\Hub\Editor\6000.4.6f1\Editor\Data\NetStandard\compat\2.1.0\shims\netfx\System.Drawing.dll" /reference:"C:\Program Files\Unity\Hub\Editor\6000.4.6f1\Editor\Data\NetStandard\compat\2.1.0\shims\netstandard\System.Drawing.Primitives.dll" /reference:"C:\Program Files\Unity\Hub\Editor\6000.4.6f1\Editor\Data\NetStandard\compat\2.1.0\shims\netstandard\System.Dynamic.Runtime.dll" /reference:"C:\Program Files\Unity\Hub\Editor\6000.4.6f1\Editor\Data\NetStandard\compat\2.1.0\shims\netstandard\System.Globalization.Calendars.dll" /reference:"C:\Program Files\Unity\Hub\Editor\6000.4.6f1\Editor\Data\NetStandard\compat\2.1.0\shims\netstandard\System.Globalization.dll" /reference:"C:\Program Files\Unity\Hub\Editor\6000.4.6f1\Editor\Data\NetStandard\compat\2.1.0\shims\netstandard\System.Globalization.Extensions.dll" /reference:"C:\Program Files\Unity\Hub\Editor\6000.4.6f1\Editor\Data\NetStandard\compat\2.1.0\shims\netstandard\System.IO.Compression.dll" /reference:"C:\Program Files\Unity\Hub\Editor\6000.4.6f1\Editor\Data\NetStandard\compat\2.1.0\shims\netfx\System.IO.Compression.FileSystem.dll" /reference:"C:\Program Files\Unity\Hub\Editor\6000.4.6f1\Editor\Data\NetStandard\compat\2.1.0\shims\netstandard\System.IO.Compression.ZipFile.dll" /reference:"C:\Program Files\Unity\Hub\Editor\6000.4.6f1\Editor\Data\NetStandard\compat\2.1.0\shims\netstandard\System.IO.dll" /reference:"C:\Program Files\Unity\Hub\Editor\6000.4.6f1\Editor\Data\NetStandard\compat\2.1.0\shims\netstandard\System.IO.FileSystem.dll" /reference:"C:\Program Files\Unity\Hub\Editor\6000.4.6f1\Editor\Data\NetStandard\compat\2.1.0\shims\netstandard\System.IO.FileSystem.DriveInfo.dll" /reference:"C:\Program Files\Unity\Hub\Editor\6000.4.6f1\Editor\Data\NetStandard\compat\2.1.0\shims\netstandard\System.IO.FileSystem.Primitives.dll" /reference:"C:\Program Files\Unity\Hub\Editor\6000.4.6f1\Editor\Data\NetStandard\compat\2.1.0\shims\netstandard\System.IO.FileSystem.Watcher.dll" /reference:"C:\Users\macar\BombCourier\Library\PackageCache\com.unity.collections@65f499a3cc26\Unity.Collections.Tests\System.IO.Hashing\System.IO.Hashing.dll" /reference:"C:\Program Files\Unity\Hub\Editor\6000.4.6f1\Editor\Data\NetStandard\compat\2.1.0\shims\netstandard\System.IO.IsolatedStorage.dll" /reference:"C:\Program Files\Unity\Hub\Editor\6000.4.6f1\Editor\Data\NetStandard\compat\2.1.0\shims\netstandard\System.IO.MemoryMappedFiles.dll" /reference:"C:\Program Files\Unity\Hub\Editor\6000.4.6f1\Editor\Data\NetStandard\compat\2.1.0\shims\netstandard\System.IO.Pipes.dll" /reference:"C:\Program Files\Unity\Hub\Editor\6000.4.6f1\Editor\Data\NetStandard\compat\2.1.0\shims\netstandard\System.IO.UnmanagedMemoryStream.dll" /reference:"C:\Program Files\Unity\Hub\Editor\6000.4.6f1\Editor\Data\NetStandard\compat\2.1.0\shims\netstandard\System.Linq.dll" /reference:"C:\Program Files\Unity\Hub\Editor\6000.4.6f1\Editor\Data\NetStandard\compat\2.1.0\shims\netstandard\System.Linq.Expressions.dll" /reference:"C:\Program Files\Unity\Hub\Editor\6000.4.6f1\Editor\Data\NetStandard\compat\2.1.0\shims\netstandard\System.Linq.Parallel.dll" /reference:"C:\Program Files\Unity\Hub\Editor\6000.4.6f1\Editor\Data\NetStandard\compat\2.1.0\shims\netstandard\System.Linq.Queryable.dll" /reference:"C:\Program Files\Unity\Hub\Editor\6000.4.6f1\Editor\Data\NetStandard\compat\2.1.0\shims\netstandard\System.Memory.dll" /reference:"C:\Program Files\Unity\Hub\Editor\6000.4.6f1\Editor\Data\NetStandard\compat\2.1.0\shims\netfx\System.Net.dll" /reference:"C:\Program Files\Unity\Hub\Editor\6000.4.6f1\Editor\Data\NetStandard\compat\2.1.0\shims\netstandard\System.Net.Http.dll" /reference:"C:\Program Files\Unity\Hub\Editor\6000.4.6f1\Editor\Data\NetStandard\compat\2.1.0\shims\netstandard\System.Net.NameResolution.dll" /reference:"C:\Program Files\Unity\Hub\Editor\6000.4.6f1\Editor\Data\NetStandard\compat\2.1.0\shims\netstandard\System.Net.NetworkInformation.dll" /reference:"C:\Program Files\Unity\Hub\Editor\6000.4.6f1\Editor\Data\NetStandard\compat\2.1.0\shims\netstandard\System.Net.Ping.dll" /reference:"C:\Program Files\Unity\Hub\Editor\6000.4.6f1\Editor\Data\NetStandard\compat\2.1.0\shims\netstandard\System.Net.Primitives.dll" /reference:"C:\Program Files\Unity\Hub\Editor\6000.4.6f1\Editor\Data\NetStandard\compat\2.1.0\shims\netstandard\System.Net.Requests.dll" /reference:"C:\Program Files\Unity\Hub\Editor\6000.4.6f1\Editor\Data\NetStandard\compat\2.1.0\shims\netstandard\System.Net.Security.dll" /reference:"C:\Program Files\Unity\Hub\Editor\6000.4.6f1\Editor\Data\NetStandard\compat\2.1.0\shims\netstandard\System.Net.Sockets.dll" /reference:"C:\Program Files\Unity\Hub\Editor\6000.4.6f1\Editor\Data\NetStandard\compat\2.1.0\shims\netstandard\System.Net.WebHeaderCollection.dll" /reference:"C:\Program Files\Unity\Hub\Editor\6000.4.6f1\Editor\Data\NetStandard\compat\2.1.0\shims\netstandard\System.Net.WebSockets.Client.dll" /reference:"C:\Program Files\Unity\Hub\Editor\6000.4.6f1\Editor\Data\NetStandard\compat\2.1.0\shims\netstandard\System.Net.WebSockets.dll" /reference:"C:\Program Files\Unity\Hub\Editor\6000.4.6f1\Editor\Data\NetStandard\compat\2.1.0\shims\netfx\System.Numerics.dll" /reference:"C:\Program Files\Unity\Hub\Editor\6000.4.6f1\Editor\Data\NetStandard\compat\2.1.0\shims\netstandard\System.Numerics.Vectors.dll" /reference:"C:\Program Files\Unity\Hub\Editor\6000.4.6f1\Editor\Data\NetStandard\compat\2.1.0\shims\netstandard\System.ObjectModel.dll" /reference:"C:\Program Files\Unity\Hub\Editor\6000.4.6f1\Editor\Data\NetStandard\compat\2.1.0\shims\netstandard\System.Reflection.DispatchProxy.dll" /reference:"C:\Program Files\Unity\Hub\Editor\6000.4.6f1\Editor\Data\NetStandard\compat\2.1.0\shims\netstandard\System.Reflection.dll" /reference:"C:\Program Files\Unity\Hub\Editor\6000.4.6f1\Editor\Data\NetStandard\compat\2.1.0\shims\netstandard\System.Reflection.Emit.dll" /reference:"C:\Program Files\Unity\Hub\Editor\6000.4.6f1\Editor\Data\NetStandard\compat\2.1.0\shims\netstandard\System.Reflection.Emit.ILGeneration.dll" /reference:"C:\Program Files\Unity\Hub\Editor\6000.4.6f1\Editor\Data\NetStandard\compat\2.1.0\shims\netstandard\System.Reflection.Emit.Lightweight.dll" /reference:"C:\Program Files\Unity\Hub\Editor\6000.4.6f1\Editor\Data\NetStandard\compat\2.1.0\shims\netstandard\System.Reflection.Extensions.dll" /reference:"C:\Program Files\Unity\Hub\Editor\6000.4.6f1\Editor\Data\NetStandard\compat\2.1.0\shims\netstandard\System.Reflection.Primitives.dll" /reference:"C:\Program Files\Unity\Hub\Editor\6000.4.6f1\Editor\Data\NetStandard\compat\2.1.0\shims\netstandard\System.Resources.Reader.dll" /reference:"C:\Program Files\Unity\Hub\Editor\6000.4.6f1\Editor\Data\NetStandard\compat\2.1.0\shims\netstandard\System.Resources.ResourceManager.dll" /reference:"C:\Program Files\Unity\Hub\Editor\6000.4.6f1\Editor\Data\NetStandard\compat\2.1.0\shims\netstandard\System.Resources.Writer.dll" /reference:"C:\Users\macar\BombCourier\Library\PackageCache\com.unity.collections@65f499a3cc26\Unity.Collections.Tests\System.Runtime.CompilerServices.Unsafe\System.Runtime.CompilerServices.Unsafe.dll" /reference:"C:\Program Files\Unity\Hub\Editor\6000.4.6f1\Editor\Data\NetStandard\compat\2.1.0\shims\netstandard\System.Runtime.CompilerServices.VisualC.dll" /reference:"C:\Program Files\Unity\Hub\Editor\6000.4.6f1\Editor\Data\NetStandard\compat\2.1.0\shims\netstandard\System.Runtime.dll" /reference:"C:\Program Files\Unity\Hub\Editor\6000.4.6f1\Editor\Data\NetStandard\compat\2.1.0\shims\netstandard\System.Runtime.Extensions.dll" /reference:"C:\Program Files\Unity\Hub\Editor\6000.4.6f1\Editor\Data\NetStandard\compat\2.1.0\shims\netstandard\System.Runtime.Handles.dll" /reference:"C:\Program Files\Unity\Hub\Editor\6000.4.6f1\Editor\Data\NetStandard\compat\2.1.0\shims\netstandard\System.Runtime.InteropServices.dll" /reference:"C:\Program Files\Unity\Hub\Editor\6000.4.6f1\Editor\Data\NetStandard\compat\2.1.0\shims\netstandard\System.Runtime.InteropServices.RuntimeInformation.dll" /reference:"C:\Program Files\Unity\Hub\Editor\6000.4.6f1\Editor\Data\NetStandard\Extensions\2.0.0\System.Runtime.InteropServices.WindowsRuntime.dll" /reference:"C:\Program Files\Unity\Hub\Editor\6000.4.6f1\Editor\Data\NetStandard\compat\2.1.0\shims\netstandard\System.Runtime.Numerics.dll" /reference:"C:\Program Files\Unity\Hub\Editor\6000.4.6f1\Editor\Data\NetStandard\compat\2.1.0\shims\netfx\System.Runtime.Serialization.dll" /reference:"C:\Program Files\Unity\Hub\Editor\6000.4.6f1\Editor\Data\NetStandard\compat\2.1.0\shims\netstandard\System.Runtime.Serialization.Formatters.dll" /reference:"C:\Program Files\Unity\Hub\Editor\6000.4.6f1\Editor\Data\NetStandard\compat\2.1.0\shims\netstandard\System.Runtime.Serialization.Json.dll" /reference:"C:\Program Files\Unity\Hub\Editor\6000.4.6f1\Editor\Data\NetStandard\compat\2.1.0\shims\netstandard\System.Runtime.Serialization.Primitives.dll" /reference:"C:\Program Files\Unity\Hub\Editor\6000.4.6f1\Editor\Data\NetStandard\compat\2.1.0\shims\netstandard\System.Runtime.Serialization.Xml.dll" /reference:"C:\Program Files\Unity\Hub\Editor\6000.4.6f1\Editor\Data\NetStandard\compat\2.1.0\shims\netstandard\System.Security.Claims.dll" /reference:"C:\Program Files\Unity\Hub\Editor\6000.4.6f1\Editor\Data\NetStandard\compat\2.1.0\shims\netstandard\System.Security.Cryptography.Algorithms.dll" /reference:"C:\Program Files\Unity\Hub\Editor\6000.4.6f1\Editor\Data\NetStandard\compat\2.1.0\shims\netstandard\System.Security.Cryptography.Csp.dll" /reference:"C:\Program Files\Unity\Hub\Editor\6000.4.6f1\Editor\Data\NetStandard\compat\2.1.0\shims\netstandard\System.Security.Cryptography.Encoding.dll" /reference:"C:\Program Files\Unity\Hub\Editor\6000.4.6f1\Editor\Data\NetStandard\compat\2.1.0\shims\netstandard\System.Security.Cryptography.Primitives.dll" /reference:"C:\Program Files\Unity\Hub\Editor\6000.4.6f1\Editor\Data\NetStandard\compat\2.1.0\shims\netstandard\System.Security.Cryptography.X509Certificates.dll" /reference:"C:\Program Files\Unity\Hub\Editor\6000.4.6f1\Editor\Data\NetStandard\compat\2.1.0\shims\netstandard\System.Security.Principal.dll" /reference:"C:\Program Files\Unity\Hub\Editor\6000.4.6f1\Editor\Data\NetStandard\compat\2.1.0\shims\netstandard\System.Security.SecureString.dll" /reference:"C:\Program Files\Unity\Hub\Editor\6000.4.6f1\Editor\Data\NetStandard\compat\2.1.0\shims\netfx\System.ServiceModel.Web.dll" /reference:"C:\Program Files\Unity\Hub\Editor\6000.4.6f1\Editor\Data\NetStandard\compat\2.1.0\shims\netstandard\System.Text.Encoding.dll" /reference:"C:\Program Files\Unity\Hub\Editor\6000.4.6f1\Editor\Data\NetStandard\compat\2.1.0\shims\netstandard\System.Text.Encoding.Extensions.dll" /reference:"C:\Program Files\Unity\Hub\Editor\6000.4.6f1\Editor\Data\NetStandard\compat\2.1.0\shims\netstandard\System.Text.RegularExpressions.dll" /reference:"C:\Program Files\Unity\Hub\Editor\6000.4.6f1\Editor\Data\NetStandard\compat\2.1.0\shims\netstandard\System.Threading.dll" /reference:"C:\Program Files\Unity\Hub\Editor\6000.4.6f1\Editor\Data\NetStandard\compat\2.1.0\shims\netstandard\System.Threading.Overlapped.dll" /reference:"C:\Program Files\Unity\Hub\Editor\6000.4.6f1\Editor\Data\NetStandard\compat\2.1.0\shims\netstandard\System.Threading.Tasks.dll" /reference:"C:\Program Files\Unity\Hub\Editor\6000.4.6f1\Editor\Data\NetStandard\compat\2.1.0\shims\netstandard\System.Threading.Tasks.Extensions.dll" /reference:"C:\Program Files\Unity\Hub\Editor\6000.4.6f1\Editor\Data\NetStandard\compat\2.1.0\shims\netstandard\System.Threading.Tasks.Parallel.dll" /reference:"C:\Program Files\Unity\Hub\Editor\6000.4.6f1\Editor\Data\NetStandard\compat\2.1.0\shims\netstandard\System.Threading.Thread.dll" /reference:"C:\Program Files\Unity\Hub\Editor\6000.4.6f1\Editor\Data\NetStandard\compat\2.1.0\shims\netstandard\System.Threading.ThreadPool.dll" /reference:"C:\Program Files\Unity\Hub\Editor\6000.4.6f1\Editor\Data\NetStandard\compat\2.1.0\shims\netstandard\System.Threading.Timer.dll" /reference:"C:\Program Files\Unity\Hub\Editor\6000.4.6f1\Editor\Data\NetStandard\compat\2.1.0\shims\netfx\System.Transactions.dll" /reference:"C:\Program Files\Unity\Hub\Editor\6000.4.6f1\Editor\Data\NetStandard\compat\2.1.0\shims\netstandard\System.ValueTuple.dll" /reference:"C:\Program Files\Unity\Hub\Editor\6000.4.6f1\Editor\Data\NetStandard\compat\2.1.0\shims\netfx\System.Web.dll" /reference:"C:\Program Files\Unity\Hub\Editor\6000.4.6f1\Editor\Data\NetStandard\compat\2.1.0\shims\netfx\System.Windows.dll" /reference:"C:\Program Files\Unity\Hub\Editor\6000.4.6f1\Editor\Data\NetStandard\compat\2.1.0\shims\netfx\System.Xml.dll" /reference:"C:\Program Files\Unity\Hub\Editor\6000.4.6f1\Editor\Data\NetStandard\compat\2.1.0\shims\netfx\System.Xml.Linq.dll" /reference:"C:\Program Files\Unity\Hub\Editor\6000.4.6f1\Editor\Data\NetStandard\compat\2.1.0\shims\netstandard\System.Xml.ReaderWriter.dll" /reference:"C:\Program Files\Unity\Hub\Editor\6000.4.6f1\Editor\Data\NetStandard\compat\2.1.0\shims\netfx\System.Xml.Serialization.dll" /reference:"C:\Program Files\Unity\Hub\Editor\6000.4.6f1\Editor\Data\NetStandard\compat\2.1.0\shims\netstandard\System.Xml.XDocument.dll" /reference:"C:\Program Files\Unity\Hub\Editor\6000.4.6f1\Editor\Data\NetStandard\compat\2.1.0\shims\netstandard\System.Xml.XmlDocument.dll" /reference:"C:\Program Files\Unity\Hub\Editor\6000.4.6f1\Editor\Data\NetStandard\compat\2.1.0\shims\netstandard\System.Xml.XmlSerializer.dll" /reference:"C:\Program Files\Unity\Hub\Editor\6000.4.6f1\Editor\Data\NetStandard\compat\2.1.0\shims\netstandard\System.Xml.XPath.dll" /reference:"C:\Program Files\Unity\Hub\Editor\6000.4.6f1\Editor\Data\NetStandard\compat\2.1.0\shims\netstandard\System.Xml.XPath.XDocument.dll" /reference:C:\Users\macar\BombCourier\Library\ScriptAssemblies\UniTask.Addressables.dll /reference:C:\Users\macar\BombCourier\Library\ScriptAssemblies\UniTask.dll /reference:C:\Users\macar\BombCourier\Library\ScriptAssemblies\UniTask.DOTween.dll /reference:C:\Users\macar\BombCourier\Library\ScriptAssemblies\UniTask.Linq.dll /reference:C:\Users\macar\BombCourier\Library\ScriptAssemblies\UniTask.TextMeshPro.dll /reference:C:\Users\macar\BombCourier\Library\ScriptAssemblies\Unity.2D.Sprite.Editor.dll /reference:C:\Users\macar\BombCourier\Library\ScriptAssemblies\Unity.AI.Navigation.dll /reference:C:\Users\macar\BombCourier\Library\ScriptAssemblies\Unity.AI.Navigation.Editor.ConversionSystem.dll /reference:C:\Users\macar\BombCourier\Library\ScriptAssemblies\Unity.AI.Navigation.Editor.dll /reference:C:\Users\macar\BombCourier\Library\ScriptAssemblies\Unity.AI.Navigation.Updater.dll /reference:"C:\Program Files\Unity\Hub\Editor\6000.4.6f1\Editor\Data\PlaybackEngines\AndroidPlayer\Unity.Android.Gradle.dll" /reference:"C:\Program Files\Unity\Hub\Editor\6000.4.6f1\Editor\Data\PlaybackEngines\AndroidPlayer\Unity.Android.Types.dll" /reference:C:\Users\macar\BombCourier\Library\ScriptAssemblies\Unity.Burst.dll /reference:C:\Users\macar\BombCourier\Library\ScriptAssemblies\Unity.Burst.Editor.dll /reference:C:\Users\macar\BombCourier\Library\ScriptAssemblies\Unity.Cinemachine.dll /reference:C:\Users\macar\BombCourier\Library\ScriptAssemblies\Unity.Cinemachine.Editor.dll /reference:C:\Users\macar\BombCourier\Library\ScriptAssemblies\Unity.Collections.dll /reference:C:\Users\macar\BombCourier\Library\ScriptAssemblies\Unity.Collections.Editor.dll /reference:"C:\Users\macar\BombCourier\Library\PackageCache\com.unity.collections@65f499a3cc26\Unity.Collections.LowLevel.ILSupport\Unity.Collections.LowLevel.ILSupport.dll" /reference:C:\Users\macar\BombCourier\Library\ScriptAssemblies\Unity.InputSystem.dll /reference:C:\Users\macar\BombCourier\Library\ScriptAssemblies\Unity.InputSystem.ForUI.dll /reference:C:\Users\macar\BombCourier\Library\ScriptAssemblies\Unity.InternalAPIEditorBridge.ShaderGraph.Editor.dll /reference:C:\Users\macar\BombCourier\Library\ScriptAssemblies\Unity.InternalAPIEngineBridge.004.dll /reference:C:\Users\macar\BombCourier\Library\ScriptAssemblies\Unity.InternalAPIEngineBridge.RenderPipelines.Core.Runtime.Shared.dll /reference:C:\Users\macar\BombCourier\Library\ScriptAssemblies\Unity.Mathematics.dll /reference:C:\Users\macar\BombCourier\Library\ScriptAssemblies\Unity.Mathematics.Editor.dll /reference:C:\Users\macar\BombCourier\Library\ScriptAssemblies\Unity.Multiplayer.Center.Common.dll /reference:C:\Users\macar\BombCourier\Library\ScriptAssemblies\Unity.Multiplayer.Center.Editor.dll /reference:C:\Users\macar\BombCourier\Library\ScriptAssemblies\Unity.PathTracing.Editor.dll /reference:C:\Users\macar\BombCourier\Library\ScriptAssemblies\Unity.PathTracing.Runtime.dll /reference:C:\Users\macar\BombCourier\Library\ScriptAssemblies\Unity.PlasticSCM.Editor.dll /reference:C:\Users\macar\BombCourier\Library\ScriptAssemblies\Unity.ProBuilder.AddOns.Editor.dll /reference:C:\Users\macar\BombCourier\Library\ScriptAssemblies\Unity.ProBuilder.AssetIdRemapUtility.dll /reference:C:\Users\macar\BombCourier\Library\ScriptAssemblies\Unity.ProBuilder.dll /reference:C:\Users\macar\BombCourier\Library\ScriptAssemblies\Unity.ProBuilder.Editor.dll /reference:C:\Users\macar\BombCourier\Library\ScriptAssemblies\Unity.Rendering.LightTransport.Editor.dll /reference:C:\Users\macar\BombCourier\Library\ScriptAssemblies\Unity.RenderPipeline.Universal.ShaderLibrary.dll /reference:C:\Users\macar\BombCourier\Library\ScriptAssemblies\Unity.RenderPipelines.Core.Editor.dll /reference:C:\Users\macar\BombCourier\Library\ScriptAssemblies\Unity.RenderPipelines.Core.Editor.Shared.dll /reference:C:\Users\macar\BombCourier\Library\ScriptAssemblies\Unity.RenderPipelines.Core.Runtime.dll /reference:C:\Users\macar\BombCourier\Library\ScriptAssemblies\Unity.RenderPipelines.Core.Runtime.Shared.dll /reference:C:\Users\macar\BombCourier\Library\ScriptAssemblies\Unity.RenderPipelines.Core.ShaderLibrary.dll /reference:C:\Users\macar\BombCourier\Library\ScriptAssemblies\Unity.RenderPipelines.GPUDriven.Runtime.dll /reference:C:\Users\macar\BombCourier\Library\ScriptAssemblies\Unity.RenderPipelines.ShaderGraph.ShaderGraphLibrary.dll /reference:C:\Users\macar\BombCourier\Library\ScriptAssemblies\Unity.RenderPipelines.Universal.2D.Editor.Overrides.dll /reference:C:\Users\macar\BombCourier\Library\ScriptAssemblies\Unity.RenderPipelines.Universal.2D.Runtime.dll /reference:C:\Users\macar\BombCourier\Library\ScriptAssemblies\Unity.RenderPipelines.Universal.Config.Runtime.dll /reference:C:\Users\macar\BombCourier\Library\ScriptAssemblies\Unity.RenderPipelines.Universal.Editor.dll /reference:C:\Users\macar\BombCourier\Library\ScriptAssemblies\Unity.RenderPipelines.Universal.Runtime.dll /reference:C:\Users\macar\BombCourier\Library\ScriptAssemblies\Unity.RenderPipelines.Universal.Shaders.dll /reference:C:\Users\macar\BombCourier\Library\ScriptAssemblies\Unity.Rider.Editor.dll /reference:"C:\Program Files\Unity\Hub\Editor\6000.4.6f1\Editor\Data\Managed\UnityEngine\Unity.Scripting.dll" /reference:C:\Users\macar\BombCourier\Library\ScriptAssemblies\Unity.Searcher.Editor.dll /reference:C:\Users\macar\BombCourier\Library\ScriptAssemblies\Unity.Settings.Editor.dll /reference:C:\Users\macar\BombCourier\Library\ScriptAssemblies\Unity.ShaderGraph.Editor.dll /reference:C:\Users\macar\BombCourier\Library\ScriptAssemblies\Unity.Splines.dll /reference:C:\Users\macar\BombCourier\Library\ScriptAssemblies\Unity.Splines.Editor.dll /reference:C:\Users\macar\BombCourier\Library\ScriptAssemblies\Unity.SurfaceCache.Runtime.dll /reference:C:\Users\macar\BombCourier\Library\ScriptAssemblies\Unity.TextMeshPro.dll /reference:C:\Users\macar\BombCourier\Library\ScriptAssemblies\Unity.TextMeshPro.Editor.dll /reference:C:\Users\macar\BombCourier\Library\ScriptAssemblies\Unity.Timeline.dll /reference:C:\Users\macar\BombCourier\Library\ScriptAssemblies\Unity.Timeline.Editor.dll /reference:C:\Users\macar\BombCourier\Library\ScriptAssemblies\Unity.UnifiedRayTracing.Runtime.dll /reference:"C:\Users\macar\BombCourier\Library\PackageCache\com.unity.visualscripting@8bed5ad90189\Runtime\VisualScripting.Flow\Dependencies\NCalc\Unity.VisualScripting.Antlr3.Runtime.dll" /reference:C:\Users\macar\BombCourier\Library\ScriptAssemblies\Unity.VisualScripting.Core.dll /reference:C:\Users\macar\BombCourier\Library\ScriptAssemblies\Unity.VisualScripting.Core.Editor.dll /reference:C:\Users\macar\BombCourier\Library\ScriptAssemblies\Unity.VisualScripting.Flow.dll /reference:C:\Users\macar\BombCourier\Library\ScriptAssemblies\Unity.VisualScripting.Flow.Editor.dll /reference:C:\Users\macar\BombCourier\Library\ScriptAssemblies\Unity.VisualScripting.SettingsProvider.Editor.dll /reference:C:\Users\macar\BombCourier\Library\ScriptAssemblies\Unity.VisualScripting.Shared.Editor.dll /reference:C:\Users\macar\BombCourier\Library\ScriptAssemblies\Unity.VisualScripting.State.dll /reference:C:\Users\macar\BombCourier\Library\ScriptAssemblies\Unity.VisualScripting.State.Editor.dll /reference:C:\Users\macar\BombCourier\Library\ScriptAssemblies\Unity.VisualStudio.Editor.dll /reference:"C:\Program Files\Unity\Hub\Editor\6000.4.6f1\Editor\Data\Managed\UnityEngine\UnityEditor.AccessibilityModule.dll" /reference:"C:\Program Files\Unity\Hub\Editor\6000.4.6f1\Editor\Data\Managed\UnityEngine\UnityEditor.AdaptivePerformanceModule.dll" /reference:"C:\Program Files\Unity\Hub\Editor\6000.4.6f1\Editor\Data\Managed\UnityEngine\UnityEditor.AssetComplianceModule.dll" /reference:"C:\Program Files\Unity\Hub\Editor\6000.4.6f1\Editor\Data\Managed\UnityEngine\UnityEditor.BuildProfileModule.dll" /reference:"C:\Program Files\Unity\Hub\Editor\6000.4.6f1\Editor\Data\Managed\UnityEngine\UnityEditor.ClothModule.dll" /reference:"C:\Program Files\Unity\Hub\Editor\6000.4.6f1\Editor\Data\Managed\UnityEngine\UnityEditor.CoreBusinessMetricsModule.dll" /reference:"C:\Program Files\Unity\Hub\Editor\6000.4.6f1\Editor\Data\Managed\UnityEngine\UnityEditor.CoreModule.dll" /reference:"C:\Program Files\Unity\Hub\Editor\6000.4.6f1\Editor\Data\Managed\UnityEngine\UnityEditor.DeviceSimulatorModule.dll" /reference:"C:\Program Files\Unity\Hub\Editor\6000.4.6f1\Editor\Data\Managed\UnityEngine\UnityEditor.DiagnosticsModule.dll" /reference:"C:\Program Files\Unity\Hub\Editor\6000.4.6f1\Editor\Data\Managed\UnityEngine\UnityEditor.dll" /reference:"C:\Program Files\Unity\Hub\Editor\6000.4.6f1\Editor\Data\Managed\UnityEngine\UnityEditor.EditorToolbarModule.dll" /reference:"C:\Program Files\Unity\Hub\Editor\6000.4.6f1\Editor\Data\Managed\UnityEngine\UnityEditor.EmbreeModule.dll" /reference:"C:\Program Files\Unity\Hub\Editor\6000.4.6f1\Editor\Data\Managed\UnityEngine\UnityEditor.GIModule.dll" /reference:"C:\Program Files\Unity\Hub\Editor\6000.4.6f1\Editor\Data\Managed\UnityEngine\UnityEditor.GraphicsStateCollectionSerializerModule.dll" /reference:"C:\Program Files\Unity\Hub\Editor\6000.4.6f1\Editor\Data\Managed\UnityEngine\UnityEditor.GraphToolkitModule.dll" /reference:"C:\Program Files\Unity\Hub\Editor\6000.4.6f1\Editor\Data\Managed\UnityEngine\UnityEditor.GraphViewModule.dll" /reference:"C:\Program Files\Unity\Hub\Editor\6000.4.6f1\Editor\Data\Managed\UnityEngine\UnityEditor.GridAndSnapModule.dll" /reference:"C:\Program Files\Unity\Hub\Editor\6000.4.6f1\Editor\Data\Managed\UnityEngine\UnityEditor.GridModule.dll" /reference:"C:\Program Files\Unity\Hub\Editor\6000.4.6f1\Editor\Data\Managed\UnityEngine\UnityEditor.HierarchyModule.dll" /reference:"C:\Program Files\Unity\Hub\Editor\6000.4.6f1\Editor\Data\Managed\UnityEngine\UnityEditor.MediaModule.dll" /reference:"C:\Program Files\Unity\Hub\Editor\6000.4.6f1\Editor\Data\Managed\UnityEngine\UnityEditor.MultiplayerModule.dll" /reference:"C:\Program Files\Unity\Hub\Editor\6000.4.6f1\Editor\Data\Managed\UnityEngine\UnityEditor.Physics2DModule.dll" /reference:"C:\Program Files\Unity\Hub\Editor\6000.4.6f1\Editor\Data\Managed\UnityEngine\UnityEditor.PhysicsModule.dll" /reference:"C:\Program Files\Unity\Hub\Editor\6000.4.6f1\Editor\Data\Managed\UnityEngine\UnityEditor.PlayModeModule.dll" /reference:"C:\Program Files\Unity\Hub\Editor\6000.4.6f1\Editor\Data\Managed\UnityEngine\UnityEditor.PresetsUIModule.dll" /reference:"C:\Program Files\Unity\Hub\Editor\6000.4.6f1\Editor\Data\Managed\UnityEngine\UnityEditor.ProjectAuditorModule.dll" /reference:"C:\Program Files\Unity\Hub\Editor\6000.4.6f1\Editor\Data\Managed\UnityEngine\UnityEditor.PropertiesModule.dll" /reference:"C:\Program Files\Unity\Hub\Editor\6000.4.6f1\Editor\Data\Managed\UnityEngine\UnityEditor.QuickInstallModule.dll" /reference:"C:\Program Files\Unity\Hub\Editor\6000.4.6f1\Editor\Data\Managed\UnityEngine\UnityEditor.QuickSearchModule.dll" /reference:"C:\Program Files\Unity\Hub\Editor\6000.4.6f1\Editor\Data\Managed\UnityEngine\UnityEditor.SafeModeModule.dll" /reference:"C:\Program Files\Unity\Hub\Editor\6000.4.6f1\Editor\Data\Managed\UnityEngine\UnityEditor.SceneTemplateModule.dll" /reference:"C:\Program Files\Unity\Hub\Editor\6000.4.6f1\Editor\Data\Managed\UnityEngine\UnityEditor.SceneViewModule.dll" /reference:"C:\Program Files\Unity\Hub\Editor\6000.4.6f1\Editor\Data\Managed\UnityEngine\UnityEditor.ShaderBuildSettingsModule.dll" /reference:"C:\Program Files\Unity\Hub\Editor\6000.4.6f1\Editor\Data\Managed\UnityEngine\UnityEditor.ShaderCompilationModule.dll" /reference:"C:\Program Files\Unity\Hub\Editor\6000.4.6f1\Editor\Data\Managed\UnityEngine\UnityEditor.ShaderFoundryModule.dll" /reference:"C:\Program Files\Unity\Hub\Editor\6000.4.6f1\Editor\Data\Managed\UnityEngine\UnityEditor.SketchUpModule.dll" /reference:"C:\Program Files\Unity\Hub\Editor\6000.4.6f1\Editor\Data\Managed\UnityEngine\UnityEditor.SpriteMaskModule.dll" /reference:"C:\Program Files\Unity\Hub\Editor\6000.4.6f1\Editor\Data\Managed\UnityEngine\UnityEditor.SpriteShapeModule.dll" /reference:"C:\Program Files\Unity\Hub\Editor\6000.4.6f1\Editor\Data\Managed\UnityEngine\UnityEditor.SubstanceModule.dll" /reference:"C:\Program Files\Unity\Hub\Editor\6000.4.6f1\Editor\Data\Managed\UnityEngine\UnityEditor.TerrainModule.dll" /reference:"C:\Program Files\Unity\Hub\Editor\6000.4.6f1\Editor\Data\Managed\UnityEngine\UnityEditor.TextCoreFontEngineModule.dll" /reference:"C:\Program Files\Unity\Hub\Editor\6000.4.6f1\Editor\Data\Managed\UnityEngine\UnityEditor.TextCoreTextEngineModule.dll" /reference:"C:\Program Files\Unity\Hub\Editor\6000.4.6f1\Editor\Data\Managed\UnityEngine\UnityEditor.TextRenderingModule.dll" /reference:"C:\Program Files\Unity\Hub\Editor\6000.4.6f1\Editor\Data\Managed\UnityEngine\UnityEditor.TilemapModule.dll" /reference:"C:\Program Files\Unity\Hub\Editor\6000.4.6f1\Editor\Data\Managed\UnityEngine\UnityEditor.TreeModule.dll" /reference:C:\Users\macar\BombCourier\Library\ScriptAssemblies\UnityEditor.UI.Analytics.dll /reference:C:\Users\macar\BombCourier\Library\ScriptAssemblies\UnityEditor.UI.dll /reference:"C:\Program Files\Unity\Hub\Editor\6000.4.6f1\Editor\Data\Managed\UnityEngine\UnityEditor.UIAutomationModule.dll" /reference:"C:\Program Files\Unity\Hub\Editor\6000.4.6f1\Editor\Data\Managed\UnityEngine\UnityEditor.UIBuilderModule.dll" /reference:"C:\Program Files\Unity\Hub\Editor\6000.4.6f1\Editor\Data\Managed\UnityEngine\UnityEditor.UIElementsModule.dll" /reference:"C:\Program Files\Unity\Hub\Editor\6000.4.6f1\Editor\Data\Managed\UnityEngine\UnityEditor.UIElementsSamplesModule.dll" /reference:"C:\Program Files\Unity\Hub\Editor\6000.4.6f1\Editor\Data\Managed\UnityEngine\UnityEditor.UIToolkitAuthoringModule.dll" /reference:"C:\Program Files\Unity\Hub\Editor\6000.4.6f1\Editor\Data\Managed\UnityEngine\UnityEditor.UmbraModule.dll" /reference:"C:\Program Files\Unity\Hub\Editor\6000.4.6f1\Editor\Data\Managed\UnityEngine\UnityEditor.UnityConnectModule.dll" /reference:"C:\Program Files\Unity\Hub\Editor\6000.4.6f1\Editor\Data\Managed\UnityEngine\UnityEditor.VectorGraphicsModule.dll" /reference:"C:\Program Files\Unity\Hub\Editor\6000.4.6f1\Editor\Data\Managed\UnityEngine\UnityEditor.VFXModule.dll" /reference:"C:\Program Files\Unity\Hub\Editor\6000.4.6f1\Editor\Data\Managed\UnityEngine\UnityEditor.VideoModule.dll" /reference:"C:\Program Files\Unity\Hub\Editor\6000.4.6f1\Editor\Data\Managed\UnityEngine\UnityEditor.XRModule.dll" /reference:"C:\Program Files\Unity\Hub\Editor\6000.4.6f1\Editor\Data\Managed\UnityEngine\UnityEngine.AccessibilityModule.dll" /reference:"C:\Program Files\Unity\Hub\Editor\6000.4.6f1\Editor\Data\Managed\UnityEngine\UnityEngine.AdaptivePerformanceModule.dll" /reference:"C:\Program Files\Unity\Hub\Editor\6000.4.6f1\Editor\Data\Managed\UnityEngine\UnityEngine.AIModule.dll" /reference:"C:\Program Files\Unity\Hub\Editor\6000.4.6f1\Editor\Data\Managed\UnityEngine\UnityEngine.AndroidJNIModule.dll" /reference:"C:\Program Files\Unity\Hub\Editor\6000.4.6f1\Editor\Data\Managed\UnityEngine\UnityEngine.AnimationModule.dll" /reference:"C:\Program Files\Unity\Hub\Editor\6000.4.6f1\Editor\Data\Managed\UnityEngine\UnityEngine.ARModule.dll" /reference:"C:\Program Files\Unity\Hub\Editor\6000.4.6f1\Editor\Data\Managed\UnityEngine\UnityEngine.AssetBundleModule.dll" /reference:"C:\Program Files\Unity\Hub\Editor\6000.4.6f1\Editor\Data\Managed\UnityEngine\UnityEngine.AudioModule.dll" /reference:"C:\Program Files\Unity\Hub\Editor\6000.4.6f1\Editor\Data\Managed\UnityEngine\UnityEngine.ClothModule.dll" /reference:"C:\Program Files\Unity\Hub\Editor\6000.4.6f1\Editor\Data\Managed\UnityEngine\UnityEngine.ClusterInputModule.dll" /reference:"C:\Program Files\Unity\Hub\Editor\6000.4.6f1\Editor\Data\Managed\UnityEngine\UnityEngine.ClusterRendererModule.dll" /reference:"C:\Program Files\Unity\Hub\Editor\6000.4.6f1\Editor\Data\Managed\UnityEngine\UnityEngine.ContentLoadModule.dll" /reference:"C:\Program Files\Unity\Hub\Editor\6000.4.6f1\Editor\Data\Managed\UnityEngine\UnityEngine.CoreModule.dll" /reference:"C:\Program Files\Unity\Hub\Editor\6000.4.6f1\Editor\Data\Managed\UnityEngine\UnityEngine.CrashReportingModule.dll" /reference:"C:\Program Files\Unity\Hub\Editor\6000.4.6f1\Editor\Data\Managed\UnityEngine\UnityEngine.DirectorModule.dll" /reference:"C:\Program Files\Unity\Hub\Editor\6000.4.6f1\Editor\Data\Managed\UnityEngine\UnityEngine.dll" /reference:"C:\Program Files\Unity\Hub\Editor\6000.4.6f1\Editor\Data\Managed\UnityEngine\UnityEngine.DSPGraphModule.dll" /reference:"C:\Program Files\Unity\Hub\Editor\6000.4.6f1\Editor\Data\Managed\UnityEngine\UnityEngine.GameCenterModule.dll" /reference:"C:\Program Files\Unity\Hub\Editor\6000.4.6f1\Editor\Data\Managed\UnityEngine\UnityEngine.GIModule.dll" /reference:"C:\Program Files\Unity\Hub\Editor\6000.4.6f1\Editor\Data\Managed\UnityEngine\UnityEngine.GraphicsStateCollectionSerializerModule.dll" /reference:"C:\Program Files\Unity\Hub\Editor\6000.4.6f1\Editor\Data\Managed\UnityEngine\UnityEngine.GridModule.dll" /reference:"C:\Program Files\Unity\Hub\Editor\6000.4.6f1\Editor\Data\Managed\UnityEngine\UnityEngine.HierarchyCoreModule.dll" /reference:"C:\Program Files\Unity\Hub\Editor\6000.4.6f1\Editor\Data\Managed\UnityEngine\UnityEngine.HotReloadModule.dll" /reference:"C:\Program Files\Unity\Hub\Editor\6000.4.6f1\Editor\Data\Managed\UnityEngine\UnityEngine.IdentifiersModule.dll" /reference:"C:\Program Files\Unity\Hub\Editor\6000.4.6f1\Editor\Data\Managed\UnityEngine\UnityEngine.ImageConversionModule.dll" /reference:"C:\Program Files\Unity\Hub\Editor\6000.4.6f1\Editor\Data\Managed\UnityEngine\UnityEngine.IMGUIModule.dll" /reference:"C:\Program Files\Unity\Hub\Editor\6000.4.6f1\Editor\Data\Managed\UnityEngine\UnityEngine.InputForUIModule.dll" /reference:"C:\Program Files\Unity\Hub\Editor\6000.4.6f1\Editor\Data\Managed\UnityEngine\UnityEngine.InputLegacyModule.dll" /reference:"C:\Program Files\Unity\Hub\Editor\6000.4.6f1\Editor\Data\Managed\UnityEngine\UnityEngine.InputModule.dll" /reference:"C:\Program Files\Unity\Hub\Editor\6000.4.6f1\Editor\Data\Managed\UnityEngine\UnityEngine.InsightsModule.dll" /reference:"C:\Program Files\Unity\Hub\Editor\6000.4.6f1\Editor\Data\Managed\UnityEngine\UnityEngine.JSONSerializeModule.dll" /reference:"C:\Program Files\Unity\Hub\Editor\6000.4.6f1\Editor\Data\Managed\UnityEngine\UnityEngine.LocalizationModule.dll" /reference:"C:\Program Files\Unity\Hub\Editor\6000.4.6f1\Editor\Data\Managed\UnityEngine\UnityEngine.MarshallingModule.dll" /reference:"C:\Program Files\Unity\Hub\Editor\6000.4.6f1\Editor\Data\Managed\UnityEngine\UnityEngine.MultiplayerModule.dll" /reference:"C:\Program Files\Unity\Hub\Editor\6000.4.6f1\Editor\Data\Managed\UnityEngine\UnityEngine.ParticleSystemModule.dll" /reference:"C:\Program Files\Unity\Hub\Editor\6000.4.6f1\Editor\Data\Managed\UnityEngine\UnityEngine.PerformanceReportingModule.dll" /reference:"C:\Program Files\Unity\Hub\Editor\6000.4.6f1\Editor\Data\Managed\UnityEngine\UnityEngine.Physics2DModule.dll" /reference:"C:\Program Files\Unity\Hub\Editor\6000.4.6f1\Editor\Data\Managed\UnityEngine\UnityEngine.PhysicsBackendPhysXModule.dll" /reference:"C:\Program Files\Unity\Hub\Editor\6000.4.6f1\Editor\Data\Managed\UnityEngine\UnityEngine.PhysicsModule.dll" /reference:"C:\Program Files\Unity\Hub\Editor\6000.4.6f1\Editor\Data\Managed\UnityEngine\UnityEngine.PropertiesModule.dll" /reference:"C:\Program Files\Unity\Hub\Editor\6000.4.6f1\Editor\Data\Managed\UnityEngine\UnityEngine.RenderAs2DModule.dll" /reference:"C:\Program Files\Unity\Hub\Editor\6000.4.6f1\Editor\Data\Managed\UnityEngine\UnityEngine.RuntimeInitializeOnLoadManagerInitializerModule.dll" /reference:"C:\Program Files\Unity\Hub\Editor\6000.4.6f1\Editor\Data\Managed\UnityEngine\UnityEngine.ScreenCaptureModule.dll" /reference:"C:\Program Files\Unity\Hub\Editor\6000.4.6f1\Editor\Data\Managed\UnityEngine\UnityEngine.ScriptingModule.dll" /reference:"C:\Program Files\Unity\Hub\Editor\6000.4.6f1\Editor\Data\Managed\UnityEngine\UnityEngine.ShaderVariantAnalyticsModule.dll" /reference:"C:\Program Files\Unity\Hub\Editor\6000.4.6f1\Editor\Data\Managed\UnityEngine\UnityEngine.SharedInternalsModule.dll" /reference:"C:\Program Files\Unity\Hub\Editor\6000.4.6f1\Editor\Data\Managed\UnityEngine\UnityEngine.SpriteMaskModule.dll" /reference:"C:\Program Files\Unity\Hub\Editor\6000.4.6f1\Editor\Data\Managed\UnityEngine\UnityEngine.SpriteShapeModule.dll" /reference:"C:\Program Files\Unity\Hub\Editor\6000.4.6f1\Editor\Data\Managed\UnityEngine\UnityEngine.StreamingModule.dll" /reference:"C:\Program Files\Unity\Hub\Editor\6000.4.6f1\Editor\Data\Managed\UnityEngine\UnityEngine.SubstanceModule.dll" /reference:"C:\Program Files\Unity\Hub\Editor\6000.4.6f1\Editor\Data\Managed\UnityEngine\UnityEngine.SubsystemsModule.dll" /reference:"C:\Program Files\Unity\Hub\Editor\6000.4.6f1\Editor\Data\Managed\UnityEngine\UnityEngine.TerrainModule.dll" /reference:"C:\Program Files\Unity\Hub\Editor\6000.4.6f1\Editor\Data\Managed\UnityEngine\UnityEngine.TerrainPhysicsModule.dll" /reference:"C:\Program Files\Unity\Hub\Editor\6000.4.6f1\Editor\Data\Managed\UnityEngine\UnityEngine.TextCoreFontEngineModule.dll" /reference:"C:\Program Files\Unity\Hub\Editor\6000.4.6f1\Editor\Data\Managed\UnityEngine\UnityEngine.TextCoreTextEngineModule.dll" /reference:"C:\Program Files\Unity\Hub\Editor\6000.4.6f1\Editor\Data\Managed\UnityEngine\UnityEngine.TextRenderingModule.dll" /reference:"C:\Program Files\Unity\Hub\Editor\6000.4.6f1\Editor\Data\Managed\UnityEngine\UnityEngine.TilemapModule.dll" /reference:"C:\Program Files\Unity\Hub\Editor\6000.4.6f1\Editor\Data\Managed\UnityEngine\UnityEngine.TLSModule.dll" /reference:C:\Users\macar\BombCourier\Library\ScriptAssemblies\UnityEngine.UI.dll /reference:"C:\Program Files\Unity\Hub\Editor\6000.4.6f1\Editor\Data\Managed\UnityEngine\UnityEngine.UIElementsModule.dll" /reference:"C:\Program Files\Unity\Hub\Editor\6000.4.6f1\Editor\Data\Managed\UnityEngine\UnityEngine.UIModule.dll" /reference:"C:\Program Files\Unity\Hub\Editor\6000.4.6f1\Editor\Data\Managed\UnityEngine\UnityEngine.UmbraModule.dll" /reference:"C:\Program Files\Unity\Hub\Editor\6000.4.6f1\Editor\Data\Managed\UnityEngine\UnityEngine.UnityAnalyticsCommonModule.dll" /reference:"C:\Program Files\Unity\Hub\Editor\6000.4.6f1\Editor\Data\Managed\UnityEngine\UnityEngine.UnityAnalyticsModule.dll" /reference:"C:\Program Files\Unity\Hub\Editor\6000.4.6f1\Editor\Data\Managed\UnityEngine\UnityEngine.UnityConnectModule.dll" /reference:"C:\Program Files\Unity\Hub\Editor\6000.4.6f1\Editor\Data\Managed\UnityEngine\UnityEngine.UnityConsentModule.dll" /reference:"C:\Program Files\Unity\Hub\Editor\6000.4.6f1\Editor\Data\Managed\UnityEngine\UnityEngine.UnityCurlModule.dll" /reference:"C:\Program Files\Unity\Hub\Editor\6000.4.6f1\Editor\Data\Managed\UnityEngine\UnityEngine.UnityWebRequestAssetBundleModule.dll" /reference:"C:\Program Files\Unity\Hub\Editor\6000.4.6f1\Editor\Data\Managed\UnityEngine\UnityEngine.UnityWebRequestAudioModule.dll" /reference:"C:\Program Files\Unity\Hub\Editor\6000.4.6f1\Editor\Data\Managed\UnityEngine\UnityEngine.UnityWebRequestModule.dll" /reference:"C:\Program Files\Unity\Hub\Editor\6000.4.6f1\Editor\Data\Managed\UnityEngine\UnityEngine.UnityWebRequestTextureModule.dll" /reference:"C:\Program Files\Unity\Hub\Editor\6000.4.6f1\Editor\Data\Managed\UnityEngine\UnityEngine.UnityWebRequestWWWModule.dll" /reference:"C:\Program Files\Unity\Hub\Editor\6000.4.6f1\Editor\Data\Managed\UnityEngine\UnityEngine.VectorGraphicsModule.dll" /reference:"C:\Program Files\Unity\Hub\Editor\6000.4.6f1\Editor\Data\Managed\UnityEngine\UnityEngine.VehiclesModule.dll" /reference:"C:\Program Files\Unity\Hub\Editor\6000.4.6f1\Editor\Data\Managed\UnityEngine\UnityEngine.VFXModule.dll" /reference:"C:\Program Files\Unity\Hub\Editor\6000.4.6f1\Editor\Data\Managed\UnityEngine\UnityEngine.VideoModule.dll" /reference:"C:\Program Files\Unity\Hub\Editor\6000.4.6f1\Editor\Data\Managed\UnityEngine\UnityEngine.VirtualTexturingModule.dll" /reference:"C:\Program Files\Unity\Hub\Editor\6000.4.6f1\Editor\Data\Managed\UnityEngine\UnityEngine.VRModule.dll" /reference:"C:\Program Files\Unity\Hub\Editor\6000.4.6f1\Editor\Data\Managed\UnityEngine\UnityEngine.WindModule.dll" /reference:"C:\Program Files\Unity\Hub\Editor\6000.4.6f1\Editor\Data\Managed\UnityEngine\UnityEngine.XRModule.dll" /debug+ /debug:portable /filealign:512 /optimize- /out:Temp\obj\Assembly-CSharp\Assembly-CSharp.dll /target:library /warnaserror- /utf8output /deterministic+ /sourcelink:Temp\obj\Assembly-CSharp\Assembly-CSharp.sourcelink.json /langversion:9.0 /embed:"Temp\obj\Assembly-CSharp\.NETStandard,Version=v2.1.AssemblyAttributes.cs" /analyzerconfig:Temp\obj\Assembly-CSharp\Assembly-CSharp.GeneratedMSBuildEditorConfig.editorconfig /analyzer:C:\Users\macar\.vscode\extensions\visualstudiotoolsforunity.vstuc-1.2.2\Analyzers\Microsoft.Unity.Analyzers.dll /analyzer:"C:\Program Files\Unity\Hub\Editor\6000.4.6f1\Editor\Data\Tools\BuildPipeline\Unity.SourceGenerators\Unity.SourceGenerators.dll" /analyzer:"C:\Program Files\Unity\Hub\Editor\6000.4.6f1\Editor\Data\Tools\BuildPipeline\Unity.SourceGenerators\Unity.Properties.SourceGenerator.dll" /analyzer:"C:\Program Files\Unity\Hub\Editor\6000.4.6f1\Editor\Data\Tools\BuildPipeline\Unity.SourceGenerators\Unity.UIToolkit.SourceGenerator.dll" Assets\Scripts\Camera\CameraManager.cs Assets\Scripts\Managers\GameLogicManagerMB.cs Assets\Scripts\Gimmick\MovingPlatform\MovingPlatformContracts.cs Assets\Scripts\Utility\ValueStore\ValueStoreScope.cs Assets\Scripts\Gimmick\Cushion\CushionContracts.cs Assets\Scripts\Utility\Wiring\WiringSequence.cs Assets\Scripts\Gimmick\PressurePlate\PressurePlateSurfaceMB.cs Assets\Scripts\Base\Entity\Registry\EntityTagDropdownAttribute.cs Assets\Scripts\Base\Entity\Lifecycle\EntityLifecycleMB.cs Assets\Scripts\Utility\SpriteAnimation\SpriteAnimationPlayerMB.cs Assets\Scripts\Camera\IntroCameraSequenceRunner.cs Assets\Scripts\Base\Entity\Registry\EntityTagReference.cs Assets\Scripts\Utility\ValueStore\NumericModifierSet.cs Assets\Scripts\Utility\Wiring\WiringContext.cs Assets\Scripts\Gimmick\Cushion\CushionRigidbodyImpactApplier.cs Assets\Scripts\Player\Data\ItemHoldSocketFollower.cs Assets\Scripts\Base\Entity\EntityImpactResponseMB.cs Assets\Scripts\Utility\ValueStore\ValueStoreContracts.cs Assets\Scripts\Item\Carry\CarryContracts.cs Assets\Scripts\Base\Kernel\KernelContracts.cs Assets\Scripts\Utility\ValueStore\ValueKeys.cs Assets\Scripts\UI\GameLogic\UIShowReloadStateMB.cs Assets\Scripts\Base\Kernel\ApplicationKernel.cs Assets\Scripts\Base\Entity\Registry\EntityTags.cs Assets\Scripts\Base\Entity\Spawner\EntitySpawnerMB.cs Assets\Scripts\Item\Effect\PickupOutlineRendererFeature.cs Assets\Scripts\Utility\ValueStore\ValueStoreServiceContracts.cs Assets\Scripts\Utility\ValueStore\KernelValueStoreService.cs Assets\Scripts\Utility\ValueStore\ValueKeyRegistry.cs Assets\Scripts\Gimmick\MovingPlatform\MovingPlatformLayer.cs Assets\Scripts\Base\Event\Signal\SignalRegistry.cs Assets\Scripts\Entity\Face\FaceMeshExpressionPresenterMB.cs Assets\Scripts\Base\Event\EntityLifecycleEvents\EntityLifecycleEvent.cs Assets\Scripts\Entity\EntityAnimationMB.cs Assets\Scripts\Player\Movement\PlayerRagdollControllerMB.cs Assets\Scripts\Player\Camera\ThirdPersonCameraController.cs Assets\Scripts\Base\Entity\Registry\SceneEntityBootstrapper.cs Assets\Scripts\Utility\Motion\MovingPlatformMotionContracts.cs Assets\Scripts\Base\Event\Signal\SignalContracts.cs Assets\Scripts\Base\Kernel\SceneKernel.cs Assets\Scripts\Utility\ScalarManager.cs Assets\Scripts\Stage\StageDataSO.cs Assets\Scripts\Utility\SpriteAnimation\AnimationSpriteClipAsset.cs Assets\Scripts\Managers\GameStateManagerMB.cs Assets\Scripts\Utility\BoolStore.cs "Assets\RealToon\RealToon Tools\FrameByFrameRendering\FrameByFrameRendering_Manual.cs" "Assets\RealToon\RealToon Tools\ShadowTSDFModeHelper.cs" "Assets\RealToon\RealToon Tools\CustomShadowResolution.cs" Assets\Scripts\Utility\ValueStore\ValueStoreService.cs "Assets\RealToon\RealToon Tools\SmearEffectHelper.cs" Assets\Scripts\Utility\Wiring\WiringAction.cs Assets\Scripts\Base\Entity\EntityMB.cs Assets\Scripts\Gimmick\MovingPlatform\MovingPlatformMB.cs Assets\Scripts\Utility\ValueStore\EntityValueStore.cs Assets\TutorialInfo\Scripts\Readme.cs "Assets\RealToon\RealToon Tools\PerspectiveAdjustmentController.cs" "Assets\RealToon\RealToon Tools\SmoothObjectNormalHelper.cs" Assets\Scripts\Entity\Face\FaceExpressionUvSet.cs Assets\Scripts\Base\Kernel\ApplicationKernelMB.cs Assets\Scripts\Item\Bomb\BombMB.cs Assets\Scripts\Utility\StateMachine.cs Assets\Scripts\Utility\ValueStore\ValueKeyDropdownAttribute.cs Assets\Scripts\Player\Data\PlayerItemHandleStateMB.cs Assets\Scripts\Base\Event\EventService.cs Assets\Scripts\Base\Entity\Lifecycle\EntityLifecycleService.cs Assets\Scripts\Base\Entity\Registry\EntityTagRegistry.cs Assets\Scripts\Utility\ValueStore\ValueStoreMB.cs Assets\Scripts\Utility\ValueStore\ValueWatchHandle.cs Assets\Scripts\Base\Event\EventMB.cs Assets\Scripts\Gimmick\Cushion\CushionMB.cs "Assets\RealToon\RealToon Tools\FrameByFrameRendering\FrameByFrameRendering_Default.cs" Assets\Scripts\UI\Effect\UIFadeEffectMB.cs Assets\Scripts\Base\Entity\Registry\ScopedEntityRegistryMB.cs Assets\Scripts\Utility\SpriteAnimation\AnimationSpriteClipSource.cs Assets\Scripts\Base\Entity\Spawner\EntitySpawnerService.cs Assets\Scripts\Camera\IntroCameraPathAuthoring.cs Assets\Scripts\Utility\SpriteAnimation\AnimationSpriteClip.cs Assets\Scripts\Player\Data\PlayerSpawnPointMB.cs Assets\Scripts\Gimmick\Cushion\CushionSurfaceMB.cs Assets\Scripts\Utility\ValueStore\ValueSlot.cs Assets\Scripts\Movement\EntityMoveController.cs Assets\Scripts\Stage\Checkpoint\StageSaveMarkMB.cs Assets\Scripts\Camera\IntroCameraPoint.cs Assets\Scripts\Stage\Checkpoint\StageCheckpointServiceMB.cs Assets\Scripts\Base\Kernel\SceneKernelMB.cs Assets\Scripts\Gimmick\PressurePlate\PressurePlateContracts.cs Assets\Scripts\Utility\ValueStore\ValueKeyReference.cs Assets\Scripts\Player\Data\PlayerMB.cs Assets\Scripts\Player\Movement\PlayerMoveController.cs Assets\Scripts\Base\Kernel\BaseKernel.cs Assets\Scripts\UI\Bomb\UIBombStateMB.cs Assets\Scripts\Base\Entity\Registry\EntityRegistry.cs Assets\Scripts\Base\Entity\Registry\EntityRegistryContracts.cs Assets\Scripts\Base\Entity\Spawner\EntitySpawnContracts.cs Assets\Scripts\Item\Effect\PickupOutlineRegistry.cs Assets\Scripts\Item\Effect\PickupOutlineTargetMB.cs Assets\Scripts\Utility\Wiring\EntityTargetResolver.cs Assets\Scripts\Managers\StageManagerMB.cs Assets\Scripts\Base\Event\EventServiceContracts.cs Assets\Scripts\Gimmick\PressurePlate\PressurePlateMB.cs Assets\Scripts\UI\GameLogic\UIReloadMB.cs "Temp\obj\Assembly-CSharp\.NETStandard,Version=v2.1.AssemblyAttributes.cs" /warnaserror+:NU1605
         Compilation request Assembly-CSharp (netstandard2.1), PathToTool=C:\Program Files\dotnet\sdk\10.0.201\Roslyn\bincore\csc.exe
         CommandLine = ' /noconfig'
         BuildResponseFile = '/unsafe- /checked- /nowarn:0169,USG0001,1701,1702 /fullpaths /nostdlib+ /errorreport:prompt /define:UNITY_6000_4_6;UNITY_6000_4;UNITY_6000;UNITY_5_3_OR_NEWER;UNITY_5_4_OR_NEWER;UNITY_5_5_OR_NEWER;UNITY_5_6_OR_NEWER;UNITY_2017_1_OR_NEWER;UNITY_2017_2_OR_NEWER;UNITY_2017_3_OR_NEWER;UNITY_2017_4_OR_NEWER;UNITY_2018_1_OR_NEWER;UNITY_2018_2_OR_NEWER;UNITY_2018_3_OR_NEWER;UNITY_2018_4_OR_NEWER;UNITY_2019_1_OR_NEWER;UNITY_2019_2_OR_NEWER;UNITY_2019_3_OR_NEWER;UNITY_2019_4_OR_NEWER;UNITY_2020_1_OR_NEWER;UNITY_2020_2_OR_NEWER;UNITY_2020_3_OR_NEWER;UNITY_2021_1_OR_NEWER;UNITY_2021_2_OR_NEWER;UNITY_2021_3_OR_NEWER;UNITY_2022_1_OR_NEWER;UNITY_2022_2_OR_NEWER;UNITY_2022_3_OR_NEWER;UNITY_2023_1_OR_NEWER;UNITY_2023_2_OR_NEWER;UNITY_2023_3_OR_NEWER;UNITY_6000_0_OR_NEWER;UNITY_6000_1_OR_NEWER;UNITY_6000_2_OR_NEWER;UNITY_6000_3_OR_NEWER;UNITY_6000_4_OR_NEWER;PLATFORM_ARCH_64;UNITY_64;UNITY_INCLUDE_TESTS;ENABLE_AR;ENABLE_AUDIO;ENABLE_AUDIO_SCRIPTABLE_PIPELINE;ENABLE_CACHING;ENABLE_CLOTH;ENABLE_EVENT_QUEUE;ENABLE_MICROPHONE;ENABLE_MULTIPLE_DISPLAYS;ENABLE_PHYSICS;ENABLE_TEXTURE_STREAMING;ENABLE_VIRTUALTEXTURING;ENABLE_LZMA;ENABLE_UNITYEVENTS;ENABLE_VR;ENABLE_WEBCAM;ENABLE_UNITYWEBREQUEST;ENABLE_WWW;ENABLE_CLOUD_SERVICES;ENABLE_CLOUD_SERVICES_ADS;ENABLE_CLOUD_SERVICES_USE_WEBREQUEST;ENABLE_UNITY_CONSENT;ENABLE_UNITY_CLOUD_IDENTIFIERS;ENABLE_CLOUD_SERVICES_CRASH_REPORTING;ENABLE_CLOUD_SERVICES_NATIVE_CRASH_REPORTING;ENABLE_CLOUD_SERVICES_PURCHASING;ENABLE_CLOUD_SERVICES_ANALYTICS;ENABLE_CLOUD_SERVICES_BUILD;ENABLE_EDITOR_GAME_SERVICES;ENABLE_UNITY_GAME_SERVICES_ANALYTICS_SUPPORT;ENABLE_CLOUD_LICENSE;ENABLE_EDITOR_HUB_LICENSE;ENABLE_WEBSOCKET_CLIENT;ENABLE_GENERATE_NATIVE_PLUGINS_FOR_ASSEMBLIES_API;ENABLE_DIRECTOR_AUDIO;ENABLE_DIRECTOR_TEXTURE;ENABLE_MANAGED_JOBS;ENABLE_MANAGED_TRANSFORM_JOBS;ENABLE_MANAGED_ANIMATION_JOBS;ENABLE_MANAGED_AUDIO_JOBS;ENABLE_MANAGED_UNITYTLS;INCLUDE_DYNAMIC_GI;ENABLE_SCRIPTING_GC_WBARRIERS;PLATFORM_SUPPORTS_MONO;RENDER_SOFTWARE_CURSOR;ENABLE_MARSHALLING_TESTS;ENABLE_VIDEO;ENABLE_NAVIGATION_OFFMESHLINK_TO_NAVMESHLINK;ENABLE_ACCELERATOR_CLIENT_DEBUGGING;ENABLE_ACCESSIBILITY_SCREEN_READER;TEXTCORE_1_0_OR_NEWER;EDITOR_ONLY_NAVMESH_BUILDER_DEPRECATED;PLATFORM_STANDALONE_WIN;PLATFORM_STANDALONE;UNITY_STANDALONE_WIN;UNITY_STANDALONE;ENABLE_RUNTIME_GI;ENABLE_MOVIES;ENABLE_NETWORK;ENABLE_NVIDIA;ENABLE_AMD;ENABLE_CRUNCH_TEXTURE_COMPRESSION;ENABLE_CLOUD_SERVICES_ENGINE_DIAGNOSTICS;ENABLE_OUT_OF_PROCESS_CRASH_HANDLER;ENABLE_CLUSTER_SYNC;ENABLE_CLUSTERINPUT;PLATFORM_UPDATES_TIME_OUTSIDE_OF_PLAYER_LOOP;GFXDEVICE_WAITFOREVENT_MESSAGEPUMP;PLATFORM_USES_EXPLICIT_MEMORY_MANAGER_INITIALIZER;PLATFORM_SUPPORTS_WAIT_FOR_PRESENTATION;PLATFORM_SUPPORTS_SPLIT_GRAPHICS_JOBS;ENABLE_MONO;NET_STANDARD_2_0;NET_STANDARD;NET_STANDARD_2_1;NETSTANDARD;NETSTANDARD2_1;ENABLE_PROFILER;ENABLE_PROFILER_ASSISTANT_INTEGRATION;DEBUG;TRACE;UNITY_ASSERTIONS;UNITY_EDITOR;UNITY_EDITOR_64;UNITY_EDITOR_WIN;ENABLE_UNITY_COLLECTIONS_CHECKS;ENABLE_BURST_AOT;UNITY_TEAM_LICENSE;ENABLE_CUSTOM_RENDER_TEXTURE;ENABLE_DIRECTOR;ENABLE_LOCALIZATION;ENABLE_SPRITES;ENABLE_TERRAIN;ENABLE_TILEMAP;ENABLE_TIMELINE;ENABLE_INPUT_SYSTEM;TEXTCORE_FONT_ENGINE_1_5_OR_NEWER;TEXTCORE_TEXT_ENGINE_1_5_OR_NEWER;TEXTCORE_FONT_ENGINE_1_6_OR_NEWER;ODIN_INSPECTOR;ODIN_INSPECTOR_3;ODIN_INSPECTOR_3_1;ODIN_INSPECTOR_3_2;ODIN_INSPECTOR_3_3;CSHARP_7_OR_LATER;CSHARP_7_3_OR_NEWER;DEBUG;NETSTANDARD;NETSTANDARD2_1;NETSTANDARD1_0_OR_GREATER;NETSTANDARD1_1_OR_GREATER;NETSTANDARD1_2_OR_GREATER;NETSTANDARD1_3_OR_GREATER;NETSTANDARD1_4_OR_GREATER;NETSTANDARD1_5_OR_GREATER;NETSTANDARD1_6_OR_GREATER;NETSTANDARD2_0_OR_GREATER;NETSTANDARD2_1_OR_GREATER /highentropyva+ /reference:"C:\Program Files\Unity\Hub\Editor\6000.4.6f1\Editor\Data\NetStandard\compat\2.1.0\shims\netstandard\Microsoft.Win32.Primitives.dll" /reference:"C:\Users\macar\BombCourier\Library\PackageCache\com.unity.nuget.mono-cecil@ecb9724e46ff\Mono.Cecil.dll" /reference:"C:\Program Files\Unity\Hub\Editor\6000.4.6f1\Editor\Data\NetStandard\compat\2.1.0\shims\netfx\mscorlib.dll" /reference:"C:\Program Files\Unity\Hub\Editor\6000.4.6f1\Editor\Data\NetStandard\ref\2.1.0\netstandard.dll" /reference:"C:\Users\macar\BombCourier\Library\PackageCache\com.unity.ext.nunit@d8c07649098d\net40\unity-custom\nunit.framework.dll" /reference:C:\Users\macar\BombCourier\Assets\Plugins\Sirenix\Assemblies\Sirenix.OdinInspector.Attributes.dll /reference:C:\Users\macar\BombCourier\Assets\Plugins\Sirenix\Assemblies\Sirenix.OdinInspector.Editor.dll /reference:C:\Users\macar\BombCourier\Temp\bin\Debug\Sirenix.OdinInspector.Modules.UnityMathematics.dll /reference:C:\Users\macar\BombCourier\Assets\Plugins\Sirenix\Assemblies\Sirenix.Reflection.Editor.dll /reference:C:\Users\macar\BombCourier\Assets\Plugins\Sirenix\Assemblies\Sirenix.Serialization.Config.dll /reference:C:\Users\macar\BombCourier\Assets\Plugins\Sirenix\Assemblies\Sirenix.Serialization.dll /reference:C:\Users\macar\BombCourier\Assets\Plugins\Sirenix\Assemblies\Sirenix.Utilities.dll /reference:C:\Users\macar\BombCourier\Assets\Plugins\Sirenix\Assemblies\Sirenix.Utilities.Editor.dll /reference:"C:\Program Files\Unity\Hub\Editor\6000.4.6f1\Editor\Data\NetStandard\compat\2.1.0\shims\netstandard\System.AppContext.dll" /reference:"C:\Program Files\Unity\Hub\Editor\6000.4.6f1\Editor\Data\NetStandard\compat\2.1.0\shims\netstandard\System.Buffers.dll" /reference:"C:\Program Files\Unity\Hub\Editor\6000.4.6f1\Editor\Data\NetStandard\compat\2.1.0\shims\netstandard\System.Collections.Concurrent.dll" /reference:"C:\Program Files\Unity\Hub\Editor\6000.4.6f1\Editor\Data\NetStandard\compat\2.1.0\shims\netstandard\System.Collections.dll" /reference:"C:\Program Files\Unity\Hub\Editor\6000.4.6f1\Editor\Data\NetStandard\compat\2.1.0\shims\netstandard\System.Collections.NonGeneric.dll" /reference:"C:\Program Files\Unity\Hub\Editor\6000.4.6f1\Editor\Data\NetStandard\compat\2.1.0\shims\netstandard\System.Collections.Specialized.dll" /reference:"C:\Program Files\Unity\Hub\Editor\6000.4.6f1\Editor\Data\NetStandard\compat\2.1.0\shims\netfx\System.ComponentModel.Composition.dll" /reference:"C:\Program Files\Unity\Hub\Editor\6000.4.6f1\Editor\Data\NetStandard\compat\2.1.0\shims\netstandard\System.ComponentModel.dll" /reference:"C:\Program Files\Unity\Hub\Editor\6000.4.6f1\Editor\Data\NetStandard\compat\2.1.0\shims\netstandard\System.ComponentModel.EventBasedAsync.dll" /reference:"C:\Program Files\Unity\Hub\Editor\6000.4.6f1\Editor\Data\NetStandard\compat\2.1.0\shims\netstandard\System.ComponentModel.Primitives.dll" /reference:"C:\Program Files\Unity\Hub\Editor\6000.4.6f1\Editor\Data\NetStandard\compat\2.1.0\shims\netstandard\System.ComponentModel.TypeConverter.dll" /reference:"C:\Program Files\Unity\Hub\Editor\6000.4.6f1\Editor\Data\NetStandard\compat\2.1.0\shims\netstandard\System.Console.dll" /reference:"C:\Program Files\Unity\Hub\Editor\6000.4.6f1\Editor\Data\NetStandard\compat\2.1.0\shims\netfx\System.Core.dll" /reference:"C:\Program Files\Unity\Hub\Editor\6000.4.6f1\Editor\Data\NetStandard\compat\2.1.0\shims\netstandard\System.Data.Common.dll" /reference:"C:\Program Files\Unity\Hub\Editor\6000.4.6f1\Editor\Data\NetStandard\compat\2.1.0\shims\netfx\System.Data.dll" /reference:"C:\Program Files\Unity\Hub\Editor\6000.4.6f1\Editor\Data\NetStandard\compat\2.1.0\shims\netstandard\System.Diagnostics.Contracts.dll" /reference:"C:\Program Files\Unity\Hub\Editor\6000.4.6f1\Editor\Data\NetStandard\compat\2.1.0\shims\netstandard\System.Diagnostics.Debug.dll" /reference:"C:\Program Files\Unity\Hub\Editor\6000.4.6f1\Editor\Data\NetStandard\compat\2.1.0\shims\netstandard\System.Diagnostics.FileVersionInfo.dll" /reference:"C:\Program Files\Unity\Hub\Editor\6000.4.6f1\Editor\Data\NetStandard\compat\2.1.0\shims\netstandard\System.Diagnostics.Process.dll" /reference:"C:\Program Files\Unity\Hub\Editor\6000.4.6f1\Editor\Data\NetStandard\compat\2.1.0\shims\netstandard\System.Diagnostics.StackTrace.dll" /reference:"C:\Program Files\Unity\Hub\Editor\6000.4.6f1\Editor\Data\NetStandard\compat\2.1.0\shims\netstandard\System.Diagnostics.TextWriterTraceListener.dll" /reference:"C:\Program Files\Unity\Hub\Editor\6000.4.6f1\Editor\Data\NetStandard\compat\2.1.0\shims\netstandard\System.Diagnostics.Tools.dll" /reference:"C:\Program Files\Unity\Hub\Editor\6000.4.6f1\Editor\Data\NetStandard\compat\2.1.0\shims\netstandard\System.Diagnostics.TraceSource.dll" /reference:"C:\Program Files\Unity\Hub\Editor\6000.4.6f1\Editor\Data\NetStandard\compat\2.1.0\shims\netstandard\System.Diagnostics.Tracing.dll" /reference:"C:\Program Files\Unity\Hub\Editor\6000.4.6f1\Editor\Data\NetStandard\compat\2.1.0\shims\netfx\System.dll" /reference:"C:\Program Files\Unity\Hub\Editor\6000.4.6f1\Editor\Data\NetStandard\compat\2.1.0\shims\netfx\System.Drawing.dll" /reference:"C:\Program Files\Unity\Hub\Editor\6000.4.6f1\Editor\Data\NetStandard\compat\2.1.0\shims\netstandard\System.Drawing.Primitives.dll" /reference:"C:\Program Files\Unity\Hub\Editor\6000.4.6f1\Editor\Data\NetStandard\compat\2.1.0\shims\netstandard\System.Dynamic.Runtime.dll" /reference:"C:\Program Files\Unity\Hub\Editor\6000.4.6f1\Editor\Data\NetStandard\compat\2.1.0\shims\netstandard\System.Globalization.Calendars.dll" /reference:"C:\Program Files\Unity\Hub\Editor\6000.4.6f1\Editor\Data\NetStandard\compat\2.1.0\shims\netstandard\System.Globalization.dll" /reference:"C:\Program Files\Unity\Hub\Editor\6000.4.6f1\Editor\Data\NetStandard\compat\2.1.0\shims\netstandard\System.Globalization.Extensions.dll" /reference:"C:\Program Files\Unity\Hub\Editor\6000.4.6f1\Editor\Data\NetStandard\compat\2.1.0\shims\netstandard\System.IO.Compression.dll" /reference:"C:\Program Files\Unity\Hub\Editor\6000.4.6f1\Editor\Data\NetStandard\compat\2.1.0\shims\netfx\System.IO.Compression.FileSystem.dll" /reference:"C:\Program Files\Unity\Hub\Editor\6000.4.6f1\Editor\Data\NetStandard\compat\2.1.0\shims\netstandard\System.IO.Compression.ZipFile.dll" /reference:"C:\Program Files\Unity\Hub\Editor\6000.4.6f1\Editor\Data\NetStandard\compat\2.1.0\shims\netstandard\System.IO.dll" /reference:"C:\Program Files\Unity\Hub\Editor\6000.4.6f1\Editor\Data\NetStandard\compat\2.1.0\shims\netstandard\System.IO.FileSystem.dll" /reference:"C:\Program Files\Unity\Hub\Editor\6000.4.6f1\Editor\Data\NetStandard\compat\2.1.0\shims\netstandard\System.IO.FileSystem.DriveInfo.dll" /reference:"C:\Program Files\Unity\Hub\Editor\6000.4.6f1\Editor\Data\NetStandard\compat\2.1.0\shims\netstandard\System.IO.FileSystem.Primitives.dll" /reference:"C:\Program Files\Unity\Hub\Editor\6000.4.6f1\Editor\Data\NetStandard\compat\2.1.0\shims\netstandard\System.IO.FileSystem.Watcher.dll" /reference:"C:\Users\macar\BombCourier\Library\PackageCache\com.unity.collections@65f499a3cc26\Unity.Collections.Tests\System.IO.Hashing\System.IO.Hashing.dll" /reference:"C:\Program Files\Unity\Hub\Editor\6000.4.6f1\Editor\Data\NetStandard\compat\2.1.0\shims\netstandard\System.IO.IsolatedStorage.dll" /reference:"C:\Program Files\Unity\Hub\Editor\6000.4.6f1\Editor\Data\NetStandard\compat\2.1.0\shims\netstandard\System.IO.MemoryMappedFiles.dll" /reference:"C:\Program Files\Unity\Hub\Editor\6000.4.6f1\Editor\Data\NetStandard\compat\2.1.0\shims\netstandard\System.IO.Pipes.dll" /reference:"C:\Program Files\Unity\Hub\Editor\6000.4.6f1\Editor\Data\NetStandard\compat\2.1.0\shims\netstandard\System.IO.UnmanagedMemoryStream.dll" /reference:"C:\Program Files\Unity\Hub\Editor\6000.4.6f1\Editor\Data\NetStandard\compat\2.1.0\shims\netstandard\System.Linq.dll" /reference:"C:\Program Files\Unity\Hub\Editor\6000.4.6f1\Editor\Data\NetStandard\compat\2.1.0\shims\netstandard\System.Linq.Expressions.dll" /reference:"C:\Program Files\Unity\Hub\Editor\6000.4.6f1\Editor\Data\NetStandard\compat\2.1.0\shims\netstandard\System.Linq.Parallel.dll" /reference:"C:\Program Files\Unity\Hub\Editor\6000.4.6f1\Editor\Data\NetStandard\compat\2.1.0\shims\netstandard\System.Linq.Queryable.dll" /reference:"C:\Program Files\Unity\Hub\Editor\6000.4.6f1\Editor\Data\NetStandard\compat\2.1.0\shims\netstandard\System.Memory.dll" /reference:"C:\Program Files\Unity\Hub\Editor\6000.4.6f1\Editor\Data\NetStandard\compat\2.1.0\shims\netfx\System.Net.dll" /reference:"C:\Program Files\Unity\Hub\Editor\6000.4.6f1\Editor\Data\NetStandard\compat\2.1.0\shims\netstandard\System.Net.Http.dll" /reference:"C:\Program Files\Unity\Hub\Editor\6000.4.6f1\Editor\Data\NetStandard\compat\2.1.0\shims\netstandard\System.Net.NameResolution.dll" /reference:"C:\Program Files\Unity\Hub\Editor\6000.4.6f1\Editor\Data\NetStandard\compat\2.1.0\shims\netstandard\System.Net.NetworkInformation.dll" /reference:"C:\Program Files\Unity\Hub\Editor\6000.4.6f1\Editor\Data\NetStandard\compat\2.1.0\shims\netstandard\System.Net.Ping.dll" /reference:"C:\Program Files\Unity\Hub\Editor\6000.4.6f1\Editor\Data\NetStandard\compat\2.1.0\shims\netstandard\System.Net.Primitives.dll" /reference:"C:\Program Files\Unity\Hub\Editor\6000.4.6f1\Editor\Data\NetStandard\compat\2.1.0\shims\netstandard\System.Net.Requests.dll" /reference:"C:\Program Files\Unity\Hub\Editor\6000.4.6f1\Editor\Data\NetStandard\compat\2.1.0\shims\netstandard\System.Net.Security.dll" /reference:"C:\Program Files\Unity\Hub\Editor\6000.4.6f1\Editor\Data\NetStandard\compat\2.1.0\shims\netstandard\System.Net.Sockets.dll" /reference:"C:\Program Files\Unity\Hub\Editor\6000.4.6f1\Editor\Data\NetStandard\compat\2.1.0\shims\netstandard\System.Net.WebHeaderCollection.dll" /reference:"C:\Program Files\Unity\Hub\Editor\6000.4.6f1\Editor\Data\NetStandard\compat\2.1.0\shims\netstandard\System.Net.WebSockets.Client.dll" /reference:"C:\Program Files\Unity\Hub\Editor\6000.4.6f1\Editor\Data\NetStandard\compat\2.1.0\shims\netstandard\System.Net.WebSockets.dll" /reference:"C:\Program Files\Unity\Hub\Editor\6000.4.6f1\Editor\Data\NetStandard\compat\2.1.0\shims\netfx\System.Numerics.dll" /reference:"C:\Program Files\Unity\Hub\Editor\6000.4.6f1\Editor\Data\NetStandard\compat\2.1.0\shims\netstandard\System.Numerics.Vectors.dll" /reference:"C:\Program Files\Unity\Hub\Editor\6000.4.6f1\Editor\Data\NetStandard\compat\2.1.0\shims\netstandard\System.ObjectModel.dll" /reference:"C:\Program Files\Unity\Hub\Editor\6000.4.6f1\Editor\Data\NetStandard\compat\2.1.0\shims\netstandard\System.Reflection.DispatchProxy.dll" /reference:"C:\Program Files\Unity\Hub\Editor\6000.4.6f1\Editor\Data\NetStandard\compat\2.1.0\shims\netstandard\System.Reflection.dll" /reference:"C:\Program Files\Unity\Hub\Editor\6000.4.6f1\Editor\Data\NetStandard\compat\2.1.0\shims\netstandard\System.Reflection.Emit.dll" /reference:"C:\Program Files\Unity\Hub\Editor\6000.4.6f1\Editor\Data\NetStandard\compat\2.1.0\shims\netstandard\System.Reflection.Emit.ILGeneration.dll" /reference:"C:\Program Files\Unity\Hub\Editor\6000.4.6f1\Editor\Data\NetStandard\compat\2.1.0\shims\netstandard\System.Reflection.Emit.Lightweight.dll" /reference:"C:\Program Files\Unity\Hub\Editor\6000.4.6f1\Editor\Data\NetStandard\compat\2.1.0\shims\netstandard\System.Reflection.Extensions.dll" /reference:"C:\Program Files\Unity\Hub\Editor\6000.4.6f1\Editor\Data\NetStandard\compat\2.1.0\shims\netstandard\System.Reflection.Primitives.dll" /reference:"C:\Program Files\Unity\Hub\Editor\6000.4.6f1\Editor\Data\NetStandard\compat\2.1.0\shims\netstandard\System.Resources.Reader.dll" /reference:"C:\Program Files\Unity\Hub\Editor\6000.4.6f1\Editor\Data\NetStandard\compat\2.1.0\shims\netstandard\System.Resources.ResourceManager.dll" /reference:"C:\Program Files\Unity\Hub\Editor\6000.4.6f1\Editor\Data\NetStandard\compat\2.1.0\shims\netstandard\System.Resources.Writer.dll" /reference:"C:\Users\macar\BombCourier\Library\PackageCache\com.unity.collections@65f499a3cc26\Unity.Collections.Tests\System.Runtime.CompilerServices.Unsafe\System.Runtime.CompilerServices.Unsafe.dll" /reference:"C:\Program Files\Unity\Hub\Editor\6000.4.6f1\Editor\Data\NetStandard\compat\2.1.0\shims\netstandard\System.Runtime.CompilerServices.VisualC.dll" /reference:"C:\Program Files\Unity\Hub\Editor\6000.4.6f1\Editor\Data\NetStandard\compat\2.1.0\shims\netstandard\System.Runtime.dll" /reference:"C:\Program Files\Unity\Hub\Editor\6000.4.6f1\Editor\Data\NetStandard\compat\2.1.0\shims\netstandard\System.Runtime.Extensions.dll" /reference:"C:\Program Files\Unity\Hub\Editor\6000.4.6f1\Editor\Data\NetStandard\compat\2.1.0\shims\netstandard\System.Runtime.Handles.dll" /reference:"C:\Program Files\Unity\Hub\Editor\6000.4.6f1\Editor\Data\NetStandard\compat\2.1.0\shims\netstandard\System.Runtime.InteropServices.dll" /reference:"C:\Program Files\Unity\Hub\Editor\6000.4.6f1\Editor\Data\NetStandard\compat\2.1.0\shims\netstandard\System.Runtime.InteropServices.RuntimeInformation.dll" /reference:"C:\Program Files\Unity\Hub\Editor\6000.4.6f1\Editor\Data\NetStandard\Extensions\2.0.0\System.Runtime.InteropServices.WindowsRuntime.dll" /reference:"C:\Program Files\Unity\Hub\Editor\6000.4.6f1\Editor\Data\NetStandard\compat\2.1.0\shims\netstandard\System.Runtime.Numerics.dll" /reference:"C:\Program Files\Unity\Hub\Editor\6000.4.6f1\Editor\Data\NetStandard\compat\2.1.0\shims\netfx\System.Runtime.Serialization.dll" /reference:"C:\Program Files\Unity\Hub\Editor\6000.4.6f1\Editor\Data\NetStandard\compat\2.1.0\shims\netstandard\System.Runtime.Serialization.Formatters.dll" /reference:"C:\Program Files\Unity\Hub\Editor\6000.4.6f1\Editor\Data\NetStandard\compat\2.1.0\shims\netstandard\System.Runtime.Serialization.Json.dll" /reference:"C:\Program Files\Unity\Hub\Editor\6000.4.6f1\Editor\Data\NetStandard\compat\2.1.0\shims\netstandard\System.Runtime.Serialization.Primitives.dll" /reference:"C:\Program Files\Unity\Hub\Editor\6000.4.6f1\Editor\Data\NetStandard\compat\2.1.0\shims\netstandard\System.Runtime.Serialization.Xml.dll" /reference:"C:\Program Files\Unity\Hub\Editor\6000.4.6f1\Editor\Data\NetStandard\compat\2.1.0\shims\netstandard\System.Security.Claims.dll" /reference:"C:\Program Files\Unity\Hub\Editor\6000.4.6f1\Editor\Data\NetStandard\compat\2.1.0\shims\netstandard\System.Security.Cryptography.Algorithms.dll" /reference:"C:\Program Files\Unity\Hub\Editor\6000.4.6f1\Editor\Data\NetStandard\compat\2.1.0\shims\netstandard\System.Security.Cryptography.Csp.dll" /reference:"C:\Program Files\Unity\Hub\Editor\6000.4.6f1\Editor\Data\NetStandard\compat\2.1.0\shims\netstandard\System.Security.Cryptography.Encoding.dll" /reference:"C:\Program Files\Unity\Hub\Editor\6000.4.6f1\Editor\Data\NetStandard\compat\2.1.0\shims\netstandard\System.Security.Cryptography.Primitives.dll" /reference:"C:\Program Files\Unity\Hub\Editor\6000.4.6f1\Editor\Data\NetStandard\compat\2.1.0\shims\netstandard\System.Security.Cryptography.X509Certificates.dll" /reference:"C:\Program Files\Unity\Hub\Editor\6000.4.6f1\Editor\Data\NetStandard\compat\2.1.0\shims\netstandard\System.Security.Principal.dll" /reference:"C:\Program Files\Unity\Hub\Editor\6000.4.6f1\Editor\Data\NetStandard\compat\2.1.0\shims\netstandard\System.Security.SecureString.dll" /reference:"C:\Program Files\Unity\Hub\Editor\6000.4.6f1\Editor\Data\NetStandard\compat\2.1.0\shims\netfx\System.ServiceModel.Web.dll" /reference:"C:\Program Files\Unity\Hub\Editor\6000.4.6f1\Editor\Data\NetStandard\compat\2.1.0\shims\netstandard\System.Text.Encoding.dll" /reference:"C:\Program Files\Unity\Hub\Editor\6000.4.6f1\Editor\Data\NetStandard\compat\2.1.0\shims\netstandard\System.Text.Encoding.Extensions.dll" /reference:"C:\Program Files\Unity\Hub\Editor\6000.4.6f1\Editor\Data\NetStandard\compat\2.1.0\shims\netstandard\System.Text.RegularExpressions.dll" /reference:"C:\Program Files\Unity\Hub\Editor\6000.4.6f1\Editor\Data\NetStandard\compat\2.1.0\shims\netstandard\System.Threading.dll" /reference:"C:\Program Files\Unity\Hub\Editor\6000.4.6f1\Editor\Data\NetStandard\compat\2.1.0\shims\netstandard\System.Threading.Overlapped.dll" /reference:"C:\Program Files\Unity\Hub\Editor\6000.4.6f1\Editor\Data\NetStandard\compat\2.1.0\shims\netstandard\System.Threading.Tasks.dll" /reference:"C:\Program Files\Unity\Hub\Editor\6000.4.6f1\Editor\Data\NetStandard\compat\2.1.0\shims\netstandard\System.Threading.Tasks.Extensions.dll" /reference:"C:\Program Files\Unity\Hub\Editor\6000.4.6f1\Editor\Data\NetStandard\compat\2.1.0\shims\netstandard\System.Threading.Tasks.Parallel.dll" /reference:"C:\Program Files\Unity\Hub\Editor\6000.4.6f1\Editor\Data\NetStandard\compat\2.1.0\shims\netstandard\System.Threading.Thread.dll" /reference:"C:\Program Files\Unity\Hub\Editor\6000.4.6f1\Editor\Data\NetStandard\compat\2.1.0\shims\netstandard\System.Threading.ThreadPool.dll" /reference:"C:\Program Files\Unity\Hub\Editor\6000.4.6f1\Editor\Data\NetStandard\compat\2.1.0\shims\netstandard\System.Threading.Timer.dll" /reference:"C:\Program Files\Unity\Hub\Editor\6000.4.6f1\Editor\Data\NetStandard\compat\2.1.0\shims\netfx\System.Transactions.dll" /reference:"C:\Program Files\Unity\Hub\Editor\6000.4.6f1\Editor\Data\NetStandard\compat\2.1.0\shims\netstandard\System.ValueTuple.dll" /reference:"C:\Program Files\Unity\Hub\Editor\6000.4.6f1\Editor\Data\NetStandard\compat\2.1.0\shims\netfx\System.Web.dll" /reference:"C:\Program Files\Unity\Hub\Editor\6000.4.6f1\Editor\Data\NetStandard\compat\2.1.0\shims\netfx\System.Windows.dll" /reference:"C:\Program Files\Unity\Hub\Editor\6000.4.6f1\Editor\Data\NetStandard\compat\2.1.0\shims\netfx\System.Xml.dll" /reference:"C:\Program Files\Unity\Hub\Editor\6000.4.6f1\Editor\Data\NetStandard\compat\2.1.0\shims\netfx\System.Xml.Linq.dll" /reference:"C:\Program Files\Unity\Hub\Editor\6000.4.6f1\Editor\Data\NetStandard\compat\2.1.0\shims\netstandard\System.Xml.ReaderWriter.dll" /reference:"C:\Program Files\Unity\Hub\Editor\6000.4.6f1\Editor\Data\NetStandard\compat\2.1.0\shims\netfx\System.Xml.Serialization.dll" /reference:"C:\Program Files\Unity\Hub\Editor\6000.4.6f1\Editor\Data\NetStandard\compat\2.1.0\shims\netstandard\System.Xml.XDocument.dll" /reference:"C:\Program Files\Unity\Hub\Editor\6000.4.6f1\Editor\Data\NetStandard\compat\2.1.0\shims\netstandard\System.Xml.XmlDocument.dll" /reference:"C:\Program Files\Unity\Hub\Editor\6000.4.6f1\Editor\Data\NetStandard\compat\2.1.0\shims\netstandard\System.Xml.XmlSerializer.dll" /reference:"C:\Program Files\Unity\Hub\Editor\6000.4.6f1\Editor\Data\NetStandard\compat\2.1.0\shims\netstandard\System.Xml.XPath.dll" /reference:"C:\Program Files\Unity\Hub\Editor\6000.4.6f1\Editor\Data\NetStandard\compat\2.1.0\shims\netstandard\System.Xml.XPath.XDocument.dll" /reference:C:\Users\macar\BombCourier\Library\ScriptAssemblies\UniTask.Addressables.dll /reference:C:\Users\macar\BombCourier\Library\ScriptAssemblies\UniTask.dll /reference:C:\Users\macar\BombCourier\Library\ScriptAssemblies\UniTask.DOTween.dll /reference:C:\Users\macar\BombCourier\Library\ScriptAssemblies\UniTask.Linq.dll /reference:C:\Users\macar\BombCourier\Library\ScriptAssemblies\UniTask.TextMeshPro.dll /reference:C:\Users\macar\BombCourier\Library\ScriptAssemblies\Unity.2D.Sprite.Editor.dll /reference:C:\Users\macar\BombCourier\Library\ScriptAssemblies\Unity.AI.Navigation.dll /reference:C:\Users\macar\BombCourier\Library\ScriptAssemblies\Unity.AI.Navigation.Editor.ConversionSystem.dll /reference:C:\Users\macar\BombCourier\Library\ScriptAssemblies\Unity.AI.Navigation.Editor.dll /reference:C:\Users\macar\BombCourier\Library\ScriptAssemblies\Unity.AI.Navigation.Updater.dll /reference:"C:\Program Files\Unity\Hub\Editor\6000.4.6f1\Editor\Data\PlaybackEngines\AndroidPlayer\Unity.Android.Gradle.dll" /reference:"C:\Program Files\Unity\Hub\Editor\6000.4.6f1\Editor\Data\PlaybackEngines\AndroidPlayer\Unity.Android.Types.dll" /reference:C:\Users\macar\BombCourier\Library\ScriptAssemblies\Unity.Burst.dll /reference:C:\Users\macar\BombCourier\Library\ScriptAssemblies\Unity.Burst.Editor.dll /reference:C:\Users\macar\BombCourier\Library\ScriptAssemblies\Unity.Cinemachine.dll /reference:C:\Users\macar\BombCourier\Library\ScriptAssemblies\Unity.Cinemachine.Editor.dll /reference:C:\Users\macar\BombCourier\Library\ScriptAssemblies\Unity.Collections.dll /reference:C:\Users\macar\BombCourier\Library\ScriptAssemblies\Unity.Collections.Editor.dll /reference:"C:\Users\macar\BombCourier\Library\PackageCache\com.unity.collections@65f499a3cc26\Unity.Collections.LowLevel.ILSupport\Unity.Collections.LowLevel.ILSupport.dll" /reference:C:\Users\macar\BombCourier\Library\ScriptAssemblies\Unity.InputSystem.dll /reference:C:\Users\macar\BombCourier\Library\ScriptAssemblies\Unity.InputSystem.ForUI.dll /reference:C:\Users\macar\BombCourier\Library\ScriptAssemblies\Unity.InternalAPIEditorBridge.ShaderGraph.Editor.dll /reference:C:\Users\macar\BombCourier\Library\ScriptAssemblies\Unity.InternalAPIEngineBridge.004.dll /reference:C:\Users\macar\BombCourier\Library\ScriptAssemblies\Unity.InternalAPIEngineBridge.RenderPipelines.Core.Runtime.Shared.dll /reference:C:\Users\macar\BombCourier\Library\ScriptAssemblies\Unity.Mathematics.dll /reference:C:\Users\macar\BombCourier\Library\ScriptAssemblies\Unity.Mathematics.Editor.dll /reference:C:\Users\macar\BombCourier\Library\ScriptAssemblies\Unity.Multiplayer.Center.Common.dll /reference:C:\Users\macar\BombCourier\Library\ScriptAssemblies\Unity.Multiplayer.Center.Editor.dll /reference:C:\Users\macar\BombCourier\Library\ScriptAssemblies\Unity.PathTracing.Editor.dll /reference:C:\Users\macar\BombCourier\Library\ScriptAssemblies\Unity.PathTracing.Runtime.dll /reference:C:\Users\macar\BombCourier\Library\ScriptAssemblies\Unity.PlasticSCM.Editor.dll /reference:C:\Users\macar\BombCourier\Library\ScriptAssemblies\Unity.ProBuilder.AddOns.Editor.dll /reference:C:\Users\macar\BombCourier\Library\ScriptAssemblies\Unity.ProBuilder.AssetIdRemapUtility.dll /reference:C:\Users\macar\BombCourier\Library\ScriptAssemblies\Unity.ProBuilder.dll /reference:C:\Users\macar\BombCourier\Library\ScriptAssemblies\Unity.ProBuilder.Editor.dll /reference:C:\Users\macar\BombCourier\Library\ScriptAssemblies\Unity.Rendering.LightTransport.Editor.dll /reference:C:\Users\macar\BombCourier\Library\ScriptAssemblies\Unity.RenderPipeline.Universal.ShaderLibrary.dll /reference:C:\Users\macar\BombCourier\Library\ScriptAssemblies\Unity.RenderPipelines.Core.Editor.dll /reference:C:\Users\macar\BombCourier\Library\ScriptAssemblies\Unity.RenderPipelines.Core.Editor.Shared.dll /reference:C:\Users\macar\BombCourier\Library\ScriptAssemblies\Unity.RenderPipelines.Core.Runtime.dll /reference:C:\Users\macar\BombCourier\Library\ScriptAssemblies\Unity.RenderPipelines.Core.Runtime.Shared.dll /reference:C:\Users\macar\BombCourier\Library\ScriptAssemblies\Unity.RenderPipelines.Core.ShaderLibrary.dll /reference:C:\Users\macar\BombCourier\Library\ScriptAssemblies\Unity.RenderPipelines.GPUDriven.Runtime.dll /reference:C:\Users\macar\BombCourier\Library\ScriptAssemblies\Unity.RenderPipelines.ShaderGraph.ShaderGraphLibrary.dll /reference:C:\Users\macar\BombCourier\Library\ScriptAssemblies\Unity.RenderPipelines.Universal.2D.Editor.Overrides.dll /reference:C:\Users\macar\BombCourier\Library\ScriptAssemblies\Unity.RenderPipelines.Universal.2D.Runtime.dll /reference:C:\Users\macar\BombCourier\Library\ScriptAssemblies\Unity.RenderPipelines.Universal.Config.Runtime.dll /reference:C:\Users\macar\BombCourier\Library\ScriptAssemblies\Unity.RenderPipelines.Universal.Editor.dll /reference:C:\Users\macar\BombCourier\Library\ScriptAssemblies\Unity.RenderPipelines.Universal.Runtime.dll /reference:C:\Users\macar\BombCourier\Library\ScriptAssemblies\Unity.RenderPipelines.Universal.Shaders.dll /reference:C:\Users\macar\BombCourier\Library\ScriptAssemblies\Unity.Rider.Editor.dll /reference:"C:\Program Files\Unity\Hub\Editor\6000.4.6f1\Editor\Data\Managed\UnityEngine\Unity.Scripting.dll" /reference:C:\Users\macar\BombCourier\Library\ScriptAssemblies\Unity.Searcher.Editor.dll /reference:C:\Users\macar\BombCourier\Library\ScriptAssemblies\Unity.Settings.Editor.dll /reference:C:\Users\macar\BombCourier\Library\ScriptAssemblies\Unity.ShaderGraph.Editor.dll /reference:C:\Users\macar\BombCourier\Library\ScriptAssemblies\Unity.Splines.dll /reference:C:\Users\macar\BombCourier\Library\ScriptAssemblies\Unity.Splines.Editor.dll /reference:C:\Users\macar\BombCourier\Library\ScriptAssemblies\Unity.SurfaceCache.Runtime.dll /reference:C:\Users\macar\BombCourier\Library\ScriptAssemblies\Unity.TextMeshPro.dll /reference:C:\Users\macar\BombCourier\Library\ScriptAssemblies\Unity.TextMeshPro.Editor.dll /reference:C:\Users\macar\BombCourier\Library\ScriptAssemblies\Unity.Timeline.dll /reference:C:\Users\macar\BombCourier\Library\ScriptAssemblies\Unity.Timeline.Editor.dll /reference:C:\Users\macar\BombCourier\Library\ScriptAssemblies\Unity.UnifiedRayTracing.Runtime.dll /reference:"C:\Users\macar\BombCourier\Library\PackageCache\com.unity.visualscripting@8bed5ad90189\Runtime\VisualScripting.Flow\Dependencies\NCalc\Unity.VisualScripting.Antlr3.Runtime.dll" /reference:C:\Users\macar\BombCourier\Library\ScriptAssemblies\Unity.VisualScripting.Core.dll /reference:C:\Users\macar\BombCourier\Library\ScriptAssemblies\Unity.VisualScripting.Core.Editor.dll /reference:C:\Users\macar\BombCourier\Library\ScriptAssemblies\Unity.VisualScripting.Flow.dll /reference:C:\Users\macar\BombCourier\Library\ScriptAssemblies\Unity.VisualScripting.Flow.Editor.dll /reference:C:\Users\macar\BombCourier\Library\ScriptAssemblies\Unity.VisualScripting.SettingsProvider.Editor.dll /reference:C:\Users\macar\BombCourier\Library\ScriptAssemblies\Unity.VisualScripting.Shared.Editor.dll /reference:C:\Users\macar\BombCourier\Library\ScriptAssemblies\Unity.VisualScripting.State.dll /reference:C:\Users\macar\BombCourier\Library\ScriptAssemblies\Unity.VisualScripting.State.Editor.dll /reference:C:\Users\macar\BombCourier\Library\ScriptAssemblies\Unity.VisualStudio.Editor.dll /reference:"C:\Program Files\Unity\Hub\Editor\6000.4.6f1\Editor\Data\Managed\UnityEngine\UnityEditor.AccessibilityModule.dll" /reference:"C:\Program Files\Unity\Hub\Editor\6000.4.6f1\Editor\Data\Managed\UnityEngine\UnityEditor.AdaptivePerformanceModule.dll" /reference:"C:\Program Files\Unity\Hub\Editor\6000.4.6f1\Editor\Data\Managed\UnityEngine\UnityEditor.AssetComplianceModule.dll" /reference:"C:\Program Files\Unity\Hub\Editor\6000.4.6f1\Editor\Data\Managed\UnityEngine\UnityEditor.BuildProfileModule.dll" /reference:"C:\Program Files\Unity\Hub\Editor\6000.4.6f1\Editor\Data\Managed\UnityEngine\UnityEditor.ClothModule.dll" /reference:"C:\Program Files\Unity\Hub\Editor\6000.4.6f1\Editor\Data\Managed\UnityEngine\UnityEditor.CoreBusinessMetricsModule.dll" /reference:"C:\Program Files\Unity\Hub\Editor\6000.4.6f1\Editor\Data\Managed\UnityEngine\UnityEditor.CoreModule.dll" /reference:"C:\Program Files\Unity\Hub\Editor\6000.4.6f1\Editor\Data\Managed\UnityEngine\UnityEditor.DeviceSimulatorModule.dll" /reference:"C:\Program Files\Unity\Hub\Editor\6000.4.6f1\Editor\Data\Managed\UnityEngine\UnityEditor.DiagnosticsModule.dll" /reference:"C:\Program Files\Unity\Hub\Editor\6000.4.6f1\Editor\Data\Managed\UnityEngine\UnityEditor.dll" /reference:"C:\Program Files\Unity\Hub\Editor\6000.4.6f1\Editor\Data\Managed\UnityEngine\UnityEditor.EditorToolbarModule.dll" /reference:"C:\Program Files\Unity\Hub\Editor\6000.4.6f1\Editor\Data\Managed\UnityEngine\UnityEditor.EmbreeModule.dll" /reference:"C:\Program Files\Unity\Hub\Editor\6000.4.6f1\Editor\Data\Managed\UnityEngine\UnityEditor.GIModule.dll" /reference:"C:\Program Files\Unity\Hub\Editor\6000.4.6f1\Editor\Data\Managed\UnityEngine\UnityEditor.GraphicsStateCollectionSerializerModule.dll" /reference:"C:\Program Files\Unity\Hub\Editor\6000.4.6f1\Editor\Data\Managed\UnityEngine\UnityEditor.GraphToolkitModule.dll" /reference:"C:\Program Files\Unity\Hub\Editor\6000.4.6f1\Editor\Data\Managed\UnityEngine\UnityEditor.GraphViewModule.dll" /reference:"C:\Program Files\Unity\Hub\Editor\6000.4.6f1\Editor\Data\Managed\UnityEngine\UnityEditor.GridAndSnapModule.dll" /reference:"C:\Program Files\Unity\Hub\Editor\6000.4.6f1\Editor\Data\Managed\UnityEngine\UnityEditor.GridModule.dll" /reference:"C:\Program Files\Unity\Hub\Editor\6000.4.6f1\Editor\Data\Managed\UnityEngine\UnityEditor.HierarchyModule.dll" /reference:"C:\Program Files\Unity\Hub\Editor\6000.4.6f1\Editor\Data\Managed\UnityEngine\UnityEditor.MediaModule.dll" /reference:"C:\Program Files\Unity\Hub\Editor\6000.4.6f1\Editor\Data\Managed\UnityEngine\UnityEditor.MultiplayerModule.dll" /reference:"C:\Program Files\Unity\Hub\Editor\6000.4.6f1\Editor\Data\Managed\UnityEngine\UnityEditor.Physics2DModule.dll" /reference:"C:\Program Files\Unity\Hub\Editor\6000.4.6f1\Editor\Data\Managed\UnityEngine\UnityEditor.PhysicsModule.dll" /reference:"C:\Program Files\Unity\Hub\Editor\6000.4.6f1\Editor\Data\Managed\UnityEngine\UnityEditor.PlayModeModule.dll" /reference:"C:\Program Files\Unity\Hub\Editor\6000.4.6f1\Editor\Data\Managed\UnityEngine\UnityEditor.PresetsUIModule.dll" /reference:"C:\Program Files\Unity\Hub\Editor\6000.4.6f1\Editor\Data\Managed\UnityEngine\UnityEditor.ProjectAuditorModule.dll" /reference:"C:\Program Files\Unity\Hub\Editor\6000.4.6f1\Editor\Data\Managed\UnityEngine\UnityEditor.PropertiesModule.dll" /reference:"C:\Program Files\Unity\Hub\Editor\6000.4.6f1\Editor\Data\Managed\UnityEngine\UnityEditor.QuickInstallModule.dll" /reference:"C:\Program Files\Unity\Hub\Editor\6000.4.6f1\Editor\Data\Managed\UnityEngine\UnityEditor.QuickSearchModule.dll" /reference:"C:\Program Files\Unity\Hub\Editor\6000.4.6f1\Editor\Data\Managed\UnityEngine\UnityEditor.SafeModeModule.dll" /reference:"C:\Program Files\Unity\Hub\Editor\6000.4.6f1\Editor\Data\Managed\UnityEngine\UnityEditor.SceneTemplateModule.dll" /reference:"C:\Program Files\Unity\Hub\Editor\6000.4.6f1\Editor\Data\Managed\UnityEngine\UnityEditor.SceneViewModule.dll" /reference:"C:\Program Files\Unity\Hub\Editor\6000.4.6f1\Editor\Data\Managed\UnityEngine\UnityEditor.ShaderBuildSettingsModule.dll" /reference:"C:\Program Files\Unity\Hub\Editor\6000.4.6f1\Editor\Data\Managed\UnityEngine\UnityEditor.ShaderCompilationModule.dll" /reference:"C:\Program Files\Unity\Hub\Editor\6000.4.6f1\Editor\Data\Managed\UnityEngine\UnityEditor.ShaderFoundryModule.dll" /reference:"C:\Program Files\Unity\Hub\Editor\6000.4.6f1\Editor\Data\Managed\UnityEngine\UnityEditor.SketchUpModule.dll" /reference:"C:\Program Files\Unity\Hub\Editor\6000.4.6f1\Editor\Data\Managed\UnityEngine\UnityEditor.SpriteMaskModule.dll" /reference:"C:\Program Files\Unity\Hub\Editor\6000.4.6f1\Editor\Data\Managed\UnityEngine\UnityEditor.SpriteShapeModule.dll" /reference:"C:\Program Files\Unity\Hub\Editor\6000.4.6f1\Editor\Data\Managed\UnityEngine\UnityEditor.SubstanceModule.dll" /reference:"C:\Program Files\Unity\Hub\Editor\6000.4.6f1\Editor\Data\Managed\UnityEngine\UnityEditor.TerrainModule.dll" /reference:"C:\Program Files\Unity\Hub\Editor\6000.4.6f1\Editor\Data\Managed\UnityEngine\UnityEditor.TextCoreFontEngineModule.dll" /reference:"C:\Program Files\Unity\Hub\Editor\6000.4.6f1\Editor\Data\Managed\UnityEngine\UnityEditor.TextCoreTextEngineModule.dll" /reference:"C:\Program Files\Unity\Hub\Editor\6000.4.6f1\Editor\Data\Managed\UnityEngine\UnityEditor.TextRenderingModule.dll" /reference:"C:\Program Files\Unity\Hub\Editor\6000.4.6f1\Editor\Data\Managed\UnityEngine\UnityEditor.TilemapModule.dll" /reference:"C:\Program Files\Unity\Hub\Editor\6000.4.6f1\Editor\Data\Managed\UnityEngine\UnityEditor.TreeModule.dll" /reference:C:\Users\macar\BombCourier\Library\ScriptAssemblies\UnityEditor.UI.Analytics.dll /reference:C:\Users\macar\BombCourier\Library\ScriptAssemblies\UnityEditor.UI.dll /reference:"C:\Program Files\Unity\Hub\Editor\6000.4.6f1\Editor\Data\Managed\UnityEngine\UnityEditor.UIAutomationModule.dll" /reference:"C:\Program Files\Unity\Hub\Editor\6000.4.6f1\Editor\Data\Managed\UnityEngine\UnityEditor.UIBuilderModule.dll" /reference:"C:\Program Files\Unity\Hub\Editor\6000.4.6f1\Editor\Data\Managed\UnityEngine\UnityEditor.UIElementsModule.dll" /reference:"C:\Program Files\Unity\Hub\Editor\6000.4.6f1\Editor\Data\Managed\UnityEngine\UnityEditor.UIElementsSamplesModule.dll" /reference:"C:\Program Files\Unity\Hub\Editor\6000.4.6f1\Editor\Data\Managed\UnityEngine\UnityEditor.UIToolkitAuthoringModule.dll" /reference:"C:\Program Files\Unity\Hub\Editor\6000.4.6f1\Editor\Data\Managed\UnityEngine\UnityEditor.UmbraModule.dll" /reference:"C:\Program Files\Unity\Hub\Editor\6000.4.6f1\Editor\Data\Managed\UnityEngine\UnityEditor.UnityConnectModule.dll" /reference:"C:\Program Files\Unity\Hub\Editor\6000.4.6f1\Editor\Data\Managed\UnityEngine\UnityEditor.VectorGraphicsModule.dll" /reference:"C:\Program Files\Unity\Hub\Editor\6000.4.6f1\Editor\Data\Managed\UnityEngine\UnityEditor.VFXModule.dll" /reference:"C:\Program Files\Unity\Hub\Editor\6000.4.6f1\Editor\Data\Managed\UnityEngine\UnityEditor.VideoModule.dll" /reference:"C:\Program Files\Unity\Hub\Editor\6000.4.6f1\Editor\Data\Managed\UnityEngine\UnityEditor.XRModule.dll" /reference:"C:\Program Files\Unity\Hub\Editor\6000.4.6f1\Editor\Data\Managed\UnityEngine\UnityEngine.AccessibilityModule.dll" /reference:"C:\Program Files\Unity\Hub\Editor\6000.4.6f1\Editor\Data\Managed\UnityEngine\UnityEngine.AdaptivePerformanceModule.dll" /reference:"C:\Program Files\Unity\Hub\Editor\6000.4.6f1\Editor\Data\Managed\UnityEngine\UnityEngine.AIModule.dll" /reference:"C:\Program Files\Unity\Hub\Editor\6000.4.6f1\Editor\Data\Managed\UnityEngine\UnityEngine.AndroidJNIModule.dll" /reference:"C:\Program Files\Unity\Hub\Editor\6000.4.6f1\Editor\Data\Managed\UnityEngine\UnityEngine.AnimationModule.dll" /reference:"C:\Program Files\Unity\Hub\Editor\6000.4.6f1\Editor\Data\Managed\UnityEngine\UnityEngine.ARModule.dll" /reference:"C:\Program Files\Unity\Hub\Editor\6000.4.6f1\Editor\Data\Managed\UnityEngine\UnityEngine.AssetBundleModule.dll" /reference:"C:\Program Files\Unity\Hub\Editor\6000.4.6f1\Editor\Data\Managed\UnityEngine\UnityEngine.AudioModule.dll" /reference:"C:\Program Files\Unity\Hub\Editor\6000.4.6f1\Editor\Data\Managed\UnityEngine\UnityEngine.ClothModule.dll" /reference:"C:\Program Files\Unity\Hub\Editor\6000.4.6f1\Editor\Data\Managed\UnityEngine\UnityEngine.ClusterInputModule.dll" /reference:"C:\Program Files\Unity\Hub\Editor\6000.4.6f1\Editor\Data\Managed\UnityEngine\UnityEngine.ClusterRendererModule.dll" /reference:"C:\Program Files\Unity\Hub\Editor\6000.4.6f1\Editor\Data\Managed\UnityEngine\UnityEngine.ContentLoadModule.dll" /reference:"C:\Program Files\Unity\Hub\Editor\6000.4.6f1\Editor\Data\Managed\UnityEngine\UnityEngine.CoreModule.dll" /reference:"C:\Program Files\Unity\Hub\Editor\6000.4.6f1\Editor\Data\Managed\UnityEngine\UnityEngine.CrashReportingModule.dll" /reference:"C:\Program Files\Unity\Hub\Editor\6000.4.6f1\Editor\Data\Managed\UnityEngine\UnityEngine.DirectorModule.dll" /reference:"C:\Program Files\Unity\Hub\Editor\6000.4.6f1\Editor\Data\Managed\UnityEngine\UnityEngine.dll" /reference:"C:\Program Files\Unity\Hub\Editor\6000.4.6f1\Editor\Data\Managed\UnityEngine\UnityEngine.DSPGraphModule.dll" /reference:"C:\Program Files\Unity\Hub\Editor\6000.4.6f1\Editor\Data\Managed\UnityEngine\UnityEngine.GameCenterModule.dll" /reference:"C:\Program Files\Unity\Hub\Editor\6000.4.6f1\Editor\Data\Managed\UnityEngine\UnityEngine.GIModule.dll" /reference:"C:\Program Files\Unity\Hub\Editor\6000.4.6f1\Editor\Data\Managed\UnityEngine\UnityEngine.GraphicsStateCollectionSerializerModule.dll" /reference:"C:\Program Files\Unity\Hub\Editor\6000.4.6f1\Editor\Data\Managed\UnityEngine\UnityEngine.GridModule.dll" /reference:"C:\Program Files\Unity\Hub\Editor\6000.4.6f1\Editor\Data\Managed\UnityEngine\UnityEngine.HierarchyCoreModule.dll" /reference:"C:\Program Files\Unity\Hub\Editor\6000.4.6f1\Editor\Data\Managed\UnityEngine\UnityEngine.HotReloadModule.dll" /reference:"C:\Program Files\Unity\Hub\Editor\6000.4.6f1\Editor\Data\Managed\UnityEngine\UnityEngine.IdentifiersModule.dll" /reference:"C:\Program Files\Unity\Hub\Editor\6000.4.6f1\Editor\Data\Managed\UnityEngine\UnityEngine.ImageConversionModule.dll" /reference:"C:\Program Files\Unity\Hub\Editor\6000.4.6f1\Editor\Data\Managed\UnityEngine\UnityEngine.IMGUIModule.dll" /reference:"C:\Program Files\Unity\Hub\Editor\6000.4.6f1\Editor\Data\Managed\UnityEngine\UnityEngine.InputForUIModule.dll" /reference:"C:\Program Files\Unity\Hub\Editor\6000.4.6f1\Editor\Data\Managed\UnityEngine\UnityEngine.InputLegacyModule.dll" /reference:"C:\Program Files\Unity\Hub\Editor\6000.4.6f1\Editor\Data\Managed\UnityEngine\UnityEngine.InputModule.dll" /reference:"C:\Program Files\Unity\Hub\Editor\6000.4.6f1\Editor\Data\Managed\UnityEngine\UnityEngine.InsightsModule.dll" /reference:"C:\Program Files\Unity\Hub\Editor\6000.4.6f1\Editor\Data\Managed\UnityEngine\UnityEngine.JSONSerializeModule.dll" /reference:"C:\Program Files\Unity\Hub\Editor\6000.4.6f1\Editor\Data\Managed\UnityEngine\UnityEngine.LocalizationModule.dll" /reference:"C:\Program Files\Unity\Hub\Editor\6000.4.6f1\Editor\Data\Managed\UnityEngine\UnityEngine.MarshallingModule.dll" /reference:"C:\Program Files\Unity\Hub\Editor\6000.4.6f1\Editor\Data\Managed\UnityEngine\UnityEngine.MultiplayerModule.dll" /reference:"C:\Program Files\Unity\Hub\Editor\6000.4.6f1\Editor\Data\Managed\UnityEngine\UnityEngine.ParticleSystemModule.dll" /reference:"C:\Program Files\Unity\Hub\Editor\6000.4.6f1\Editor\Data\Managed\UnityEngine\UnityEngine.PerformanceReportingModule.dll" /reference:"C:\Program Files\Unity\Hub\Editor\6000.4.6f1\Editor\Data\Managed\UnityEngine\UnityEngine.Physics2DModule.dll" /reference:"C:\Program Files\Unity\Hub\Editor\6000.4.6f1\Editor\Data\Managed\UnityEngine\UnityEngine.PhysicsBackendPhysXModule.dll" /reference:"C:\Program Files\Unity\Hub\Editor\6000.4.6f1\Editor\Data\Managed\UnityEngine\UnityEngine.PhysicsModule.dll" /reference:"C:\Program Files\Unity\Hub\Editor\6000.4.6f1\Editor\Data\Managed\UnityEngine\UnityEngine.PropertiesModule.dll" /reference:"C:\Program Files\Unity\Hub\Editor\6000.4.6f1\Editor\Data\Managed\UnityEngine\UnityEngine.RenderAs2DModule.dll" /reference:"C:\Program Files\Unity\Hub\Editor\6000.4.6f1\Editor\Data\Managed\UnityEngine\UnityEngine.RuntimeInitializeOnLoadManagerInitializerModule.dll" /reference:"C:\Program Files\Unity\Hub\Editor\6000.4.6f1\Editor\Data\Managed\UnityEngine\UnityEngine.ScreenCaptureModule.dll" /reference:"C:\Program Files\Unity\Hub\Editor\6000.4.6f1\Editor\Data\Managed\UnityEngine\UnityEngine.ScriptingModule.dll" /reference:"C:\Program Files\Unity\Hub\Editor\6000.4.6f1\Editor\Data\Managed\UnityEngine\UnityEngine.ShaderVariantAnalyticsModule.dll" /reference:"C:\Program Files\Unity\Hub\Editor\6000.4.6f1\Editor\Data\Managed\UnityEngine\UnityEngine.SharedInternalsModule.dll" /reference:"C:\Program Files\Unity\Hub\Editor\6000.4.6f1\Editor\Data\Managed\UnityEngine\UnityEngine.SpriteMaskModule.dll" /reference:"C:\Program Files\Unity\Hub\Editor\6000.4.6f1\Editor\Data\Managed\UnityEngine\UnityEngine.SpriteShapeModule.dll" /reference:"C:\Program Files\Unity\Hub\Editor\6000.4.6f1\Editor\Data\Managed\UnityEngine\UnityEngine.StreamingModule.dll" /reference:"C:\Program Files\Unity\Hub\Editor\6000.4.6f1\Editor\Data\Managed\UnityEngine\UnityEngine.SubstanceModule.dll" /reference:"C:\Program Files\Unity\Hub\Editor\6000.4.6f1\Editor\Data\Managed\UnityEngine\UnityEngine.SubsystemsModule.dll" /reference:"C:\Program Files\Unity\Hub\Editor\6000.4.6f1\Editor\Data\Managed\UnityEngine\UnityEngine.TerrainModule.dll" /reference:"C:\Program Files\Unity\Hub\Editor\6000.4.6f1\Editor\Data\Managed\UnityEngine\UnityEngine.TerrainPhysicsModule.dll" /reference:"C:\Program Files\Unity\Hub\Editor\6000.4.6f1\Editor\Data\Managed\UnityEngine\UnityEngine.TextCoreFontEngineModule.dll" /reference:"C:\Program Files\Unity\Hub\Editor\6000.4.6f1\Editor\Data\Managed\UnityEngine\UnityEngine.TextCoreTextEngineModule.dll" /reference:"C:\Program Files\Unity\Hub\Editor\6000.4.6f1\Editor\Data\Managed\UnityEngine\UnityEngine.TextRenderingModule.dll" /reference:"C:\Program Files\Unity\Hub\Editor\6000.4.6f1\Editor\Data\Managed\UnityEngine\UnityEngine.TilemapModule.dll" /reference:"C:\Program Files\Unity\Hub\Editor\6000.4.6f1\Editor\Data\Managed\UnityEngine\UnityEngine.TLSModule.dll" /reference:C:\Users\macar\BombCourier\Library\ScriptAssemblies\UnityEngine.UI.dll /reference:"C:\Program Files\Unity\Hub\Editor\6000.4.6f1\Editor\Data\Managed\UnityEngine\UnityEngine.UIElementsModule.dll" /reference:"C:\Program Files\Unity\Hub\Editor\6000.4.6f1\Editor\Data\Managed\UnityEngine\UnityEngine.UIModule.dll" /reference:"C:\Program Files\Unity\Hub\Editor\6000.4.6f1\Editor\Data\Managed\UnityEngine\UnityEngine.UmbraModule.dll" /reference:"C:\Program Files\Unity\Hub\Editor\6000.4.6f1\Editor\Data\Managed\UnityEngine\UnityEngine.UnityAnalyticsCommonModule.dll" /reference:"C:\Program Files\Unity\Hub\Editor\6000.4.6f1\Editor\Data\Managed\UnityEngine\UnityEngine.UnityAnalyticsModule.dll" /reference:"C:\Program Files\Unity\Hub\Editor\6000.4.6f1\Editor\Data\Managed\UnityEngine\UnityEngine.UnityConnectModule.dll" /reference:"C:\Program Files\Unity\Hub\Editor\6000.4.6f1\Editor\Data\Managed\UnityEngine\UnityEngine.UnityConsentModule.dll" /reference:"C:\Program Files\Unity\Hub\Editor\6000.4.6f1\Editor\Data\Managed\UnityEngine\UnityEngine.UnityCurlModule.dll" /reference:"C:\Program Files\Unity\Hub\Editor\6000.4.6f1\Editor\Data\Managed\UnityEngine\UnityEngine.UnityWebRequestAssetBundleModule.dll" /reference:"C:\Program Files\Unity\Hub\Editor\6000.4.6f1\Editor\Data\Managed\UnityEngine\UnityEngine.UnityWebRequestAudioModule.dll" /reference:"C:\Program Files\Unity\Hub\Editor\6000.4.6f1\Editor\Data\Managed\UnityEngine\UnityEngine.UnityWebRequestModule.dll" /reference:"C:\Program Files\Unity\Hub\Editor\6000.4.6f1\Editor\Data\Managed\UnityEngine\UnityEngine.UnityWebRequestTextureModule.dll" /reference:"C:\Program Files\Unity\Hub\Editor\6000.4.6f1\Editor\Data\Managed\UnityEngine\UnityEngine.UnityWebRequestWWWModule.dll" /reference:"C:\Program Files\Unity\Hub\Editor\6000.4.6f1\Editor\Data\Managed\UnityEngine\UnityEngine.VectorGraphicsModule.dll" /reference:"C:\Program Files\Unity\Hub\Editor\6000.4.6f1\Editor\Data\Managed\UnityEngine\UnityEngine.VehiclesModule.dll" /reference:"C:\Program Files\Unity\Hub\Editor\6000.4.6f1\Editor\Data\Managed\UnityEngine\UnityEngine.VFXModule.dll" /reference:"C:\Program Files\Unity\Hub\Editor\6000.4.6f1\Editor\Data\Managed\UnityEngine\UnityEngine.VideoModule.dll" /reference:"C:\Program Files\Unity\Hub\Editor\6000.4.6f1\Editor\Data\Managed\UnityEngine\UnityEngine.VirtualTexturingModule.dll" /reference:"C:\Program Files\Unity\Hub\Editor\6000.4.6f1\Editor\Data\Managed\UnityEngine\UnityEngine.VRModule.dll" /reference:"C:\Program Files\Unity\Hub\Editor\6000.4.6f1\Editor\Data\Managed\UnityEngine\UnityEngine.WindModule.dll" /reference:"C:\Program Files\Unity\Hub\Editor\6000.4.6f1\Editor\Data\Managed\UnityEngine\UnityEngine.XRModule.dll" /debug+ /debug:portable /filealign:512 /optimize- /out:Temp\obj\Assembly-CSharp\Assembly-CSharp.dll /target:library /warnaserror- /utf8output /deterministic+ /sourcelink:Temp\obj\Assembly-CSharp\Assembly-CSharp.sourcelink.json /langversion:9.0 /embed:"Temp\obj\Assembly-CSharp\.NETStandard,Version=v2.1.AssemblyAttributes.cs" /analyzerconfig:Temp\obj\Assembly-CSharp\Assembly-CSharp.GeneratedMSBuildEditorConfig.editorconfig /analyzer:C:\Users\macar\.vscode\extensions\visualstudiotoolsforunity.vstuc-1.2.2\Analyzers\Microsoft.Unity.Analyzers.dll /analyzer:"C:\Program Files\Unity\Hub\Editor\6000.4.6f1\Editor\Data\Tools\BuildPipeline\Unity.SourceGenerators\Unity.SourceGenerators.dll" /analyzer:"C:\Program Files\Unity\Hub\Editor\6000.4.6f1\Editor\Data\Tools\BuildPipeline\Unity.SourceGenerators\Unity.Properties.SourceGenerator.dll" /analyzer:"C:\Program Files\Unity\Hub\Editor\6000.4.6f1\Editor\Data\Tools\BuildPipeline\Unity.SourceGenerators\Unity.UIToolkit.SourceGenerator.dll" Assets\Scripts\Camera\CameraManager.cs Assets\Scripts\Managers\GameLogicManagerMB.cs Assets\Scripts\Gimmick\MovingPlatform\MovingPlatformContracts.cs Assets\Scripts\Utility\ValueStore\ValueStoreScope.cs Assets\Scripts\Gimmick\Cushion\CushionContracts.cs Assets\Scripts\Utility\Wiring\WiringSequence.cs Assets\Scripts\Gimmick\PressurePlate\PressurePlateSurfaceMB.cs Assets\Scripts\Base\Entity\Registry\EntityTagDropdownAttribute.cs Assets\Scripts\Base\Entity\Lifecycle\EntityLifecycleMB.cs Assets\Scripts\Utility\SpriteAnimation\SpriteAnimationPlayerMB.cs Assets\Scripts\Camera\IntroCameraSequenceRunner.cs Assets\Scripts\Base\Entity\Registry\EntityTagReference.cs Assets\Scripts\Utility\ValueStore\NumericModifierSet.cs Assets\Scripts\Utility\Wiring\WiringContext.cs Assets\Scripts\Gimmick\Cushion\CushionRigidbodyImpactApplier.cs Assets\Scripts\Player\Data\ItemHoldSocketFollower.cs Assets\Scripts\Base\Entity\EntityImpactResponseMB.cs Assets\Scripts\Utility\ValueStore\ValueStoreContracts.cs Assets\Scripts\Item\Carry\CarryContracts.cs Assets\Scripts\Base\Kernel\KernelContracts.cs Assets\Scripts\Utility\ValueStore\ValueKeys.cs Assets\Scripts\UI\GameLogic\UIShowReloadStateMB.cs Assets\Scripts\Base\Kernel\ApplicationKernel.cs Assets\Scripts\Base\Entity\Registry\EntityTags.cs Assets\Scripts\Base\Entity\Spawner\EntitySpawnerMB.cs Assets\Scripts\Item\Effect\PickupOutlineRendererFeature.cs Assets\Scripts\Utility\ValueStore\ValueStoreServiceContracts.cs Assets\Scripts\Utility\ValueStore\KernelValueStoreService.cs Assets\Scripts\Utility\ValueStore\ValueKeyRegistry.cs Assets\Scripts\Gimmick\MovingPlatform\MovingPlatformLayer.cs Assets\Scripts\Base\Event\Signal\SignalRegistry.cs Assets\Scripts\Entity\Face\FaceMeshExpressionPresenterMB.cs Assets\Scripts\Base\Event\EntityLifecycleEvents\EntityLifecycleEvent.cs Assets\Scripts\Entity\EntityAnimationMB.cs Assets\Scripts\Player\Movement\PlayerRagdollControllerMB.cs Assets\Scripts\Player\Camera\ThirdPersonCameraController.cs Assets\Scripts\Base\Entity\Registry\SceneEntityBootstrapper.cs Assets\Scripts\Utility\Motion\MovingPlatformMotionContracts.cs Assets\Scripts\Base\Event\Signal\SignalContracts.cs Assets\Scripts\Base\Kernel\SceneKernel.cs Assets\Scripts\Utility\ScalarManager.cs Assets\Scripts\Stage\StageDataSO.cs Assets\Scripts\Utility\SpriteAnimation\AnimationSpriteClipAsset.cs Assets\Scripts\Managers\GameStateManagerMB.cs Assets\Scripts\Utility\BoolStore.cs "Assets\RealToon\RealToon Tools\FrameByFrameRendering\FrameByFrameRendering_Manual.cs" "Assets\RealToon\RealToon Tools\ShadowTSDFModeHelper.cs" "Assets\RealToon\RealToon Tools\CustomShadowResolution.cs" Assets\Scripts\Utility\ValueStore\ValueStoreService.cs "Assets\RealToon\RealToon Tools\SmearEffectHelper.cs" Assets\Scripts\Utility\Wiring\WiringAction.cs Assets\Scripts\Base\Entity\EntityMB.cs Assets\Scripts\Gimmick\MovingPlatform\MovingPlatformMB.cs Assets\Scripts\Utility\ValueStore\EntityValueStore.cs Assets\TutorialInfo\Scripts\Readme.cs "Assets\RealToon\RealToon Tools\PerspectiveAdjustmentController.cs" "Assets\RealToon\RealToon Tools\SmoothObjectNormalHelper.cs" Assets\Scripts\Entity\Face\FaceExpressionUvSet.cs Assets\Scripts\Base\Kernel\ApplicationKernelMB.cs Assets\Scripts\Item\Bomb\BombMB.cs Assets\Scripts\Utility\StateMachine.cs Assets\Scripts\Utility\ValueStore\ValueKeyDropdownAttribute.cs Assets\Scripts\Player\Data\PlayerItemHandleStateMB.cs Assets\Scripts\Base\Event\EventService.cs Assets\Scripts\Base\Entity\Lifecycle\EntityLifecycleService.cs Assets\Scripts\Base\Entity\Registry\EntityTagRegistry.cs Assets\Scripts\Utility\ValueStore\ValueStoreMB.cs Assets\Scripts\Utility\ValueStore\ValueWatchHandle.cs Assets\Scripts\Base\Event\EventMB.cs Assets\Scripts\Gimmick\Cushion\CushionMB.cs "Assets\RealToon\RealToon Tools\FrameByFrameRendering\FrameByFrameRendering_Default.cs" Assets\Scripts\UI\Effect\UIFadeEffectMB.cs Assets\Scripts\Base\Entity\Registry\ScopedEntityRegistryMB.cs Assets\Scripts\Utility\SpriteAnimation\AnimationSpriteClipSource.cs Assets\Scripts\Base\Entity\Spawner\EntitySpawnerService.cs Assets\Scripts\Camera\IntroCameraPathAuthoring.cs Assets\Scripts\Utility\SpriteAnimation\AnimationSpriteClip.cs Assets\Scripts\Player\Data\PlayerSpawnPointMB.cs Assets\Scripts\Gimmick\Cushion\CushionSurfaceMB.cs Assets\Scripts\Utility\ValueStore\ValueSlot.cs Assets\Scripts\Movement\EntityMoveController.cs Assets\Scripts\Stage\Checkpoint\StageSaveMarkMB.cs Assets\Scripts\Camera\IntroCameraPoint.cs Assets\Scripts\Stage\Checkpoint\StageCheckpointServiceMB.cs Assets\Scripts\Base\Kernel\SceneKernelMB.cs Assets\Scripts\Gimmick\PressurePlate\PressurePlateContracts.cs Assets\Scripts\Utility\ValueStore\ValueKeyReference.cs Assets\Scripts\Player\Data\PlayerMB.cs Assets\Scripts\Player\Movement\PlayerMoveController.cs Assets\Scripts\Base\Kernel\BaseKernel.cs Assets\Scripts\UI\Bomb\UIBombStateMB.cs Assets\Scripts\Base\Entity\Registry\EntityRegistry.cs Assets\Scripts\Base\Entity\Registry\EntityRegistryContracts.cs Assets\Scripts\Base\Entity\Spawner\EntitySpawnContracts.cs Assets\Scripts\Item\Effect\PickupOutlineRegistry.cs Assets\Scripts\Item\Effect\PickupOutlineTargetMB.cs Assets\Scripts\Utility\Wiring\EntityTargetResolver.cs Assets\Scripts\Managers\StageManagerMB.cs Assets\Scripts\Base\Event\EventServiceContracts.cs Assets\Scripts\Gimmick\PressurePlate\PressurePlateMB.cs Assets\Scripts\UI\GameLogic\UIReloadMB.cs "Temp\obj\Assembly-CSharp\.NETStandard,Version=v2.1.AssemblyAttributes.cs" /warnaserror+:NU1605'
         Attempt to open named pipe 'LwQk4S+OmkH5exq9nL_NJiVDwhz5cSn0ngWHIiGr3hY'
         Attempt to connect named pipe 'LwQk4S+OmkH5exq9nL_NJiVDwhz5cSn0ngWHIiGr3hY'
         Named pipe 'LwQk4S+OmkH5exq9nL_NJiVDwhz5cSn0ngWHIiGr3hY' connected
         Begin writing request for Assembly-CSharp (netstandard2.1)
         End writing request for Assembly-CSharp (netstandard2.1)
         Begin reading response for Assembly-CSharp (netstandard2.1)
         End reading response for Assembly-CSharp (netstandard2.1)
         CompilerServer: server - server processed compilation - Assembly-CSharp (netstandard2.1)
       CopyFilesToOutputDirectory:
         "C:\Users\macar\BombCourier\Temp\obj\Assembly-CSharp\Assembly-CSharp.dll" から "C:\Users\macar\BombCourier\Temp\bin\Debug\Assembly-CSharp.dll" へファイルをコピーしています。
         Assembly-CSharp -> C:\Users\macar\BombCourier\Temp\bin\Debug\Assembly-CSharp.dll
         "C:\Users\macar\BombCourier\Temp\obj\Assembly-CSharp\Assembly-CSharp.pdb" から "C:\Users\macar\BombCourier\Temp\bin\Debug\Assembly-CSharp.pdb" へファイルをコピーしています。
     1>プロジェクト "C:\Users\macar\BombCourier\Assembly-CSharp.csproj" (Rebuild ターゲット) のビルドが完了しました。

ビルドに成功しました。
    0 個の警告
    0 エラー

経過時間 00:00:03.01
